06-06 08:07:24.723 I/art     (  279): VMRuntime.preloadDexCaches strings total=282418 before=39296 after=39296
06-06 08:07:24.723 I/art     (  279): VMRuntime.preloadDexCaches types total=23493 before=7835 after=7862
06-06 08:07:24.723 I/art     (  279): VMRuntime.preloadDexCaches fields total=111426 before=40635 after=40849
06-06 08:07:24.723 I/art     (  279): VMRuntime.preloadDexCaches methods total=196896 before=82193 after=82753
06-06 08:07:24.723 I/art     (  279): VMRuntime.preloadDexCaches finished
06-06 08:07:24.732 I/Zygote  (  278): Preloading resources...
06-06 08:07:24.733 I/Zygote  (  279): Preloading resources...
06-06 08:07:24.821 W/Resources(  279): Preloaded drawable resource #0x1080298 (android:drawable/editbox_dropdown_background_dark) that varies with configuration!!
06-06 08:07:24.822 W/Resources(  278): Preloaded drawable resource #0x1080298 (android:drawable/editbox_dropdown_background_dark) that varies with configuration!!
06-06 08:07:24.826 W/Resources(  278): Preloaded drawable resource #0x108030a (android:drawable/ic_clear_disabled) that varies with configuration!!
06-06 08:07:24.826 W/Resources(  279): Preloaded drawable resource #0x108030a (android:drawable/ic_clear_disabled) that varies with configuration!!
06-06 08:07:24.826 W/Resources(  278): Preloaded drawable resource #0x108030f (android:drawable/ic_clear_normal) that varies with configuration!!
06-06 08:07:24.826 W/Resources(  279): Preloaded drawable resource #0x108030f (android:drawable/ic_clear_normal) that varies with configuration!!
06-06 08:07:24.826 W/Resources(  278): Preloaded drawable resource #0x1080344 (android:drawable/ic_go) that varies with configuration!!
06-06 08:07:24.826 W/Resources(  279): Preloaded drawable resource #0x1080344 (android:drawable/ic_go) that varies with configuration!!
06-06 08:07:24.828 W/Resources(  279): Preloaded drawable resource #0x1080038 (android:drawable/ic_menu_close_clear_cancel) that varies with configuration!!
06-06 08:07:24.828 W/Resources(  278): Preloaded drawable resource #0x1080038 (android:drawable/ic_menu_close_clear_cancel) that varies with configuration!!
06-06 08:07:24.829 W/Resources(  279): Preloaded drawable resource #0x1080045 (android:drawable/ic_menu_more) that varies with configuration!!
06-06 08:07:24.832 W/Resources(  278): Preloaded drawable resource #0x1080045 (android:drawable/ic_menu_more) that varies with configuration!!
06-06 08:07:24.835 W/Resources(  278): Preloaded drawable resource #0x10804d2 (android:drawable/menu_background_fill_parent_width) that varies with configuration!!
06-06 08:07:24.836 W/Resources(  279): Preloaded drawable resource #0x10804d2 (android:drawable/menu_background_fill_parent_width) that varies with configuration!!
06-06 08:07:24.851 W/Resources(  279): Preloaded drawable resource #0x1080765 (android:drawable/text_edit_paste_window) that varies with configuration!!
06-06 08:07:24.853 W/Resources(  279): Preloaded drawable resource #0x1080096 (android:drawable/toast_frame) that varies with configuration!!
06-06 08:07:24.853 I/Zygote  (  279): ...preloaded 114 resources in 121ms.
06-06 08:07:24.854 W/Resources(  278): Preloaded drawable resource #0x1080765 (android:drawable/text_edit_paste_window) that varies with configuration!!
06-06 08:07:24.855 W/Resources(  278): Preloaded drawable resource #0x1080096 (android:drawable/toast_frame) that varies with configuration!!
06-06 08:07:24.855 I/Zygote  (  278): ...preloaded 114 resources in 122ms.
06-06 08:07:24.855 I/Zygote  (  279): ...preloaded 41 resources in 1ms.
06-06 08:07:24.855 E/libEGL  (  279): load_driver(/vendor/lib/egl/libGLES_swiftshader.so): dlopen failed: library "/vendor/lib/egl/libGLES_swiftshader.so" not found
06-06 08:07:24.856 I/Zygote  (  278): ...preloaded 41 resources in 1ms.
06-06 08:07:24.856 E/libEGL  (  278): load_driver(/vendor/lib64/egl/libGLES_swiftshader.so): dlopen failed: library "/vendor/lib64/egl/libGLES_swiftshader.so" not found
06-06 08:07:24.868 I/Zygote  (  278): Preloading shared libraries...
06-06 08:07:24.935 I/Zygote  (  278): Uninstalled ICU cache reference pinning...
06-06 08:07:24.938 I/Zygote  (  278): Installed AndroidKeyStoreProvider in 2ms.
06-06 08:07:24.942 I/Zygote  (  278): Warmed up JCA providers in 4ms.
06-06 08:07:24.942 I/art     (  278): Starting a blocking GC Explicit
06-06 08:07:24.945 I/art     (  278): Explicit concurrent mark sweep GC freed 7158(400KB) AllocSpace objects, 0(0B) LOS objects, 39% free, 2MB/4MB, paused 33us total 3.373ms
06-06 08:07:24.945 I/art     (  278): Starting a blocking GC Explicit
06-06 08:07:24.949 I/art     (  278): Explicit concurrent mark sweep GC freed 876(39KB) AllocSpace objects, 0(0B) LOS objects, 39% free, 2MB/3MB, paused 29us total 3.509ms
06-06 08:07:24.962 I/art     (  278): Starting a blocking GC HeapTrim
06-06 08:07:24.965 I/art     (  278): Starting a blocking GC Background
06-06 08:07:24.973 I/main    (  278): type=1400 audit(0.0:234): avc: denied { getattr } for path="/sys/kernel/debug/tracing/trace_marker" dev="tracefs" ino=40 scontext=u:r:zygote:s0 tcontext=u:object_r:debugfs_tracing:s0 tclass=file permissive=1
06-06 08:07:24.973 I/main    (  278): type=1400 audit(0.0:235): avc: denied { getattr } for path="socket:[1979]" dev="sockfs" ino=1979 scontext=u:r:zygote:s0 tcontext=u:r:init:s0 tclass=unix_stream_socket permissive=1
06-06 08:07:24.975 I/Zygote  (  278): System server process 590 has been created
06-06 08:07:24.976 I/Zygote  (  278): Accepting command socket connections
06-06 08:07:25.666 I/Zygote  (  279): Preloading shared libraries...
06-06 08:07:25.673 I/Zygote  (  279): Uninstalled ICU cache reference pinning...
06-06 08:07:25.676 I/Zygote  (  279): Installed AndroidKeyStoreProvider in 2ms.
06-06 08:07:25.680 I/Zygote  (  279): Warmed up JCA providers in 5ms.
06-06 08:07:25.680 I/art     (  279): Starting a blocking GC Explicit
06-06 08:07:25.685 I/art     (  279): Explicit concurrent mark sweep GC freed 8044(441KB) AllocSpace objects, 0(0B) LOS objects, 39% free, 2MB/4MB, paused 43us total 4.281ms
06-06 08:07:25.685 I/art     (  279): Starting a blocking GC Explicit
06-06 08:07:25.689 I/art     (  279): Explicit concurrent mark sweep GC freed 1694(74KB) AllocSpace objects, 0(0B) LOS objects, 39% free, 2MB/3MB, paused 38us total 3.482ms
06-06 08:07:25.697 I/main    (  279): type=1400 audit(0.0:236): avc: denied { accept } for path="/dev/socket/zygote_secondary" scontext=u:r:zygote:s0 tcontext=u:r:init:s0 tclass=unix_stream_socket permissive=1
06-06 08:07:25.697 I/main    (  279): type=1400 audit(0.0:237): avc: denied { getopt } for path="/dev/socket/zygote_secondary" scontext=u:r:zygote:s0 tcontext=u:r:init:s0 tclass=unix_stream_socket permissive=1
06-06 08:07:25.697 I/main    (  279): type=1400 audit(0.0:238): avc: denied { setopt } for path="/dev/socket/zygote_secondary" scontext=u:r:zygote:s0 tcontext=u:r:init:s0 tclass=unix_stream_socket permissive=1
06-06 08:07:25.697 I/Zygote  (  279): Accepting command socket connections
06-06 08:07:25.709 I/main    (  279): type=1400 audit(0.0:239): avc: denied { read } for path="/dev/socket/zygote_secondary" scontext=u:r:zygote:s0 tcontext=u:r:init:s0 tclass=unix_stream_socket permissive=1
06-06 08:07:25.709 I/main    (  279): type=1400 audit(0.0:240): avc: denied { write } for path="/dev/socket/zygote_secondary" scontext=u:r:zygote:s0 tcontext=u:r:init:s0 tclass=unix_stream_socket permissive=1
06-06 08:07:25.709 I/main    (  590): type=1400 audit(0.0:241): avc: denied { sendto } for path="/dev/socket/logdw" scontext=u:r:system_server:s0 tcontext=u:r:init:s0 tclass=unix_dgram_socket permissive=1
06-06 08:07:25.709 I/installd(  284): type=1400 audit(0.0:242): avc: denied { sendto } for path="/dev/socket/logdw" scontext=u:r:installd:s0 tcontext=u:r:init:s0 tclass=unix_dgram_socket permissive=1
06-06 08:07:25.709 I/installd(  284): type=1400 audit(0.0:243): avc: denied { read } for path="socket:[9279]" dev="sockfs" ino=9279 scontext=u:r:installd:s0 tcontext=u:r:init:s0 tclass=unix_stream_socket permissive=1
06-06 08:07:25.709 I/installd(  284): type=1400 audit(0.0:244): avc: denied { write } for path="socket:[9279]" dev="sockfs" ino=9279 scontext=u:r:installd:s0 tcontext=u:r:init:s0 tclass=unix_stream_socket permissive=1
06-06 08:07:25.722 I/Zygote  (  590): Process: zygote socket opened, supported ABIS: x86
06-06 08:07:25.723 I/InstallerConnection(  590): connecting...
06-06 08:07:25.723 I/        (  284): new connection
06-06 08:07:25.865 I/installd(  284): type=1400 audit(0.0:245): avc: denied { accept } for path="/dev/socket/installd" scontext=u:r:installd:s0 tcontext=u:r:init:s0 tclass=unix_stream_socket permissive=1
06-06 08:07:25.867 I/InstallerConnection(  590): disconnecting...
06-06 08:07:25.867 E/        (  284): eof
06-06 08:07:25.867 E/        (  284): failed to read size
06-06 08:07:25.867 I/        (  284): closing connection
06-06 08:07:26.255 I/SystemServer(  590): Entered the Android system server!
06-06 08:07:26.895 I/SystemServiceManager(  590): Starting com.android.server.pm.Installer
06-06 08:07:26.949 I/Installer(  590): Waiting for installd to be ready.
06-06 08:07:26.949 I/InstallerConnection(  590): connecting...
06-06 08:07:26.949 I/        (  284): new connection
06-06 08:07:26.949 I/SystemServiceManager(  590): Starting com.android.server.am.ActivityManagerService$Lifecycle
06-06 08:07:27.054 I/ActivityManager(  590): Memory class: 192
06-06 08:07:27.056 I/ServiceThread(  590): Enabled StrictMode logging for ActivityManager looper.
06-06 08:07:27.057 I/ServiceThread(  590): Enabled StrictMode logging for android.ui looper.
06-06 08:07:27.180 I/IntentFirewall(  590): Read new rules (A:0 B:0 S:0)
06-06 08:07:27.186 I/ServiceThread(  590): Enabled StrictMode logging for android.display looper.
06-06 08:07:27.228 I/SystemServiceManager(  590): Starting com.android.server.power.PowerManagerService
06-06 08:07:27.229 I/ServiceThread(  590): Enabled StrictMode logging for PowerManagerService looper.
06-06 08:07:27.230 W/libsuspend(  590): Error writing 'on' to /sys/power/state: Function not implemented
06-06 08:07:27.230 I/libsuspend(  590): Selected autosleep
06-06 08:07:27.232 I/SystemServiceManager(  590): Starting com.android.server.lights.LightsService
06-06 08:07:27.235 I/SystemServiceManager(  590): Starting com.android.server.display.DisplayManagerService
06-06 08:07:27.276 I/SystemServiceManager(  590): Starting phase 100
06-06 08:07:27.345 I/surfaceflinger(  277): type=1400 audit(0.0:246): avc: denied { sendto } for path="/dev/socket/logdw" scontext=u:r:surfaceflinger:s0 tcontext=u:r:init:s0 tclass=unix_dgram_socket permissive=1
06-06 08:07:27.347 I/DisplayManagerService(  590): Display device added: DisplayDeviceInfo{"Built-in Screen": uniqueId="local:0", 600 x 1024, modeId 1, defaultModeId 1, supportedModes [{id=1, width=600, height=1024, fps=60.000004}], colorTransformId 1, defaultColorTransformId 1, supportedColorTransforms [{id=1, colorTransform=0}], HdrCapabilities android.view.Display$HdrCapabilities@bff7410, density 160, 160.0 x 160.0 dpi, appVsyncOff 0, presDeadline 17666666, touch INTERNAL, rotation 0, type BUILT_IN, state UNKNOWN, FLAG_DEFAULT_DISPLAY, FLAG_ROTATES_WITH_CONTENT, FLAG_SECURE, FLAG_SUPPORTS_PROTECTED_BUFFERS}
06-06 08:07:27.357 I/DisplayManagerService(  590): Display device changed state: "Built-in Screen", ON
06-06 08:07:27.357 I/SystemServer(  590): StartPackageManagerService
06-06 08:07:27.477 W/SystemConfig(  590): No directory /system/etc/sysconfig, skipping
06-06 08:07:27.636 E/art     (  590): DexFile_getDexOptNeeded file '/system/framework/org.apache.http.legacy.jar' does not exist
06-06 08:07:27.637 W/PackageManager(  590): Library not found: /system/framework/org.apache.http.legacy.jar
06-06 08:07:27.674 E/art     (  590): DexFile_getDexOptNeeded file '/system/framework/org.apache.http.legacy.jar' does not exist
06-06 08:07:27.674 W/PackageManager(  590): Library not found: /system/framework/org.apache.http.legacy.jar
06-06 08:07:27.686 W/PackageManager(  590): Failed to parse /system/framework/oat: Missing base APK in /system/framework/oat
06-06 08:07:27.686 W/PackageManager(  590): Failed to parse /system/framework/x86: Missing base APK in /system/framework/x86
06-06 08:07:27.687 W/PackageManager(  590): Failed to parse /system/framework/x86_64: Missing base APK in /system/framework/x86_64
06-06 08:07:28.109 W/PackageParser(  590): No actions in intent filter at /system/priv-app/Contacts/Contacts.apk Binary XML file line #403
06-06 08:07:28.294 W/PackageParser(  590): No actions in intent filter at /system/priv-app/Dialer/Dialer.apk Binary XML file line #185
06-06 08:07:28.309 W/PackageManager(  590): Permission android.permission.DOWNLOAD_WITHOUT_NOTIFICATION from package com.android.providers.downloads in an unknown group android.permission-group.NETWORK
06-06 08:07:28.543 W/PackageManager(  590): Permission com.android.launcher.permission.INSTALL_SHORTCUT from package com.android.launcher3 in an unknown group android.permission-group.SYSTEM_TOOLS
06-06 08:07:28.543 W/PackageManager(  590): Permission com.android.launcher3.permission.READ_SETTINGS from package com.android.launcher3 in an unknown group android.permission-group.SYSTEM_TOOLS
06-06 08:07:28.543 W/PackageManager(  590): Permission com.android.launcher3.permission.WRITE_SETTINGS from package com.android.launcher3 in an unknown group android.permission-group.SYSTEM_TOOLS
06-06 08:07:28.877 W/PackageParser(  590): Ignoring duplicate uses-permissions/uses-permissions-sdk-m: android.permission.USE_CREDENTIALS in package: com.android.settings at: Binary XML file line #53
06-06 08:07:28.877 W/PackageParser(  590): Ignoring duplicate uses-permissions/uses-permissions-sdk-m: android.permission.READ_SYNC_SETTINGS in package: com.android.settings at: Binary XML file line #58
06-06 08:07:28.877 W/PackageParser(  590): Ignoring duplicate uses-permissions/uses-permissions-sdk-m: android.permission.WRITE_SYNC_SETTINGS in package: com.android.settings at: Binary XML file line #59
06-06 08:07:28.891 W/PackageParser(  590): Ignoring duplicate uses-permissions/uses-permissions-sdk-m: android.permission.INSTALL_GRANT_RUNTIME_PERMISSIONS in package: com.android.shell at: Binary XML file line #102
06-06 08:07:28.985 W/PackageParser(  590): Ignoring duplicate uses-permissions/uses-permissions-sdk-m: android.permission.CONFIGURE_WIFI_DISPLAY in package: com.android.systemui at: Binary XML file line #123
06-06 08:07:29.424 W/PackageParser(  590): Ignoring duplicate uses-permissions/uses-permissions-sdk-m: android.permission.READ_CONTACTS in package: com.android.bluetooth at: Binary XML file line #61
06-06 08:07:29.425 W/PackageParser(  590): No actions in intent filter at /system/app/Bluetooth/Bluetooth.apk Binary XML file line #222
06-06 08:07:29.505 W/PackageManager(  590): Non-privileged app; cap priority to 0; package: com.android.calendar activity: com.android.calendar.GoogleCalendarUriIntentFilter origPrio: 50
06-06 08:07:29.719 W/PackageManager(  590): Non-privileged app; cap priority to 0; package: com.android.cts.ctsshim activity: com.android.cts.ctsshim.InstallPriority origPrio: 100
06-06 08:07:29.719 W/PackageManager(  590): Non-privileged app; cap priority to 0; package: com.android.cts.ctsshim activity: com.android.cts.ctsshim.InstallPriority origPrio: 100
06-06 08:07:29.719 W/PackageManager(  590): Non-privileged app; cap priority to 0; package: com.android.cts.ctsshim activity: com.android.cts.ctsshim.InstallPriority origPrio: 100
06-06 08:07:29.719 W/PackageManager(  590): Non-privileged app; cap priority to 0; package: com.android.cts.ctsshim activity: com.android.cts.ctsshim.InstallPriority origPrio: 100
06-06 08:07:29.719 W/PackageManager(  590): Non-privileged app; cap priority to 0; package: com.android.cts.ctsshim activity: com.android.cts.ctsshim.InstallPriority origPrio: 100
06-06 08:07:29.925 W/PackageParser(  590): Ignoring duplicate uses-permissions/uses-permissions-sdk-m: android.permission.WRITE_CONTACTS in package: com.android.email at: Binary XML file line #40
06-06 08:07:30.019 W/PackageParser(  590): Unknown element under <application>: permission at /system/app/Gallery2/Gallery2.apk Binary XML file line #238
06-06 08:07:30.019 W/PackageParser(  590): Unknown element under <application>: permission at /system/app/Gallery2/Gallery2.apk Binary XML file line #241
06-06 08:07:30.646 W/PackageParser(  590): No actions in intent filter at /data/app/ApiDemos/ApiDemos.apk Binary XML file line #3144
06-06 08:07:30.646 W/PackageParser(  590): No actions in intent filter at /data/app/ApiDemos/ApiDemos.apk Binary XML file line #3150
06-06 08:07:30.646 W/PackageManager(  590): Package com.example.android.apis desires unavailable shared library com.example.will.never.exist; ignoring!
06-06 08:07:30.647 I/SELinux (  590): SELinux: Loaded file_contexts contexts from /file_contexts.bin.
06-06 08:07:30.687 W/PackageManager(  590): Protected action; cap priority to 0; package: com.android.cts.priv.ctsshim activity: com.android.cts.priv.ctsshim.InstallPriority origPrio: 100
06-06 08:07:30.687 W/PackageManager(  590): Protected action; cap priority to 0; package: com.android.cts.priv.ctsshim activity: com.android.cts.priv.ctsshim.InstallPriority origPrio: 100
06-06 08:07:30.687 W/PackageManager(  590): Protected action; cap priority to 0; package: com.android.cts.priv.ctsshim activity: com.android.cts.priv.ctsshim.InstallPriority origPrio: 100
06-06 08:07:30.687 W/PackageManager(  590): Protected action; cap priority to 0; package: com.android.cts.priv.ctsshim activity: com.android.cts.priv.ctsshim.InstallPriority origPrio: 100
06-06 08:07:30.687 W/PackageManager(  590): Protected action; cap priority to 0; package: com.android.packageinstaller activity: com.android.packageinstaller.PackageInstallerActivity origPrio: 1
06-06 08:07:30.687 W/PackageManager(  590): Package com.android.gallery3d desires unavailable shared library com.google.android.media.effects; ignoring!
06-06 08:07:30.687 W/PackageManager(  590): Package com.android.gallery3d desires unavailable shared library com.google.android.media.effects; ignoring!
06-06 08:07:30.687 W/PackageManager(  590): Package com.example.android.apis desires unavailable shared library com.example.will.never.exist; ignoring!
06-06 08:07:30.687 I/PackageManager(  590): Adjusting ABI for com.genymotion.systempatcher to x86_64 (requirer=com.genymobile.webrtcd, scannedPackage=null)
06-06 08:07:30.687 I/PackageManager(  590): Adjusting ABI for com.android.settings to x86_64 (requirer=com.genymobile.webrtcd, scannedPackage=null)
06-06 08:07:30.687 I/PackageManager(  590): Adjusting ABI for com.genymotion.genyd to x86_64 (requirer=com.genymobile.webrtcd, scannedPackage=null)
06-06 08:07:30.687 I/PackageManager(  590): Adjusting ABI for com.android.location.fused to x86_64 (requirer=com.genymobile.webrtcd, scannedPackage=null)
06-06 08:07:30.687 I/PackageManager(  590): Adjusting ABI for com.android.keychain to x86_64 (requirer=com.genymobile.webrtcd, scannedPackage=null)
06-06 08:07:30.687 I/PackageManager(  590): Adjusting ABI for com.android.server.telecom to x86_64 (requirer=com.genymobile.webrtcd, scannedPackage=null)
06-06 08:07:30.687 I/PackageManager(  590): Adjusting ABI for com.android.inputdevices to x86_64 (requirer=com.genymobile.webrtcd, scannedPackage=null)
06-06 08:07:30.688 I/PackageManager(  590): Adjusting ABI for com.genymobile.genymotionacme to x86_64 (requirer=com.genymobile.webrtcd, scannedPackage=null)
06-06 08:07:30.688 I/PackageManager(  590): Adjusting ABI for com.android.providers.settings to x86_64 (requirer=com.genymobile.webrtcd, scannedPackage=null)
06-06 08:07:30.688 I/PackageManager(  590): Adjusting ABI for com.genymotion.superuser to x86_64 (requirer=com.genymobile.webrtcd, scannedPackage=null)
06-06 08:07:30.688 I/PackageManager(  590): Adjusting ABI for com.android.wallpaperbackup to x86_64 (requirer=com.genymobile.webrtcd, scannedPackage=null)
06-06 08:07:30.688 I/PackageManager(  590): Time to scan packages: 3.059 seconds
06-06 08:07:30.688 W/PackageManager(  590): Unknown permission com.google.android.googleapps.permission.GOOGLE_AUTH in package com.android.providers.calendar
06-06 08:07:30.688 W/PackageManager(  590): Unknown permission com.google.android.googleapps.permission.GOOGLE_AUTH.cl in package com.android.providers.calendar
06-06 08:07:30.688 W/PackageManager(  590): Not granting permission android.permission.GLOBAL_SEARCH to package com.android.quicksearchbox (protectionLevel=18 flags=0x3808be45)
06-06 08:07:30.688 W/PackageManager(  590): Not granting permission android.permission.WRITE_EXTERNAL_STORAGE to package gov.nasa.arc.astrobee.android.gs.manager because it was previously installed without
06-06 08:07:30.688 W/PackageManager(  590): Not granting permission android.permission.READ_EXTERNAL_STORAGE to package gov.nasa.arc.astrobee.android.gs.manager because it was previously installed without
06-06 08:07:30.688 W/PackageManager(  590): Not granting permission android.permission.BIND_WALLPAPER to package com.android.camera2 (protectionLevel=18 flags=0x3058bc45)
06-06 08:07:30.688 W/PackageManager(  590): Unknown permission com.android.launcher.permission.READ_SETTINGS in package com.android.launcher3
06-06 08:07:30.688 W/PackageManager(  590): Unknown permission com.android.launcher.permission.WRITE_SETTINGS in package com.android.launcher3
06-06 08:07:30.689 W/PackageManager(  590): Unknown permission com.google.android.googleapps.permission.GOOGLE_AUTH.mail in package com.android.calendar
06-06 08:07:30.689 W/PackageManager(  590): Unknown permission com.android.launcher.permission.READ_SETTINGS in package com.android.onetimeinitializer
06-06 08:07:30.689 W/PackageManager(  590): Unknown permission com.android.launcher.permission.WRITE_SETTINGS in package com.android.onetimeinitializer
06-06 08:07:30.689 W/PackageManager(  590): Unknown permission com.google.android.permission.INSTALL_WEARABLE_PACKAGES in package com.android.packageinstaller
06-06 08:07:30.689 W/PackageManager(  590): Not granting permission android.permission.DELETE_PACKAGES to package com.svox.pico (protectionLevel=18 flags=0x3808be45)
06-06 08:07:30.689 W/PackageManager(  590): Not granting permission android.permission.READ_CONTACTS to package com.example.android.apis because it was previously installed without
06-06 08:07:30.689 W/PackageManager(  590): Not granting permission android.permission.WRITE_CONTACTS to package com.example.android.apis because it was previously installed without
06-06 08:07:30.689 W/PackageManager(  590): Not granting permission android.permission.ACCESS_COARSE_LOCATION to package com.example.android.apis because it was previously installed without
06-06 08:07:30.689 W/PackageManager(  590): Not granting permission android.permission.WRITE_EXTERNAL_STORAGE to package com.example.android.apis because it was previously installed without
06-06 08:07:30.689 W/PackageManager(  590): Not granting permission android.permission.SEND_SMS to package com.example.android.apis because it was previously installed without
06-06 08:07:30.689 W/PackageManager(  590): Not granting permission android.permission.RECEIVE_SMS to package com.example.android.apis because it was previously installed without
06-06 08:07:30.689 W/PackageManager(  590): Not granting permission android.permission.RECEIVE_MMS to package com.example.android.apis because it was previously installed without
06-06 08:07:30.689 W/PackageManager(  590): Not granting permission android.permission.READ_SMS to package com.example.android.apis because it was previously installed without
06-06 08:07:30.689 W/PackageManager(  590): Not granting permission android.permission.READ_PHONE_STATE to package com.example.android.apis because it was previously installed without
06-06 08:07:30.689 W/PackageManager(  590): Not granting permission android.permission.RECORD_AUDIO to package com.example.android.apis because it was previously installed without
06-06 08:07:30.689 W/PackageManager(  590): Not granting permission android.permission.CAMERA to package com.example.android.apis because it was previously installed without
06-06 08:07:30.689 W/PackageManager(  590): Not granting permission android.permission.READ_EXTERNAL_STORAGE to package com.example.android.apis because it was previously installed without
06-06 08:07:30.689 W/PackageManager(  590): Unknown permission android.permission.RUN_INSTRUMENTATION in package org.chromium.webview_shell
06-06 08:07:30.689 W/PackageManager(  590): Unknown permission com.google.android.gallery3d.permission.PICASA_STORE in package com.android.dreams.phototable
06-06 08:07:30.689 W/PackageManager(  590): Unknown permission com.google.android.googleapps.permission.GOOGLE_AUTH in package com.android.settings
06-06 08:07:30.689 W/PackageManager(  590): Unknown permission com.android.launcher.permission.READ_SETTINGS in package com.android.settings
06-06 08:07:30.689 W/PackageManager(  590): Unknown permission com.android.launcher.permission.WRITE_SETTINGS in package com.android.settings
06-06 08:07:30.689 W/PackageManager(  590): Unknown permission com.google.android.gallery3d.permission.GALLERY_PROVIDER in package com.android.bluetooth
06-06 08:07:30.689 W/PackageManager(  590): Unknown permission com.google.android.googleapps.permission.ACCESS_GOOGLE_PASSWORD in package com.android.development
06-06 08:07:30.689 W/PackageManager(  590): Unknown permission com.google.android.googleapps.permission.GOOGLE_AUTH in package com.android.development
06-06 08:07:30.689 W/PackageManager(  590): Unknown permission com.google.android.googleapps.permission.GOOGLE_AUTH.ALL_SERVICES in package com.android.development
06-06 08:07:30.689 W/PackageManager(  590): Unknown permission com.google.android.googleapps.permission.GOOGLE_AUTH.YouTubeUser in package com.android.development
06-06 08:07:30.796 E/PackageManager(  590): There should probably be exactly one verifier; found []
06-06 08:07:30.811 I/art     (  590): Starting a blocking GC Explicit
06-06 08:07:30.821 I/art     (  590): Explicit concurrent mark sweep GC freed 6276(496KB) AllocSpace objects, 3(60KB) LOS objects, 33% free, 3MB/5MB, paused 71us total 10.589ms
06-06 08:07:30.823 I/SystemServer(  590): StartOtaDexOptService
06-06 08:07:30.828 I/SystemServer(  590): StartUserManagerService
06-06 08:07:30.828 I/SystemServiceManager(  590): Starting com.android.server.pm.UserManagerService$LifeCycle
06-06 08:07:30.829 I/lmkd    (  265): type=1400 audit(0.0:247): avc: denied { accept } for path="/dev/socket/lmkd" scontext=u:r:lmkd:s0 tcontext=u:r:init:s0 tclass=unix_stream_socket permissive=1
06-06 08:07:30.829 I/lmkd    (  265): type=1400 audit(0.0:248): avc: denied { sendto } for path="/dev/socket/logdw" scontext=u:r:lmkd:s0 tcontext=u:r:init:s0 tclass=unix_dgram_socket permissive=1
06-06 08:07:30.829 I/lmkd    (  265): type=1400 audit(0.0:249): avc: denied { read } for path="socket:[12776]" dev="sockfs" ino=12776 scontext=u:r:lmkd:s0 tcontext=u:r:init:s0 tclass=unix_stream_socket permissive=1
06-06 08:07:30.829 I/netd    (  563): type=1400 audit(0.0:250): avc: denied { accept } for path="/dev/socket/fwmarkd" scontext=u:r:netd:s0 tcontext=u:r:init:s0 tclass=unix_stream_socket permissive=1
06-06 08:07:30.829 I/netd    (  563): type=1400 audit(0.0:251): avc: denied { getopt } for path="/dev/socket/fwmarkd" scontext=u:r:netd:s0 tcontext=u:r:init:s0 tclass=unix_stream_socket permissive=1
06-06 08:07:30.829 I/netd    (  563): type=1400 audit(0.0:252): avc: denied { read } for path="/dev/socket/fwmarkd" scontext=u:r:netd:s0 tcontext=u:r:init:s0 tclass=unix_stream_socket permissive=1
06-06 08:07:30.829 I/netd    (  563): type=1400 audit(0.0:253): avc: denied { write } for path="socket:[12255]" dev="sockfs" ino=12255 scontext=u:r:netd:s0 tcontext=u:r:init:s0 tclass=unix_stream_socket permissive=1
06-06 08:07:30.832 I/lowmemorykiller(  265): ActivityManager connected
06-06 08:07:30.835 I/Sensors (  590): Redis connect
06-06 08:07:30.836 E/        (  590): Reporting Mode incorrect: sensor Genymotion Pressure handle=0x00000006 type=6 actual=1 expected=0
06-06 08:07:30.845 I/system_server(  590): type=1400 audit(0.0:254): avc: denied { call } for scontext=u:r:system_server:s0 tcontext=u:r:init:s0 tclass=binder permissive=1
06-06 08:07:30.845 I/system_server(  590): type=1400 audit(0.0:255): avc: denied { transfer } for scontext=u:r:system_server:s0 tcontext=u:r:init:s0 tclass=binder permissive=1
06-06 08:07:30.845 I/healthd (  292): type=1400 audit(0.0:256): avc: denied { call } for scontext=u:r:init:s0 tcontext=u:r:system_server:s0 tclass=binder permissive=1
06-06 08:07:30.846 I/SystemServiceManager(  590): Starting com.android.server.BatteryService
06-06 08:07:30.847 I/Sensors (  590): Redis read thread
06-06 08:07:30.847 I/Sensors (  590): Redis read wait
06-06 08:07:30.847 W/Sensors (  590): message not properly formated
06-06 08:07:30.849 I/SystemServiceManager(  590): Starting com.android.server.usage.UsageStatsService
06-06 08:07:30.855 I/SystemServiceManager(  590): Starting com.android.server.webkit.WebViewUpdateService
06-06 08:07:30.859 I/SystemServer(  590): Reading configuration...
06-06 08:07:30.859 I/SystemServer(  590): StartSchedulingPolicyService
06-06 08:07:30.859 I/SystemServiceManager(  590): Starting com.android.server.telecom.TelecomLoaderService
06-06 08:07:30.860 I/SystemServer(  590): StartTelephonyRegistry
06-06 08:07:30.861 I/SystemServer(  590): StartEntropyMixer
06-06 08:07:30.862 I/EntropyMixer(  590): Writing entropy...
06-06 08:07:30.867 I/SystemServer(  590): Camera Service
06-06 08:07:30.867 I/SystemServiceManager(  590): Starting com.android.server.camera.CameraService
06-06 08:07:30.868 I/ServiceThread(  590): Enabled StrictMode logging for CameraService_proxy looper.
06-06 08:07:30.868 I/SystemServer(  590): StartAccountManagerService
06-06 08:07:30.869 I/SystemServiceManager(  590): Starting com.android.server.accounts.AccountManagerService$Lifecycle
06-06 08:07:30.871 I/SystemServer(  590): StartContentService
06-06 08:07:30.871 I/SystemServiceManager(  590): Starting com.android.server.content.ContentService$Lifecycle
06-06 08:07:30.873 I/SystemServer(  590): InstallSystemProviders
06-06 08:07:30.877 W/System  (  590): ClassLoader referenced unknown path: /system/priv-app/SettingsProvider/lib/x86_64
06-06 08:07:30.958 I/SystemServer(  590): StartVibratorService
06-06 08:07:30.959 E/        (  590): Vibrator file does not exist : -1
06-06 08:07:30.959 E/        (  590): Vibrator device does not exist. Cannot start vibrator
06-06 08:07:30.959 W/VibratorService(  590): Tried to stop vibrating but there is no vibrator device.
06-06 08:07:30.960 I/SystemServer(  590): StartConsumerIrService
06-06 08:07:30.960 E/ConsumerIrService(  590): Can't open consumer IR HW Module, error: -2
06-06 08:07:30.960 I/SystemServer(  590): StartAlarmManagerService
06-06 08:07:30.960 I/SystemServiceManager(  590): Starting com.android.server.AlarmManagerService
06-06 08:07:30.960 W/AlarmManagerService(  590): no wall clock RTC found
06-06 08:07:30.961 I/SystemServer(  590): InitWatchdog
06-06 08:07:30.962 I/SystemServer(  590): StartInputManagerService
06-06 08:07:30.962 I/InputManager(  590): Initializing input manager, mUseDevInputEventForAudioJack=false
06-06 08:07:30.963 I/SystemServer(  590): StartWindowManagerService
06-06 08:07:31.164 I/WindowManager(  590): No existing display settings /data/system/display_settings.xml; starting empty
06-06 08:07:31.176 I/SystemServer(  590): StartVrManagerService
06-06 08:07:31.176 I/SystemServiceManager(  590): Starting com.android.server.vr.VrManagerService
06-06 08:07:31.177 W/VrManagerService(  590): init_native: Could not open VR hardware module, error No such file or directory (-2).
06-06 08:07:31.178 I/VrManagerService(  590): No VR packages found, disabling VR components
06-06 08:07:31.180 I/InputManager(  590): Starting input manager
06-06 08:07:31.181 I/SystemServer(  590): No Bluetooth Service (emulator)
06-06 08:07:31.181 I/SystemServer(  590): ConnectivityMetricsLoggerService
06-06 08:07:31.181 I/SystemServiceManager(  590): Starting com.android.server.connectivity.MetricsLoggerService
06-06 08:07:31.183 I/SystemServer(  590): PinnerService
06-06 08:07:31.183 I/SystemServiceManager(  590): Starting com.android.server.PinnerService
06-06 08:07:31.183 E/PinnerService(  590): Starting PinnerService
06-06 08:07:31.183 W/EventHub(  590): Unable to disable kernel key repeat for /dev/input/event1: Function not implemented
06-06 08:07:31.183 I/EventHub(  590): New device: id=1, fd=96, path='/dev/input/event1', name='Sleep Button', classes=0x1, configuration='', keyLayout='/system/usr/keylayout/Generic.kl', keyCharacterMap='/system/usr/keychars/Generic.kcm', builtinKeyboard=false, wakeMechanism=EPOLLWAKEUP, usingClockIoctl=true
06-06 08:07:31.184 W/EventHub(  590): Unable to disable kernel key repeat for /dev/input/event0: Function not implemented
06-06 08:07:31.184 I/EventHub(  590): New device: id=2, fd=97, path='/dev/input/event0', name='Power Button', classes=0x1, configuration='', keyLayout='/system/usr/keylayout/Generic.kl', keyCharacterMap='/system/usr/keychars/Generic.kcm', builtinKeyboard=false, wakeMechanism=EPOLLWAKEUP, usingClockIoctl=true
06-06 08:07:31.184 I/SystemServiceManager(  590): Starting com.android.server.InputMethodManagerService$Lifecycle
06-06 08:07:31.186 I/EventHub(  590): New device: id=3, fd=98, path='/dev/input/event2', name='AT Translated Set 2 keyboard', classes=0x3, configuration='', keyLayout='/system/usr/keylayout/AT_Translated_Set_2_keyboard.kl', keyCharacterMap='/system/usr/keychars/Generic.kcm', builtinKeyboard=false, wakeMechanism=EPOLLWAKEUP, usingClockIoctl=true
06-06 08:07:31.186 E/EventHub(  590): could not get driver version for /dev/input/mice, Not a typewriter
06-06 08:07:31.217 I/EventHub(  590): ignoring event id /dev/input/event3 driver ImExPS/2 Generic Explorer Mouse
06-06 08:07:31.245 E/EventHub(  590): could not get driver version for /dev/input/mouse0, Not a typewriter
06-06 08:07:31.270 I/SystemServer(  590): StartAccessibilityManagerService
06-06 08:07:31.273 I/ActivityManager(  590): Config changes=1df8 {1.0 ?mcc?mnc [en_US] ldltr sw600dp w600dp h1024dp 160dpi lrg long port ?uimode ?night -touch -keyb/v/h -nav/h s.2}
06-06 08:07:31.274 I/ActivityManager(  590): Config changes=500 {1.0 ?mcc?mnc [en_US] ldltr sw600dp w600dp h952dp 160dpi lrg port ?uimode ?night -touch -keyb/v/h -nav/h s.3}
06-06 08:07:31.275 I/UsageStatsService(  590): User[0] Rollover scheduled @ 2024-06-07 08:07:31(1717762051273)
06-06 08:07:31.276 E/AppIdleHistory(  590): Unable to read app idle file for user 0
06-06 08:07:31.278 I/InputReader(  590): Device added: id=-1, name='Virtual', sources=0x00000301
06-06 08:07:31.279 I/InputReader(  590): Device added: id=3, name='AT Translated Set 2 keyboard', sources=0x00000101
06-06 08:07:31.279 I/InputReader(  590): Device added: id=2, name='Power Button', sources=0x00000101
06-06 08:07:31.279 I/InputReader(  590): Device added: id=1, name='Sleep Button', sources=0x00000101
06-06 08:07:31.299 I/SystemServiceManager(  590): Starting com.android.server.MountService$Lifecycle
06-06 08:07:31.299 I/ActivityManager(  590): Config changes=30 {1.0 ?mcc?mnc [en_US] ldltr sw600dp w600dp h952dp 160dpi lrg port ?uimode ?night -touch qwerty/v/v -nav/h s.4}
06-06 08:07:31.301 I/vold    (  127): type=1400 audit(0.0:257): avc: denied { accept } for path="/dev/socket/vold" scontext=u:r:vold:s0 tcontext=u:r:init:s0 tclass=unix_stream_socket permissive=1
06-06 08:07:31.301 I/vold    (  127): type=1400 audit(0.0:258): avc: denied { getopt } for path="/dev/socket/vold" scontext=u:r:vold:s0 tcontext=u:r:init:s0 tclass=unix_stream_socket permissive=1
06-06 08:07:31.301 I/InputReader(  590): Reconfiguring input devices.  changes=0x00000004
06-06 08:07:31.304 I/SystemServiceManager(  590): Starting com.android.server.UiModeManagerService
06-06 08:07:31.305 I/ActivityManager(  590): Config changes=200 {1.0 ?mcc?mnc [en_US] ldltr sw600dp w600dp h952dp 160dpi lrg port -touch qwerty/v/v -nav/h s.5}
06-06 08:07:31.325 W/PackageManager(  590): No disk maintenance in 70960897325; running immediately
06-06 08:07:31.326 I/SystemServer(  590): StartLockSettingsService
06-06 08:07:31.326 I/SystemServiceManager(  590): Starting com.android.server.LockSettingsService$Lifecycle
06-06 08:07:31.341 I/vold    (  128): type=1400 audit(0.0:259): avc: denied { read } for path="socket:[13344]" dev="sockfs" ino=13344 scontext=u:r:vold:s0 tcontext=u:r:init:s0 tclass=unix_stream_socket permissive=1
06-06 08:07:31.341 I/vold    (  128): type=1400 audit(0.0:260): avc: denied { write } for path="socket:[13344]" dev="sockfs" ino=13344 scontext=u:r:vold:s0 tcontext=u:r:init:s0 tclass=unix_stream_socket permissive=1
06-06 08:07:31.364 W/MountService(  590): No primary storage mounted!
06-06 08:07:31.365 I/SystemServiceManager(  590): Starting com.android.server.DeviceIdleController
06-06 08:07:31.366 I/SystemServiceManager(  590): Starting com.android.server.devicepolicy.DevicePolicyManagerService$Lifecycle
06-06 08:07:31.386 I/PackageManager(  590): No secure containers found
06-06 08:07:31.386 W/PackageManager(  590): Unknown permission com.google.android.googleapps.permission.GOOGLE_AUTH in package com.android.providers.calendar
06-06 08:07:31.386 W/PackageManager(  590): Unknown permission com.google.android.googleapps.permission.GOOGLE_AUTH.cl in package com.android.providers.calendar
06-06 08:07:31.386 W/PackageManager(  590): Not granting permission android.permission.GLOBAL_SEARCH to package com.android.quicksearchbox (protectionLevel=18 flags=0x3888be45)
06-06 08:07:31.386 W/PackageManager(  590): Not granting permission android.permission.WRITE_EXTERNAL_STORAGE to package gov.nasa.arc.astrobee.android.gs.manager because it was previously installed without
06-06 08:07:31.386 W/PackageManager(  590): Not granting permission android.permission.READ_EXTERNAL_STORAGE to package gov.nasa.arc.astrobee.android.gs.manager because it was previously installed without
06-06 08:07:31.386 W/PackageManager(  590): Not granting permission android.permission.BIND_WALLPAPER to package com.android.camera2 (protectionLevel=18 flags=0x30d8bc45)
06-06 08:07:31.386 W/PackageManager(  590): Unknown permission com.android.launcher.permission.READ_SETTINGS in package com.android.launcher3
06-06 08:07:31.386 W/PackageManager(  590): Unknown permission com.android.launcher.permission.WRITE_SETTINGS in package com.android.launcher3
06-06 08:07:31.386 W/PackageManager(  590): Unknown permission com.google.android.googleapps.permission.GOOGLE_AUTH.mail in package com.android.calendar
06-06 08:07:31.386 W/PackageManager(  590): Unknown permission com.android.launcher.permission.READ_SETTINGS in package com.android.onetimeinitializer
06-06 08:07:31.386 W/PackageManager(  590): Unknown permission com.android.launcher.permission.WRITE_SETTINGS in package com.android.onetimeinitializer
06-06 08:07:31.386 W/PackageManager(  590): Unknown permission com.google.android.permission.INSTALL_WEARABLE_PACKAGES in package com.android.packageinstaller
06-06 08:07:31.386 W/PackageManager(  590): Not granting permission android.permission.DELETE_PACKAGES to package com.svox.pico (protectionLevel=18 flags=0x3888be45)
06-06 08:07:31.386 W/PackageManager(  590): Not granting permission android.permission.READ_CONTACTS to package com.example.android.apis because it was previously installed without
06-06 08:07:31.386 W/PackageManager(  590): Not granting permission android.permission.WRITE_CONTACTS to package com.example.android.apis because it was previously installed without
06-06 08:07:31.386 W/PackageManager(  590): Not granting permission android.permission.ACCESS_COARSE_LOCATION to package com.example.android.apis because it was previously installed without
06-06 08:07:31.386 W/PackageManager(  590): Not granting permission android.permission.WRITE_EXTERNAL_STORAGE to package com.example.android.apis because it was previously installed without
06-06 08:07:31.386 W/PackageManager(  590): Not granting permission android.permission.SEND_SMS to package com.example.android.apis because it was previously installed without
06-06 08:07:31.386 W/PackageManager(  590): Not granting permission android.permission.RECEIVE_SMS to package com.example.android.apis because it was previously installed without
06-06 08:07:31.386 W/PackageManager(  590): Not granting permission android.permission.RECEIVE_MMS to package com.example.android.apis because it was previously installed without
06-06 08:07:31.386 W/PackageManager(  590): Not granting permission android.permission.READ_SMS to package com.example.android.apis because it was previously installed without
06-06 08:07:31.386 W/PackageManager(  590): Not granting permission android.permission.READ_PHONE_STATE to package com.example.android.apis because it was previously installed without
06-06 08:07:31.386 W/PackageManager(  590): Not granting permission android.permission.RECORD_AUDIO to package com.example.android.apis because it was previously installed without
06-06 08:07:31.386 W/PackageManager(  590): Not granting permission android.permission.CAMERA to package com.example.android.apis because it was previously installed without
06-06 08:07:31.386 W/PackageManager(  590): Not granting permission android.permission.READ_EXTERNAL_STORAGE to package com.example.android.apis because it was previously installed without
06-06 08:07:31.386 W/PackageManager(  590): Unknown permission android.permission.RUN_INSTRUMENTATION in package org.chromium.webview_shell
06-06 08:07:31.386 W/PackageManager(  590): Unknown permission com.google.android.gallery3d.permission.PICASA_STORE in package com.android.dreams.phototable
06-06 08:07:31.386 W/PackageManager(  590): Unknown permission com.google.android.googleapps.permission.GOOGLE_AUTH in package com.android.settings
06-06 08:07:31.386 W/PackageManager(  590): Unknown permission com.android.launcher.permission.READ_SETTINGS in package com.android.settings
06-06 08:07:31.386 W/PackageManager(  590): Unknown permission com.android.launcher.permission.WRITE_SETTINGS in package com.android.settings
06-06 08:07:31.386 W/PackageManager(  590): Unknown permission com.google.android.gallery3d.permission.GALLERY_PROVIDER in package com.android.bluetooth
06-06 08:07:31.387 W/PackageManager(  590): Unknown permission com.google.android.googleapps.permission.ACCESS_GOOGLE_PASSWORD in package com.android.development
06-06 08:07:31.387 W/PackageManager(  590): Unknown permission com.google.android.googleapps.permission.GOOGLE_AUTH in package com.android.development
06-06 08:07:31.387 W/PackageManager(  590): Unknown permission com.google.android.googleapps.permission.GOOGLE_AUTH.ALL_SERVICES in package com.android.development
06-06 08:07:31.387 W/PackageManager(  590): Unknown permission com.google.android.googleapps.permission.GOOGLE_AUTH.YouTubeUser in package com.android.development
06-06 08:07:31.404 I/SystemServer(  590): StartStatusBarManagerService
06-06 08:07:31.404 W/MountService(  590): No primary storage defined yet; hacking together a stub
06-06 08:07:31.404 I/SystemServer(  590): StartClipboardService
06-06 08:07:31.405 I/vold    (  634): type=1400 audit(0.0:261): avc: denied { sendto } for path="/dev/socket/logdw" scontext=u:r:vold:s0 tcontext=u:r:init:s0 tclass=unix_dgram_socket permissive=1
06-06 08:07:31.405 I/SystemServer(  590): StartNetworkManagementService
06-06 08:07:31.405 W/MountService(  590): No primary storage defined yet; hacking together a stub
06-06 08:07:31.405 W/MountService(  590): No primary storage mounted!
06-06 08:07:31.405 I/MountService(  590): Running fstrim idle maintenance
06-06 08:07:31.406 W/vold    (  116): Trim failed on /cache: Operation not supported on transport endpoint
06-06 08:07:31.406 E/VoldConnector(  590): Error handling '662 /cache -1 -1': java.lang.NullPointerException: Attempt to invoke virtual method 'void android.os.DropBoxManager.addText(java.lang.String, java.lang.String)' on a null object reference
06-06 08:07:31.407 W/vold    (  116): Trim failed on /data: Operation not supported on transport endpoint
06-06 08:07:31.413 I/NetworkManagement(  590): onDaemonConnected()
06-06 08:07:31.414 E/VoldConnector(  590): Error handling '662 /data -1 -1': java.lang.NullPointerException: Attempt to invoke virtual method 'void android.os.DropBoxManager.addText(java.lang.String, java.lang.String)' on a null object reference
06-06 08:07:31.430 I/SystemServiceManager(  590): Starting com.android.server.TextServicesManagerService$Lifecycle
06-06 08:07:31.433 I/SystemServer(  590): StartNetworkScoreService
06-06 08:07:31.433 I/SystemServer(  590): StartNetworkStatsService
06-06 08:07:31.438 I/SystemServer(  590): StartNetworkPolicyManagerService
06-06 08:07:31.441 I/SystemServer(  590): No Wi-Fi NAN Service (NAN support Not Present)
06-06 08:07:31.454 I/SystemServiceManager(  590): Starting com.android.server.wifi.p2p.WifiP2pService
06-06 08:07:31.461 I/RenderThread(  637): type=1400 audit(0.0:262): avc: denied { read } for name="fb0" dev="tmpfs" ino=1582 scontext=u:r:system_server:s0 tcontext=u:object_r:graphics_device:s0 tclass=chr_file permissive=1
06-06 08:07:31.461 I/RenderThread(  637): type=1400 audit(0.0:263): avc: denied { open } for path="/dev/graphics/fb0" dev="tmpfs" ino=1582 scontext=u:r:system_server:s0 tcontext=u:object_r:graphics_device:s0 tclass=chr_file permissive=1
06-06 08:07:31.461 I/RenderThread(  637): type=1400 audit(0.0:264): avc: denied { ioctl } for path="/dev/graphics/fb0" dev="tmpfs" ino=1582 ioctlcmd=4600 scontext=u:r:system_server:s0 tcontext=u:object_r:graphics_device:s0 tclass=chr_file permissive=1
06-06 08:07:31.462 I/OpenGLRenderer(  590): Initialized EGL, version 1.4
06-06 08:07:31.497 I/WifiP2pService(  590): Registering wifip2p
06-06 08:07:31.498 I/SystemServiceManager(  590): Starting com.android.server.wifi.WifiService
06-06 08:07:31.505 I/RenderThread(  637): type=1400 audit(0.0:265): avc: denied { execmem } for scontext=u:r:system_server:s0 tcontext=u:r:system_server:s0 tclass=process permissive=1
06-06 08:07:31.557 I/Binder:290_2(  565): type=1400 audit(0.0:266): avc: denied { sendto } for path="/dev/socket/logdw" scontext=u:r:netd:s0 tcontext=u:r:init:s0 tclass=unix_dgram_socket permissive=1
06-06 08:07:31.761 W/art     (  590): Long monitor contention with owner WifiStateMachine (645) at boolean com.android.server.wifi.WifiNative.unloadDriverNative()(WifiNative.java:-2) waiters=0 in java.lang.String com.android.server.wifi.WifiNative.doStringCommand(java.lang.String) for 201ms
06-06 08:07:31.761 E/WifiLogger(  590): no ring buffers found
06-06 08:07:31.761 E/WifiLogger(  590): Failed to start packet fate monitoring
06-06 08:07:31.769 I/WifiService(  590): Registering wifi
06-06 08:07:31.771 I/SurfaceFlinger(  277): Boot is finished (14244 ms)
06-06 08:07:31.772 I/SystemServiceManager(  590): Starting com.android.server.wifi.scanner.WifiScanningService
06-06 08:07:31.772 I/WifiScanningService(  590): Creating wifiscanner
06-06 08:07:31.773 I/WifiScanningService(  590): Publishing wifiscanner
06-06 08:07:31.774 I/SystemServiceManager(  590): Starting com.android.server.wifi.RttService
06-06 08:07:31.775 I/RttService(  590): Creating rttmanager
06-06 08:07:31.775 I/RttService(  590): Starting rttmanager
06-06 08:07:31.776 I/SystemServiceManager(  590): Starting com.android.server.ethernet.EthernetService
06-06 08:07:31.776 I/EthernetServiceImpl(  590): Creating EthernetConfigStore
06-06 08:07:31.777 E/IpConfigStore(  590): Error parsing configuration: java.io.FileNotFoundException: /data/misc/ethernet/ipconfig.txt (No such file or directory)
06-06 08:07:31.777 W/EthernetConfigStore(  590): No Ethernet configuration found. Using default.
06-06 08:07:31.777 I/EthernetServiceImpl(  590): Read stored IP configuration: IP assignment: DHCP
06-06 08:07:31.777 I/EthernetServiceImpl(  590): Proxy settings: NONE
06-06 08:07:31.777 I/EthernetService(  590): Registering service ethernet
06-06 08:07:31.777 I/SystemServer(  590): StartConnectivityService
06-06 08:07:31.796 I/SystemServer(  590): StartNsdService
06-06 08:07:31.796 I/SystemServer(  590): StartUpdateLockService
06-06 08:07:31.797 I/SystemServiceManager(  590): Starting com.android.server.RecoverySystemService
06-06 08:07:31.799 I/SystemServiceManager(  590): Starting com.android.server.notification.NotificationManagerService
06-06 08:07:31.810 I/SystemServiceManager(  590): Starting com.android.server.storage.DeviceStorageMonitorService
06-06 08:07:31.810 I/SystemServer(  590): StartLocationManagerService
06-06 08:07:31.816 I/SystemServer(  590): StartCountryDetectorService
06-06 08:07:31.817 I/SystemServer(  590): StartSearchManagerService
06-06 08:07:31.817 I/SystemServiceManager(  590): Starting com.android.server.search.SearchManagerService$Lifecycle
06-06 08:07:31.817 I/SystemServiceManager(  590): Starting com.android.server.DropBoxManagerService
06-06 08:07:31.818 I/SystemServer(  590): StartWallpaperManagerService
06-06 08:07:31.818 I/SystemServiceManager(  590): Starting com.android.server.wallpaper.WallpaperManagerService$Lifecycle
06-06 08:07:31.818 E/BitmapFactory(  590): Unable to decode stream: java.io.FileNotFoundException: /data/system/users/0/wallpaper_orig (No such file or directory)
06-06 08:07:31.818 E/WallpaperManagerService(  590): Invalid wallpaper data
06-06 08:07:31.818 E/WallpaperManagerService(  590): Unable to apply new wallpaper
06-06 08:07:31.819 I/SystemServer(  590): StartAudioService
06-06 08:07:31.819 I/SystemServiceManager(  590): Starting com.android.server.audio.AudioService$Lifecycle
06-06 08:07:31.823 W/TelecomManager(  590): Telecom Service not found.
06-06 08:07:31.823 W/AudioFlinger(  280): no wake lock to update, system not ready yet
