06-06 08:07:34.829 W/StatusBar(  670): 	at com.android.systemui.statusbar.SystemBars.createStatusBarFromConfig(SystemBars.java:106)
06-06 08:07:34.829 W/StatusBar(  670): 	at com.android.systemui.statusbar.SystemBars.onNoService(SystemBars.java:58)
06-06 08:07:34.829 W/StatusBar(  670): 	at com.android.systemui.statusbar.ServiceMonitor.startService(ServiceMonitor.java:230)
06-06 08:07:34.829 W/StatusBar(  670): 	at com.android.systemui.statusbar.ServiceMonitor.-wrap5(ServiceMonitor.java)
06-06 08:07:34.829 W/StatusBar(  670): 	at com.android.systemui.statusbar.ServiceMonitor$1.handleMessage(ServiceMonitor.java:73)
06-06 08:07:34.829 W/StatusBar(  670): 	at android.os.Handler.dispatchMessage(Handler.java:102)
06-06 08:07:34.829 W/StatusBar(  670): 	at android.os.Looper.loop(Looper.java:154)
06-06 08:07:34.829 W/StatusBar(  670): 	at android.app.ActivityThread.main(ActivityThread.java:6077)
06-06 08:07:34.829 W/StatusBar(  670): 	at java.lang.reflect.Method.invoke(Native Method)
06-06 08:07:34.829 W/StatusBar(  670): 	at com.android.internal.os.ZygoteInit$MethodAndArgsCaller.run(ZygoteInit.java:865)
06-06 08:07:34.829 W/StatusBar(  670): 	at com.android.internal.os.ZygoteInit.main(ZygoteInit.java:755)
06-06 08:07:34.831 I/Telecom (  590): PhoneAccountRegistrar: New phone account registered: [[ ] PhoneAccount: ComponentInfo{com.android.phone/com.android.services.telephony.TelephonyConnectionService}, [5fef04621e9a9b41849c3df35e75799299008300], UserHandle{0} Capabilities: CallProvider MultiUser PlaceEmerg SimSub  Schemes: tel voicemail  Extras: null]: TSI.rPA@ABc
06-06 08:07:34.832 I/Telecom (  590): : Sending phone-account registered intent as user: TSI.rPA@ABc
06-06 08:07:34.832 W/art     ( 1282): Unexpected CPU variant for X86 using defaults: x86_64
06-06 08:07:34.832 I/Telephony(  738): AccountEntry: Registered phoneAccount: [[ ] PhoneAccount: ComponentInfo{com.android.phone/com.android.services.telephony.TelephonyConnectionService}, [5fef04621e9a9b41849c3df35e75799299008300], UserHandle{0} Capabilities: CallProvider MultiUser PlaceEmerg SimSub  Schemes: tel voicemail  Extras: null] with handle: ComponentInfo{com.android.phone/com.android.services.telephony.TelephonyConnectionService}, [5fef04621e9a9b41849c3df35e75799299008300], UserHandle{0}
06-06 08:07:34.832 I/Telephony(  738): PstnIncomingCallNotifier: Registering: Handler (com.android.internal.telephony.GsmCdmaPhone) {8e78982}
06-06 08:07:34.833 I/Telephony(  738): TelecomAccountRegistry: Unregistering phone account ComponentInfo{com.android.phone/com.android.services.telephony.TelephonyConnectionService}, [e0184adedf913b076626646d3f52c3b49c39ad6d], UserHandle{0}.
06-06 08:07:34.833 I/Telecom (  590): : Sending phone-account unregistered intent as user: TSI.uPA@ABk
06-06 08:07:34.860 W/Launcher.Model( 1046): LoaderTask running with no launcher (loadAllApps)
06-06 08:07:34.876 I/FFmpegExtractor(  288): android-source:0xe9116400
06-06 08:07:34.885 I/FFMPEG  (  288): Input #0, ogg, from 'android-source:0xe9116400':
06-06 08:07:34.885 I/FFMPEG  (  288):   Duration: 00:00:00.11, start: 0.000000, bitrate: 431 kb/s
06-06 08:07:34.885 I/FFMPEG  (  288):     Stream #0:0: Audio: vorbis, 48000 Hz, mono, fltp, 140 kb/s
06-06 08:07:34.885 I/FFmpegExtractor(  288): FFmpegExtrator, url: android-source:0xe9116400, format_name: ogg, format_long_name: Ogg
06-06 08:07:34.885 I/FFmpegExtractor(  288): list the formats suppoted by ffmpeg: 
06-06 08:07:34.885 I/FFmpegExtractor(  288): ========================================
06-06 08:07:34.885 I/FFmpegExtractor(  288): ========================================
06-06 08:07:34.885 I/FFmpegExtractor(  288): adjust mime(application/ogg -> audio/vorbis)
06-06 08:07:34.886 I/FFmpegExtractor(  288): sniff through BetterSniffFFMPEG success
06-06 08:07:34.898 I/WindowManager(  590): Destroying surface Surface(name=com.android.launcher3/com.android.launcher3.Launcher) called by com.android.server.wm.WindowStateAnimator.destroySurface:2016 com.android.server.wm.WindowStateAnimator.destroySurfaceLocked:882 com.android.server.wm.WindowState.removeLocked:1456 com.android.server.wm.WindowManagerService.removeWindowInnerLocked:2485 com.android.server.wm.WindowManagerService.removeWindowLocked:2443 com.android.server.wm.WindowManagerService.removeWindowLocked:2312 com.android.server.wm.WindowManagerService.removeWindow:2307 com.android.server.wm.Session.remove:202 
06-06 08:07:34.903 W/System  ( 1282): ClassLoader referenced unknown path: /system/priv-app/CellBroadcastReceiver/lib/x86_64
06-06 08:07:34.957 I/MediaPlayerService(  289): MediaPlayerService::getOMX
06-06 08:07:34.958 W/art     (  743): Suspending all threads took: 17.684ms
06-06 08:07:34.973 I/art     (  743): Background sticky concurrent mark sweep GC freed 83532(2MB) AllocSpace objects, 8(516KB) LOS objects, 26% free, 5MB/6MB, paused 18.066ms total 54.726ms
06-06 08:07:34.974 I/OMXClient(  590): MuxOMX ctor
06-06 08:07:34.976 I/OMXMaster(  286): makeComponentInstance(OMX.google.vorbis.decoder) in mediacodec process
06-06 08:07:35.019 I/AndroidLoggerFactory(  743): Logger name 'io.swagger.v3.parser.processors.ExternalRefProcessor' exceeds maximum length of 23 characters, using 'i*.s*.v*.p*.p*.Externa*' instead.
06-06 08:07:35.033 I/Webrtcd.Service(  743): Webrtc server started on port 6443
06-06 08:07:35.096 I/LatinIME(  665): Timeout waiting for dictionary load
06-06 08:07:35.150 E/Layer   (  277): [com.android.systemui.ImageWallpaper] rejecting buffer: bufWidth=600, bufHeight=1024, front.active.{w=1, h=1}
06-06 08:07:35.178 I/GnssLocationProvider(  590): WakeLock acquired by sendMessage(12, 0, null)
06-06 08:07:35.180 E/GnssLocationProvider(  590): no AGPS interface in set_agps_server
06-06 08:07:35.180 I/GnssLocationProvider(  590): WakeLock released by handleMessage(12, 0, null)
06-06 08:07:35.200 I/FFmpegExtractor(  288): android-source:0xea960600
06-06 08:07:35.201 I/FFMPEG  (  288): Input #0, ogg, from 'android-source:0xea960600':
06-06 08:07:35.201 I/FFMPEG  (  288):   Duration: 00:00:00.11, start: 0.000000, bitrate: 462 kb/s
06-06 08:07:35.201 I/FFMPEG  (  288):     Stream #0:0: Audio: vorbis, 48000 Hz, mono, fltp, 140 kb/s
06-06 08:07:35.201 I/FFmpegExtractor(  288): FFmpegExtrator, url: android-source:0xea960600, format_name: ogg, format_long_name: Ogg
06-06 08:07:35.201 I/FFmpegExtractor(  288): list the formats suppoted by ffmpeg: 
06-06 08:07:35.201 I/FFmpegExtractor(  288): ========================================
06-06 08:07:35.201 I/FFmpegExtractor(  288): ========================================
06-06 08:07:35.201 I/FFmpegExtractor(  288): adjust mime(application/ogg -> audio/vorbis)
06-06 08:07:35.201 I/FFmpegExtractor(  288): sniff through BetterSniffFFMPEG success
06-06 08:07:35.207 I/GnssLocationProvider(  590): WakeLock acquired by sendMessage(12, 0, null)
06-06 08:07:35.208 E/GnssLocationProvider(  590): no AGPS interface in set_agps_server
06-06 08:07:35.208 I/GnssLocationProvider(  590): WakeLock released by handleMessage(12, 0, null)
06-06 08:07:35.210 I/MediaPlayerService(  289): MediaPlayerService::getOMX
06-06 08:07:35.210 I/OMXClient(  590): MuxOMX ctor
06-06 08:07:35.210 I/OMXMaster(  286): makeComponentInstance(OMX.google.vorbis.decoder) in mediacodec process
06-06 08:07:35.228 W/FingerprintManager(  670): isFingerprintHardwareDetected(): Service not connected!
06-06 08:07:35.236 I/Choreographer(  670): Skipped 81 frames!  The application may be doing too much work on its main thread.
06-06 08:07:35.261 I/WindowManager(  590): Destroying surface Surface(name=KeyguardScrim) called by com.android.server.wm.WindowStateAnimator.destroySurface:2016 com.android.server.wm.WindowStateAnimator.destroySurfaceLocked:882 com.android.server.wm.WindowState.destroyOrSaveSurface:2100 com.android.server.wm.WindowSurfacePlacer.performSurfacePlacementInner:429 com.android.server.wm.WindowSurfacePlacer.performSurfacePlacementLoop:232 com.android.server.wm.WindowSurfacePlacer.performSurfacePlacement:180 com.android.server.wm.WindowManagerService$H.handleMessage:8092 android.os.Handler.dispatchMessage:102 
06-06 08:07:35.272 I/Telephony(  738): PstnIncomingCallNotifier: Unregistering: Handler (com.android.internal.telephony.GsmCdmaPhone) {8e78982}
06-06 08:07:35.295 W/InputMethodManagerService(  590): Starting input on non-focused client android.view.inputmethod.InputMethodManager$1@a4d102b (uid=1000 pid=590)
06-06 08:07:35.296 I/ActivityManager(  590): Displayed com.android.launcher3/.Launcher: +1s895ms
06-06 08:07:35.298 W/IInputConnectionWrapper(  590): reportFullscreenMode on inexistent InputConnection
06-06 08:07:35.301 I/FFmpegExtractor(  288): android-source:0xe9116400
06-06 08:07:35.303 I/FFMPEG  (  288): Input #0, ogg, from 'android-source:0xe9116400':
06-06 08:07:35.303 I/FFMPEG  (  288):   Duration: 00:00:00.18, start: 0.000000, bitrate: 431 kb/s
06-06 08:07:35.303 I/FFMPEG  (  288):     Stream #0:0: Audio: vorbis, 44100 Hz, mono, fltp, 239 kb/s
06-06 08:07:35.303 I/FFMPEG  (  288):     Metadata:
06-06 08:07:35.303 I/FFMPEG  (  288):       ARTIST          : Copyright 2013 Android Open Source Project
06-06 08:07:35.303 I/FFmpegExtractor(  288): FFmpegExtrator, url: android-source:0xe9116400, format_name: ogg, format_long_name: Ogg
06-06 08:07:35.303 I/FFmpegExtractor(  288): list the formats suppoted by ffmpeg: 
06-06 08:07:35.303 I/FFmpegExtractor(  288): ========================================
06-06 08:07:35.303 I/FFmpegExtractor(  288): ========================================
06-06 08:07:35.303 I/FFmpegExtractor(  288): adjust mime(application/ogg -> audio/vorbis)
06-06 08:07:35.303 I/FFmpegExtractor(  288): sniff through BetterSniffFFMPEG success
06-06 08:07:35.310 I/Telecom (  590): PhoneAccountRegistrar: [ComponentInfo{com.android.phone/com.android.services.telephony.TelephonyConnectionService}, [5fef04621e9a9b41849c3df35e75799299008300], UserHandle{0}(icon: Icon(typ=BITMAP size=19x24) -> Icon(typ=BITMAP size=19x24))]: TSI.rPA@ABw
06-06 08:07:35.310 I/Telecom (  590): : Sending phone-account registered intent as user: TSI.rPA@ABw
06-06 08:07:35.310 I/Telephony(  738): AccountEntry: Registered phoneAccount: [[ ] PhoneAccount: ComponentInfo{com.android.phone/com.android.services.telephony.TelephonyConnectionService}, [5fef04621e9a9b41849c3df35e75799299008300], UserHandle{0} Capabilities: CallProvider MultiUser PlaceEmerg SimSub  Schemes: tel voicemail  Extras: null] with handle: ComponentInfo{com.android.phone/com.android.services.telephony.TelephonyConnectionService}, [5fef04621e9a9b41849c3df35e75799299008300], UserHandle{0}
06-06 08:07:35.310 I/Telephony(  738): PstnIncomingCallNotifier: Registering: Handler (com.android.internal.telephony.GsmCdmaPhone) {8e78982}
06-06 08:07:35.327 I/OpenGLRenderer(  670): Initialized EGL, version 1.4
06-06 08:07:35.363 I/Telephony(  738): PstnIncomingCallNotifier: Unregistering: Handler (com.android.internal.telephony.GsmCdmaPhone) {8e78982}
06-06 08:07:35.365 I/MediaPlayerService(  289): MediaPlayerService::getOMX
06-06 08:07:35.365 I/OMXClient(  590): MuxOMX ctor
06-06 08:07:35.365 I/OMXMaster(  286): makeComponentInstance(OMX.google.vorbis.decoder) in mediacodec process
06-06 08:07:35.407 I/Telecom (  590): PhoneAccountRegistrar: [ComponentInfo{com.android.phone/com.android.services.telephony.TelephonyConnectionService}, [5fef04621e9a9b41849c3df35e75799299008300], UserHandle{0}(icon: Icon(typ=BITMAP size=19x24) -> Icon(typ=BITMAP size=19x24))]: TSI.rPA@AB8
06-06 08:07:35.408 I/Telecom (  590): : Sending phone-account registered intent as user: TSI.rPA@AB8
06-06 08:07:35.409 I/Telephony(  738): AccountEntry: Registered phoneAccount: [[ ] PhoneAccount: ComponentInfo{com.android.phone/com.android.services.telephony.TelephonyConnectionService}, [5fef04621e9a9b41849c3df35e75799299008300], UserHandle{0} Capabilities: CallProvider MultiUser PlaceEmerg SimSub  Schemes: tel voicemail  Extras: null] with handle: ComponentInfo{com.android.phone/com.android.services.telephony.TelephonyConnectionService}, [5fef04621e9a9b41849c3df35e75799299008300], UserHandle{0}
06-06 08:07:35.409 I/Telephony(  738): PstnIncomingCallNotifier: Registering: Handler (com.android.internal.telephony.GsmCdmaPhone) {8e78982}
06-06 08:07:35.439 I/Telephony(  738): PstnIncomingCallNotifier: Unregistering: Handler (com.android.internal.telephony.GsmCdmaPhone) {8e78982}
06-06 08:07:35.451 I/Telecom (  590): PhoneAccountRegistrar: [ComponentInfo{com.android.phone/com.android.services.telephony.TelephonyConnectionService}, [5fef04621e9a9b41849c3df35e75799299008300], UserHandle{0}(icon: Icon(typ=BITMAP size=19x24) -> Icon(typ=BITMAP size=19x24))]: TSI.rPA@ACI
06-06 08:07:35.451 I/Telecom (  590): : Sending phone-account registered intent as user: TSI.rPA@ACI
06-06 08:07:35.452 I/Telephony(  738): AccountEntry: Registered phoneAccount: [[ ] PhoneAccount: ComponentInfo{com.android.phone/com.android.services.telephony.TelephonyConnectionService}, [5fef04621e9a9b41849c3df35e75799299008300], UserHandle{0} Capabilities: CallProvider MultiUser PlaceEmerg SimSub  Schemes: tel voicemail  Extras: null] with handle: ComponentInfo{com.android.phone/com.android.services.telephony.TelephonyConnectionService}, [5fef04621e9a9b41849c3df35e75799299008300], UserHandle{0}
06-06 08:07:35.452 I/Telephony(  738): PstnIncomingCallNotifier: Registering: Handler (com.android.internal.telephony.GsmCdmaPhone) {8e78982}
06-06 08:07:35.461 W/WindowManager(  590): App freeze timeout expired.
06-06 08:07:35.475 I/Telecom (  590): PhoneAccountRegistrar: [ComponentInfo{com.android.phone/com.android.services.telephony.TelephonyConnectionService}, [5fef04621e9a9b41849c3df35e75799299008300], UserHandle{0}(icon: Icon(typ=BITMAP size=19x24) -> Icon(typ=BITMAP size=19x24))]: TSI.rPA@ACY
06-06 08:07:35.475 I/Telecom (  590): : Sending phone-account registered intent as user: TSI.rPA@ACY
06-06 08:07:35.524 W/KeyguardUpdateMonitor(  670): invalid subId in handleSimStateChange()
06-06 08:07:35.525 W/KeyguardUpdateMonitor(  670): invalid subId in handleServiceStateChange()
06-06 08:07:35.525 I/Telephony(  738): PstnIncomingCallNotifier: Unregistering: Handler (com.android.internal.telephony.GsmCdmaPhone) {8e78982}
06-06 08:07:35.526 W/KeyguardUpdateMonitor(  670): invalid subId in handleServiceStateChange()
06-06 08:07:35.526 W/KeyguardUpdateMonitor(  670): invalid subId in handleSimStateChange()
06-06 08:07:35.526 W/KeyguardUpdateMonitor(  670): invalid subId in handleSimStateChange()
06-06 08:07:35.529 I/Telecom (  590): PhoneAccountRegistrar: [ComponentInfo{com.android.phone/com.android.services.telephony.TelephonyConnectionService}, [5fef04621e9a9b41849c3df35e75799299008300], UserHandle{0}(icon: Icon(typ=BITMAP size=19x24) -> Icon(typ=BITMAP size=19x24))]: TSI.rPA@ACc
06-06 08:07:35.529 I/Telecom (  590): : Sending phone-account registered intent as user: TSI.rPA@ACc
06-06 08:07:35.530 I/Telephony(  738): AccountEntry: Registered phoneAccount: [[ ] PhoneAccount: ComponentInfo{com.android.phone/com.android.services.telephony.TelephonyConnectionService}, [5fef04621e9a9b41849c3df35e75799299008300], UserHandle{0} Capabilities: CallProvider MultiUser PlaceEmerg SimSub  Schemes: tel voicemail  Extras: null] with handle: ComponentInfo{com.android.phone/com.android.services.telephony.TelephonyConnectionService}, [5fef04621e9a9b41849c3df35e75799299008300], UserHandle{0}
06-06 08:07:35.530 I/Telephony(  738): PstnIncomingCallNotifier: Registering: Handler (com.android.internal.telephony.GsmCdmaPhone) {8e78982}
06-06 08:07:35.547 I/Telephony(  738): PstnIncomingCallNotifier: Unregistering: Handler (com.android.internal.telephony.GsmCdmaPhone) {8e78982}
06-06 08:07:35.549 I/Telecom (  590): PhoneAccountRegistrar: [ComponentInfo{com.android.phone/com.android.services.telephony.TelephonyConnectionService}, [5fef04621e9a9b41849c3df35e75799299008300], UserHandle{0}(icon: Icon(typ=BITMAP size=19x24) -> Icon(typ=BITMAP size=19x24))]: TSI.rPA@ACo
06-06 08:07:35.549 I/Telecom (  590): : Sending phone-account registered intent as user: TSI.rPA@ACo
06-06 08:07:35.549 I/Telephony(  738): AccountEntry: Registered phoneAccount: [[ ] PhoneAccount: ComponentInfo{com.android.phone/com.android.services.telephony.TelephonyConnectionService}, [5fef04621e9a9b41849c3df35e75799299008300], UserHandle{0} Capabilities: CallProvider MultiUser PlaceEmerg SimSub  Schemes: tel voicemail  Extras: null] with handle: ComponentInfo{com.android.phone/com.android.services.telephony.TelephonyConnectionService}, [5fef04621e9a9b41849c3df35e75799299008300], UserHandle{0}
06-06 08:07:35.549 I/Telephony(  738): PstnIncomingCallNotifier: Registering: Handler (com.android.internal.telephony.GsmCdmaPhone) {8e78982}
06-06 08:07:35.551 I/NotificationMgr(  738): updateMwi(): subId 1 update to false
06-06 08:07:35.551 I/Telecom (  590): PhoneAccountRegistrar: [ComponentInfo{com.android.phone/com.android.services.telephony.TelephonyConnectionService}, [5fef04621e9a9b41849c3df35e75799299008300], UserHandle{0}(icon: Icon(typ=BITMAP size=19x24) -> Icon(typ=BITMAP size=19x24))]: TSI.rPA@AC4
06-06 08:07:35.551 I/Telecom (  590): : Sending phone-account registered intent as user: TSI.rPA@AC4
06-06 08:07:35.552 I/Telecom (  590): PhoneAccountRegistrar: [ComponentInfo{com.android.phone/com.android.services.telephony.TelephonyConnectionService}, [5fef04621e9a9b41849c3df35e75799299008300], UserHandle{0}(icon: Icon(typ=BITMAP size=19x24) -> Icon(typ=BITMAP size=19x24))]: TSI.rPA@ADA
06-06 08:07:35.552 I/Telecom (  590): : Sending phone-account registered intent as user: TSI.rPA@ADA
06-06 08:07:35.553 I/Telecom (  590): PhoneAccountRegistrar: [ComponentInfo{com.android.phone/com.android.services.telephony.TelephonyConnectionService}, [5fef04621e9a9b41849c3df35e75799299008300], UserHandle{0}(icon: Icon(typ=BITMAP size=19x24) -> Icon(typ=BITMAP size=19x24))]: TSI.rPA@ADI
06-06 08:07:35.553 I/Telecom (  590): : Sending phone-account registered intent as user: TSI.rPA@ADI
06-06 08:07:35.564 I/Telecom (  590): PhoneAccountRegistrar: SimCallManager queried, returning: null: TSI.gSCMFU@ADM
06-06 08:07:35.565 I/Telecom (  590): PhoneAccountRegistrar: [ComponentInfo{com.android.phone/com.android.services.telephony.TelephonyConnectionService}, [5fef04621e9a9b41849c3df35e75799299008300], UserHandle{0}(icon: Icon(typ=BITMAP size=19x24) -> Icon(typ=BITMAP size=19x24))]: TSI.rPA@ADU
06-06 08:07:35.565 I/Telecom (  590): : Sending phone-account registered intent as user: TSI.rPA@ADU
06-06 08:07:35.566 I/Telecom (  590): PhoneAccountRegistrar: [ComponentInfo{com.android.phone/com.android.services.telephony.TelephonyConnectionService}, [5fef04621e9a9b41849c3df35e75799299008300], UserHandle{0}(icon: Icon(typ=BITMAP size=19x24) -> Icon(typ=BITMAP size=19x24))]: TSI.rPA@ADc
06-06 08:07:35.566 I/Telecom (  590): : Sending phone-account registered intent as user: TSI.rPA@ADc
06-06 08:07:35.746 W/WifiMode(  590): WiredSSID, Invalid SupportedRates!!!
06-06 08:07:35.746 W/WifiMode(  590): WiredSSID, Invalid SupportedRates!!!
06-06 08:07:35.747 W/WifiMode(  590): WiredSSID, Invalid SupportedRates!!!
06-06 08:07:35.789 I/wpa_supplicant(  794): type=1400 audit(0.0:432): avc: denied { sendto } for path="/dev/socket/logdw" scontext=u:r:wpa:s0 tcontext=u:r:init:s0 tclass=unix_dgram_socket permissive=1
06-06 08:07:35.789 I/Binder:290_2(  565): type=1400 audit(0.0:433): avc: denied { read } for path="socket:[12814]" dev="sockfs" ino=12814 scontext=u:r:netd:s0 tcontext=u:r:init:s0 tclass=unix_stream_socket permissive=1
06-06 08:07:35.789 I/Binder:290_2(  565): type=1400 audit(0.0:434): avc: denied { write } for path="socket:[12814]" dev="sockfs" ino=12814 scontext=u:r:netd:s0 tcontext=u:r:init:s0 tclass=unix_stream_socket permissive=1
06-06 08:07:35.789 I/Binder:290_2(  565): type=1400 audit(0.0:435): avc: denied { sendto } for path="/dev/socket/logdw" scontext=u:r:netd:s0 tcontext=u:r:init:s0 tclass=unix_dgram_socket permissive=1
06-06 08:07:35.789 I/wpa_supplicant(  794): wlan0: Trying to associate with SSID 'WiredSSID'
06-06 08:07:35.789 I/wpa_supplicant(  794): wlan0: Associated with 01:80:c2:00:00:03
06-06 08:07:35.789 I/wpa_supplicant(  794): wlan0: CTRL-EVENT-CONNECTED - Connection to 01:80:c2:00:00:03 completed [id=0 id_str=%7B%22creatorUid%22%3A%22-1%22%2C%22configKey%22%3A%22%5C%22WiredSSID%5C%22NONE%22%7D]
06-06 08:07:35.794 E/WifiScanner(  590): listener cannot be found
06-06 08:07:35.800 E/WifiNative-HAL(  590): setBssidBlacklist cmd 0 size 0
06-06 08:07:35.802 W/AlarmManager(  590): Unrecognized alarm listener com.android.server.wifi.WifiConnectivityManager$3@c7a5642
06-06 08:07:35.802 E/WifiScanner(  590): listener cannot be found
06-06 08:07:35.841 I/netd    (  560): type=1400 audit(0.0:436): avc: denied { accept } for path="/dev/socket/dnsproxyd" scontext=u:r:netd:s0 tcontext=u:r:init:s0 tclass=unix_stream_socket permissive=1
06-06 08:07:35.841 I/netd    (  560): type=1400 audit(0.0:437): avc: denied { getopt } for path="/dev/socket/dnsproxyd" scontext=u:r:netd:s0 tcontext=u:r:init:s0 tclass=unix_stream_socket permissive=1
06-06 08:07:35.873 I/Binder:290_2(  565): type=1400 audit(0.0:438): avc: denied { sendto } for path="/dev/socket/logdw" scontext=u:r:netd:s0 tcontext=u:r:init:s0 tclass=unix_dgram_socket permissive=1
06-06 08:07:35.924 I/GnssLocationProvider(  590): WakeLock acquired by sendMessage(5, 0, null)
06-06 08:07:35.924 I/GnssLocationProvider(  590): WakeLock acquired by sendMessage(6, 0, null)
06-06 08:07:35.925 I/GnssLocationProvider(  590): WakeLock acquired by handleInjectNtpTime()
06-06 08:07:35.925 I/GnssLocationProvider(  590): WakeLock released by handleMessage(5, 0, null)
06-06 08:07:35.925 I/GnssLocationProvider(  590): WakeLock released by handleMessage(6, 0, null)
06-06 08:07:35.955 I/GnssLocationProvider(  590): WakeLock acquired by sendMessage(10, 0, null)
06-06 08:07:35.955 I/GnssLocationProvider(  590): WakeLock released by handleMessage(10, 0, null)
06-06 08:07:35.955 I/GnssLocationProvider(  590): WakeLock released by handleInjectNtpTime()
06-06 08:07:36.113 I/Choreographer(  670): Skipped 35 frames!  The application may be doing too much work on its main thread.
06-06 08:07:36.119 I/RecoverySystem(  590): No recovery log file
06-06 08:07:36.137 I/BootReceiver(  590): Copying audit failures to DropBox
06-06 08:07:36.137 I/BootReceiver(  590): Checking for fsck errors
06-06 08:07:36.217 I/healthd (  292): type=1400 audit(0.0:439): avc: denied { read } for name="capacity" dev="fuse" ino=8 scontext=u:r:init:s0 tcontext=u:object_r:fuse:s0 tclass=file permissive=1
06-06 08:07:36.217 I/healthd (  292): type=1400 audit(0.0:440): avc: denied { open } for path="/dev/pipe/battery/BAT0/capacity" dev="fuse" ino=8 scontext=u:r:init:s0 tcontext=u:object_r:fuse:s0 tclass=file permissive=1
06-06 08:07:36.233 I/healthd (  292): type=1400 audit(0.0:441): avc: denied { call } for scontext=u:r:init:s0 tcontext=u:r:system_server:s0 tclass=binder permissive=1
06-06 08:07:36.265 I/main    (  278): type=1400 audit(0.0:442): avc: denied { getattr } for path="/sys/kernel/debug/tracing/trace_marker" dev="tracefs" ino=40 scontext=u:r:zygote:s0 tcontext=u:object_r:debugfs_tracing:s0 tclass=file permissive=1
06-06 08:07:36.281 I/main    ( 1350): type=1400 audit(0.0:443): avc: denied { write } for name="trace_marker" dev="tracefs" ino=40 scontext=u:r:zygote:s0 tcontext=u:object_r:debugfs_tracing:s0 tclass=file permissive=1
06-06 08:07:36.281 I/main    ( 1350): type=1400 audit(0.0:444): avc: denied { open } for path="/sys/kernel/debug/tracing/trace_marker" dev="tracefs" ino=40 scontext=u:r:zygote:s0 tcontext=u:object_r:debugfs_tracing:s0 tclass=file permissive=1
06-06 08:07:36.283 I/ActivityManager(  590): Start proc 1350:com.android.dialer/u0a8 for broadcast com.android.dialer/.calllog.CallLogReceiver
06-06 08:07:36.284 W/art     ( 1350): Unexpected CPU variant for X86 using defaults: x86_64
06-06 08:07:36.285 I/JDWP    ( 1357): type=1400 audit(0.0:445): avc: denied { connectto } for path=006A6477702D636F6E74726F6C scontext=u:r:priv_app:s0:c512,c768 tcontext=u:r:init:s0 tclass=unix_stream_socket permissive=1
06-06 08:07:36.309 W/System  ( 1350): ClassLoader referenced unknown path: /system/priv-app/Dialer/lib/x86_64
06-06 08:07:36.421 I/ndroid.calenda( 1368): type=1400 audit(0.0:446): avc: denied { sendto } for path="/dev/socket/logdw" scontext=u:r:untrusted_app:s0:c512,c768 tcontext=u:r:init:s0 tclass=unix_dgram_socket permissive=1
06-06 08:07:36.423 W/art     ( 1368): Unexpected CPU variant for X86 using defaults: x86_64
06-06 08:07:36.428 I/ActivityManager(  590): Start proc 1368:com.android.calendar/u0a31 for broadcast com.android.calendar/.alerts.AlertReceiver
06-06 08:07:36.429 I/Telecom (  590): PhoneAccountRegistrar: SimCallManager queried, returning: null: TSI.gSCMFU@ADk
06-06 08:07:36.444 W/System  ( 1368): ClassLoader referenced unknown path: /system/app/Calendar/lib/x86_64
06-06 08:07:36.462 I/AlarmClock(  904): AlarmInitReceiver android.intent.action.BOOT_COMPLETED
06-06 08:07:36.472 W/art     ( 1388): Unexpected CPU variant for X86 using defaults: x86_64
06-06 08:07:36.479 I/ActivityManager(  590): Start proc 1388:com.android.email/u0a42 for broadcast com.android.email/.service.EmailBroadcastReceiver
06-06 08:07:36.481 I/IntentService[C( 1367): type=1400 audit(0.0:447): avc: denied { sendto } for path="/dev/socket/logdw" scontext=u:r:priv_app:s0:c512,c768 tcontext=u:r:init:s0 tclass=unix_dgram_socket permissive=1
06-06 08:07:36.482 W/CountryDetector( 1350): No location permissions, not registering for location updates.
06-06 08:07:36.485 I/JDWP    ( 1410): type=1400 audit(0.0:448): avc: denied { connectto } for path=006A6477702D636F6E74726F6C scontext=u:r:priv_app:s0:c512,c768 tcontext=u:r:init:s0 tclass=unix_stream_socket permissive=1
06-06 08:07:36.487 W/art     ( 1403): Unexpected CPU variant for X86 using defaults: x86_64
06-06 08:07:36.498 I/ActivityManager(  590): Start proc 1403:com.android.providers.calendar/u0a2 for content provider com.android.providers.calendar/.CalendarProvider2
06-06 08:07:36.520 W/System  ( 1403): ClassLoader referenced unknown path: /system/priv-app/CalendarProvider/lib/x86_64
06-06 08:07:36.521 W/System  ( 1388): ClassLoader referenced unknown path: /system/app/Email/lib/x86_64
06-06 08:07:36.550 I/CalendarProvider2( 1403): Created com.android.providers.calendar.CalendarAlarmManager@bff7410(com.android.providers.calendar.CalendarProvider2@5817b09)
06-06 08:07:36.721 W/ActivityManager(  590): Unable to start service Intent { act=com.android.email.EXCHANGE_INTENT pkg=com.android.exchange } U=0: not found
06-06 08:07:36.726 W/ActivityManager(  590): Unable to start service Intent { act=com.android.email.EXCHANGE_INTENT pkg=com.android.exchange } U=0: not found
06-06 08:07:36.727 W/ActivityManager(  590): Unable to start service Intent { act=com.android.email.EXCHANGE_INTENT pkg=com.android.exchange } U=0: not found
06-06 08:07:36.739 I/SystemBroadcastReceiver(  665): Boot has been completed
06-06 08:07:36.739 I/SystemBroadcastReceiver(  665): toggleAppIcon() : FLAG_SYSTEM = true
06-06 08:07:36.741 I/gedprovisionin( 1427): type=1400 audit(0.0:449): avc: denied { sendto } for path="/dev/socket/logdw" scontext=u:r:platform_app:s0:c512,c768 tcontext=u:r:init:s0 tclass=unix_dgram_socket permissive=1
06-06 08:07:36.745 W/art     ( 1427): Unexpected CPU variant for X86 using defaults: x86_64
06-06 08:07:36.749 I/JDWP    ( 1434): type=1400 audit(0.0:450): avc: denied { connectto } for path=006A6477702D636F6E74726F6C scontext=u:r:platform_app:s0:c512,c768 tcontext=u:r:init:s0 tclass=unix_stream_socket permissive=1
06-06 08:07:36.752 I/ActivityManager(  590): Start proc 1427:com.android.managedprovisioning/u0a15 for broadcast com.android.managedprovisioning/.BootReminder
06-06 08:07:36.755 W/ActivityManager(  590): Unable to start service Intent { cmp=com.android.email/.service.AttachmentService } U=0: not found
06-06 08:07:36.756 W/ActivityManager(  590): Unable to start service Intent { cmp=com.android.email/.service.AttachmentService } U=0: not found
06-06 08:07:36.756 I/Email   ( 1388): Observing account changes for notifications
06-06 08:07:36.757 W/ActivityManager(  590): Unable to start service Intent { act=com.android.email.EXCHANGE_INTENT pkg=com.android.exchange } U=0: not found
06-06 08:07:36.758 W/ActivityManager(  590): Unable to start service Intent { act=com.android.email.EXCHANGE_INTENT pkg=com.android.exchange } U=0: not found
06-06 08:07:36.759 W/ActivityManager(  590): Unable to start service Intent { act=com.android.email.EXCHANGE_INTENT pkg=com.android.exchange } U=0: not found
06-06 08:07:36.760 W/ActivityManager(  590): Unable to start service Intent { cmp=com.android.email/.service.AttachmentService } U=0: not found
06-06 08:07:36.776 W/System  ( 1427): ClassLoader referenced unknown path: /system/priv-app/ManagedProvisioning/lib/x86_64
06-06 08:07:36.779 E/ActivityThread( 1388): Service com.android.email.service.EmailBroadcastProcessorService has leaked ServiceConnection com.android.emailcommon.service.ServiceProxy$ProxyConnection@be4e335 that was originally bound here
06-06 08:07:36.779 E/ActivityThread( 1388): android.app.ServiceConnectionLeaked: Service com.android.email.service.EmailBroadcastProcessorService has leaked ServiceConnection com.android.emailcommon.service.ServiceProxy$ProxyConnection@be4e335 that was originally bound here
06-06 08:07:36.779 E/ActivityThread( 1388): 	at android.app.LoadedApk$ServiceDispatcher.<init>(LoadedApk.java:1336)
06-06 08:07:36.779 E/ActivityThread( 1388): 	at android.app.LoadedApk.getServiceDispatcher(LoadedApk.java:1231)
06-06 08:07:36.779 E/ActivityThread( 1388): 	at android.app.ContextImpl.bindServiceCommon(ContextImpl.java:1478)
06-06 08:07:36.779 E/ActivityThread( 1388): 	at android.app.ContextImpl.bindService(ContextImpl.java:1450)
06-06 08:07:36.779 E/ActivityThread( 1388): 	at android.content.ContextWrapper.bindService(ContextWrapper.java:636)
06-06 08:07:36.779 E/ActivityThread( 1388): 	at com.android.emailcommon.service.ServiceProxy.setTask(ServiceProxy.java:181)
06-06 08:07:36.779 E/ActivityThread( 1388): 	at com.android.emailcommon.service.ServiceProxy.test(ServiceProxy.java:224)
06-06 08:07:36.779 E/ActivityThread( 1388): 	at com.android.email.service.EmailServiceUtils.isServiceAvailable(EmailServiceUtils.java:160)
06-06 08:07:36.779 E/ActivityThread( 1388): 	at com.android.email.provider.AccountReconciler.reconcileAccountsInternal(AccountReconciler.java:171)
06-06 08:07:36.779 E/ActivityThread( 1388): 	at com.android.email.provider.AccountReconciler.reconcileAccounts(AccountReconciler.java:115)
06-06 08:07:36.779 E/ActivityThread( 1388): 	at com.android.email.service.EmailBroadcastProcessorService.reconcileAndStartServices(EmailBroadcastProcessorService.java:305)
06-06 08:07:36.779 E/ActivityThread( 1388): 	at com.android.email.service.EmailBroadcastProcessorService.onBootCompleted(EmailBroadcastProcessorService.java:295)
06-06 08:07:36.779 E/ActivityThread( 1388): 	at com.android.email.service.EmailBroadcastProcessorService.onHandleIntent(EmailBroadcastProcessorService.java:130)
06-06 08:07:36.779 E/ActivityThread( 1388): 	at android.app.IntentService$ServiceHandler.handleMessage(IntentService.java:67)
06-06 08:07:36.779 E/ActivityThread( 1388): 	at android.os.Handler.dispatchMessage(Handler.java:102)
06-06 08:07:36.779 E/ActivityThread( 1388): 	at android.os.Looper.loop(Looper.java:154)
06-06 08:07:36.779 E/ActivityThread( 1388): 	at android.os.HandlerThread.run(HandlerThread.java:61)
06-06 08:07:36.779 W/ActivityManager(  590): Unbind failed: could not find connection for android.os.BinderProxy@47813a2
06-06 08:07:36.779 W/ActivityManager(  590): Unable to start service Intent { act=com.android.email.EXCHANGE_INTENT pkg=com.android.exchange } U=0: not found
06-06 08:07:36.780 W/ActivityManager(  590): Unable to start service Intent { act=com.android.email.EXCHANGE_INTENT pkg=com.android.exchange } U=0: not found
06-06 08:07:36.790 W/art     ( 1442): Unexpected CPU variant for X86 using defaults: x86_64
06-06 08:07:36.797 I/ActivityManager(  590): Start proc 1442:com.android.messaging/u0a59 for broadcast com.android.messaging/.receiver.BootAndPackageReplacedReceiver
06-06 08:07:36.804 W/System  ( 1442): ClassLoader referenced unknown path: /system/app/messaging/lib/x86_64
06-06 08:07:37.156 W/AlarmManagerService(  590): Unable to set rtc to 1717675657: No such device
06-06 08:07:37.309 W/art     ( 1460): Unexpected CPU variant for X86 using defaults: x86_64
06-06 08:07:37.316 I/ActivityManager(  590): Start proc 1460:com.android.onetimeinitializer/u0a17 for broadcast com.android.onetimeinitializer/.OneTimeInitializerReceiver
06-06 08:07:37.317 I/MessagingApp( 1442): Carrier config changed. Reloading MMS config.
06-06 08:07:37.322 W/MessagingApp( 1442): canonicalizeMccMnc: invalid mccmnc:null ,null
06-06 08:07:37.323 I/MessagingAppDataModel( 1442): Fixup: Send failed - 0 Download failed - 0
06-06 08:07:37.324 W/System  ( 1460): ClassLoader referenced unknown path: /system/priv-app/OneTimeInitializer/lib/x86_64
06-06 08:07:37.327 W/MmsServiceBroker(  590): MmsService not connected. Try connecting...
06-06 08:07:37.327 I/MmsServiceBroker(  590): Connecting to MmsService
06-06 08:07:37.327 W/ContextImpl(  590): Calling a method in the system process without a qualified user: android.app.ContextImpl.bindService:1449 com.android.server.MmsServiceBroker.tryConnecting:240 com.android.server.MmsServiceBroker.-wrap3:-1 com.android.server.MmsServiceBroker$1.handleMessage:82 android.os.Handler.dispatchMessage:102 
06-06 08:07:37.330 W/System  (  738): ClassLoader referenced unknown path: /system/priv-app/MmsService/lib/x86_64
06-06 08:07:37.333 I/MmsServiceBroker(  590): MmsService connected
06-06 08:07:37.333 I/MmsService(  738): mms config for sub 1: null
06-06 08:07:37.333 I/MessagingApp( 1442): Carrier configs loaded: Bundle[{smsToMmsTextThreshold=-1, maxMessageTextSize=-1, recipientLimit=-1, maxImageHeight=480, maxMessageSize=307200, maxImageWidth=640, enabledMMS=true, enableMultipartSMS=true}] from resources+system for subId=1
06-06 08:07:37.341 W/MessagingApp( 1442): canonicalizeMccMnc: invalid mccmnc:null ,null
06-06 08:07:37.343 I/MmsService(  738): mms config for sub 1: null
06-06 08:07:37.343 I/MessagingApp( 1442): Carrier configs loaded: Bundle[{smsToMmsTextThreshold=-1, maxMessageTextSize=-1, recipientLimit=-1, maxImageHeight=480, maxMessageSize=307200, maxImageWidth=640, enabledMMS=true, enableMultipartSMS=true}] from resources+system for subId=1
06-06 08:07:37.344 I/MmsService(  738): MmsConfigManager receiver action: android.intent.action.SIM_STATE_CHANGED
06-06 08:07:37.344 I/MmsService(  738): MmsConfigManager receiver action: android.telephony.action.CARRIER_CONFIG_CHANGED
06-06 08:07:37.349 I/MmsService(  738): MmsConfigManager loads in background mcc/mnc: 310/270
06-06 08:07:37.349 I/MmsService(  738): MmsConfigManager loads in background mcc/mnc: 310/270
06-06 08:07:37.351 W/MessagingApp( 1442): canonicalizeMccMnc: invalid mccmnc:null ,null
06-06 08:07:37.352 I/MmsService(  738): mms config for sub 1: null
06-06 08:07:37.353 I/MessagingApp( 1442): Carrier configs loaded: Bundle[{smsToMmsTextThreshold=-1, maxMessageTextSize=-1, recipientLimit=-1, maxImageHeight=480, maxMessageSize=307200, maxImageWidth=640, enabledMMS=true, enableMultipartSMS=true}] from resources+system for subId=1
06-06 08:07:37.354 I/MmsService(  738): MmsConfigManager loads in background mcc/mnc: 310/270
06-06 08:07:37.357 I/MessagingAppDataModel( 1442): SyncMessagesAction: Starting batch for messages from 1646714763786 to 1717675657300 (message update limit = 80, message scan limit = 4000)
06-06 08:07:37.413 I/MessagingAppDataModel( 1442): SyncMessagesAction: All messages now in sync
06-06 08:07:37.472 I/otion.superuse( 1489): type=1400 audit(0.0:451): avc: denied { sendto } for path="/dev/socket/logdw" scontext=u:r:system_app:s0 tcontext=u:r:init:s0 tclass=unix_dgram_socket permissive=1
06-06 08:07:37.477 W/art     ( 1489): Unexpected CPU variant for X86 using defaults: x86_64
06-06 08:07:37.479 I/ActivityManager(  590): Start proc 1489:com.genymotion.superuser/1000 for broadcast com.genymotion.superuser/com.koushikdutta.superuser.SuCheckerReceiver
06-06 08:07:37.491 W/System  ( 1489): ClassLoader referenced unknown path: /system/app/Superuser/lib/x86_64
06-06 08:07:37.504 I/lmkd    (  265): type=1400 audit(0.0:452): avc: denied { read } for path="socket:[12776]" dev="sockfs" ino=12776 scontext=u:r:lmkd:s0 tcontext=u:r:init:s0 tclass=unix_stream_socket permissive=1
06-06 08:07:37.524 I/Thread-2( 1506): type=1400 audit(0.0:453): avc: denied { execute } for name="su" dev="xvda5" ino=3656 scontext=u:r:system_app:s0 tcontext=u:object_r:su_exec:s0 tclass=file permissive=1
06-06 08:07:37.524 I/Thread-2( 1506): type=1400 audit(0.0:454): avc: denied { read open } for path="/system/xbin/su" dev="xvda5" ino=3656 scontext=u:r:system_app:s0 tcontext=u:object_r:su_exec:s0 tclass=file permissive=1
06-06 08:07:37.524 I/Thread-2( 1506): type=1400 audit(0.0:455): avc: denied { execute_no_trans } for path="/system/xbin/su" dev="xvda5" ino=3656 scontext=u:r:system_app:s0 tcontext=u:object_r:su_exec:s0 tclass=file permissive=1
06-06 08:07:37.530 I/Superuser( 1489): Result: 16 com.genymotion.superuser
06-06 08:07:37.540 I/rild    (  294): type=1400 audit(0.0:456): avc: denied { sendto } for path="/dev/socket/logdw" scontext=u:r:rild:s0 tcontext=u:r:init:s0 tclass=unix_dgram_socket permissive=1
06-06 08:07:37.541 I/OmtpVvmCarrierCfgHlpr(  738): Requesting VVM activation for subId: 1
06-06 08:07:37.544 I/genybaseband(  298): type=1400 audit(0.0:457): avc: denied { sendto } for path="/dev/socket/logdw" scontext=u:r:logwrapper:s0 tcontext=u:r:init:s0 tclass=unix_dgram_socket permissive=1
06-06 08:07:37.544 I/genybaseband(  298): type=1400 audit(0.0:458): avc: denied { write } for path="socket:[1933]" dev="sockfs" ino=1933 scontext=u:r:logwrapper:s0 tcontext=u:r:logwrapper:s0 tclass=tcp_socket permissive=1
06-06 08:07:37.544 I/genybaseband(  298): type=1400 audit(0.0:459): avc: denied { read } for path="socket:[1933]" dev="sockfs" ino=1933 scontext=u:r:logwrapper:s0 tcontext=u:r:logwrapper:s0 tclass=tcp_socket permissive=1
06-06 08:07:37.548 I/rild    (  294): type=1400 audit(0.0:460): avc: denied { write } for path="socket:[13745]" dev="sockfs" ino=13745 scontext=u:r:rild:s0 tcontext=u:r:init:s0 tclass=unix_stream_socket permissive=1
06-06 08:07:37.548 I/rild    (  294): type=1400 audit(0.0:461): avc: denied { read } for path="socket:[13745]" dev="sockfs" ino=13745 scontext=u:r:rild:s0 tcontext=u:r:init:s0 tclass=unix_stream_socket permissive=1
06-06 08:07:37.576 I/OmtpVvmCarrierCfgHlpr(  738): Requesting VVM activation for subId: 1
06-06 08:07:37.589 W/MediaScanner( 1154): Error opening directory '/oem/media/', skipping: No such file or directory.
06-06 08:07:37.667 I/OmtpVvmCarrierCfgHlpr(  738): Requesting VVM activation for subId: 1
06-06 08:07:37.742 I/AlarmClock(  904): AlarmInitReceiver android.intent.action.TIME_SET
06-06 08:07:37.806 I/CalendarProvider2( 1403): Sending notification intent: Intent { act=android.intent.action.PROVIDER_CHANGED dat=content://com.android.calendar flg=0x20000000 }
06-06 08:07:37.806 W/ContentResolver( 1403): Failed to get type for: content://com.android.calendar (Unknown URL content://com.android.calendar)
06-06 08:07:38.468 I/healthd (  292): type=1400 audit(0.0:462): avc: denied { read } for name="capacity" dev="fuse" ino=8 scontext=u:r:init:s0 tcontext=u:object_r:fuse:s0 tclass=file permissive=1
06-06 08:07:38.468 I/healthd (  292): type=1400 audit(0.0:463): avc: denied { open } for path="/dev/pipe/battery/BAT0/capacity" dev="fuse" ino=8 scontext=u:r:init:s0 tcontext=u:object_r:fuse:s0 tclass=file permissive=1
06-06 08:07:38.468 I/healthd (  292): type=1400 audit(0.0:464): avc: denied { call } for scontext=u:r:init:s0 tcontext=u:r:system_server:s0 tclass=binder permissive=1
06-06 08:07:39.048 I/wpa_supplicant(  794): type=1400 audit(0.0:465): avc: denied { read } for path="/dev/socket/wpa_wlan0" scontext=u:r:wpa:s0 tcontext=u:r:init:s0 tclass=unix_dgram_socket permissive=1
06-06 08:07:39.048 I/wpa_supplicant(  794): type=1400 audit(0.0:466): avc: denied { getopt } for path="/dev/socket/wpa_wlan0" scontext=u:r:wpa:s0 tcontext=u:r:init:s0 tclass=unix_dgram_socket permissive=1
06-06 08:07:39.048 I/wpa_supplicant(  794): type=1400 audit(0.0:467): avc: denied { ioctl } for path="socket:[13648]" dev="sockfs" ino=13648 ioctlcmd=5411 scontext=u:r:wpa:s0 tcontext=u:r:init:s0 tclass=unix_dgram_socket permissive=1
06-06 08:07:39.048 I/wpa_supplicant(  794): type=1400 audit(0.0:468): avc: denied { write } for path="/dev/socket/wpa_wlan0" scontext=u:r:wpa:s0 tcontext=u:r:init:s0 tclass=unix_dgram_socket permissive=1
06-06 08:07:39.048 I/wpa_supplicant(  794): type=1400 audit(0.0:469): avc: denied { sendto } for path="/data/misc/wifi/sockets/wpa_ctrl_590-1" scontext=u:r:init:s0 tcontext=u:r:system_server:s0 tclass=unix_dgram_socket permissive=1
06-06 08:07:40.376 I/init    (    1): type=1400 audit(0.0:470): avc: denied { read } for name="httpd" dev="xvda5" ino=3526 scontext=u:r:init:s0 tcontext=u:object_r:httpd_exec:s0 tclass=lnk_file permissive=1
06-06 08:07:40.400 I/httpd   ( 1526): type=1400 audit(0.0:471): avc: denied { create } for scontext=u:r:init:s0 tcontext=u:r:init:s0 tclass=tcp_socket permissive=1
06-06 08:07:40.400 I/httpd   ( 1526): type=1400 audit(0.0:472): avc: denied { setopt } for scontext=u:r:init:s0 tcontext=u:r:init:s0 tclass=tcp_socket permissive=1
06-06 08:07:40.400 I/httpd   ( 1526): type=1400 audit(0.0:473): avc: denied { bind } for scontext=u:r:init:s0 tcontext=u:r:init:s0 tclass=tcp_socket permissive=1
06-06 08:07:40.400 I/httpd   ( 1526): type=1400 audit(0.0:474): avc: denied { name_bind } for src=80 scontext=u:r:init:s0 tcontext=u:object_r:port:s0 tclass=tcp_socket permissive=1
06-06 08:07:40.400 I/httpd   ( 1526): type=1400 audit(0.0:475): avc: denied { node_bind } for src=80 scontext=u:r:init:s0 tcontext=u:object_r:node:s0 tclass=tcp_socket permissive=1
06-06 08:07:40.400 I/httpd   ( 1526): type=1400 audit(0.0:476): avc: denied { net_bind_service } for capability=10 scontext=u:r:init:s0 tcontext=u:r:init:s0 tclass=capability permissive=1
06-06 08:07:40.400 I/httpd   ( 1526): type=1400 audit(0.0:477): avc: denied { listen } for lport=80 scontext=u:r:init:s0 tcontext=u:r:init:s0 tclass=tcp_socket permissive=1
06-06 08:07:40.400 I/httpd   ( 1526): type=1400 audit(0.0:478): avc: denied { accept } for lport=80 scontext=u:r:init:s0 tcontext=u:r:init:s0 tclass=tcp_socket permissive=1
06-06 08:07:42.809 I/GlobalDismissManager( 1368): no sender configured
06-06 08:07:51.727 I/ActivityManager(  590): Waited long enough for: ServiceRecord{f134ab5 u0 com.android.calendar/.alerts.InitAlarmsService}
06-06 08:07:53.616 I/genybaseband(  298): type=1400 audit(0.0:479): avc: denied { read } for path="socket:[1938]" dev="sockfs" ino=1938 scontext=u:r:logwrapper:s0 tcontext=u:r:init:s0 tclass=unix_stream_socket permissive=1
06-06 08:07:53.640 I/genybaseband( 1534): type=1400 audit(0.0:480): avc: denied { write } for path="socket:[1938]" dev="sockfs" ino=1938 scontext=u:r:logwrapper:s0 tcontext=u:r:init:s0 tclass=unix_stream_socket permissive=1
06-06 08:07:53.991 W/WifiMode(  590): WiredSSID, Invalid SupportedRates!!!
06-06 08:07:53.991 W/WifiMode(  590): WiredSSID, Invalid SupportedRates!!!
06-06 08:07:53.991 W/WifiMode(  590): WiredSSID, Invalid SupportedRates!!!
06-06 08:07:59.088 I/diskeventd(  259): type=1400 audit(0.0:481): avc: denied { read } for scontext=u:r:init:s0 tcontext=u:r:init:s0 tclass=netlink_kobject_uevent_socket permissive=1
06-06 08:07:59.088 I/netd    (  556): type=1400 audit(0.0:482): avc: denied { write } for path="socket:[12814]" dev="sockfs" ino=12814 scontext=u:r:netd:s0 tcontext=u:r:init:s0 tclass=unix_stream_socket permissive=1
06-06 08:08:02.196 I/crond   (  271): type=1400 audit(0.0:483): avc: denied { read } for name="crontab" dev="xvda7" ino=119043 scontext=u:r:vbox86-setup:s0 tcontext=u:object_r:system_data_file:s0 tclass=dir permissive=1
06-06 08:08:02.196 I/crond   (  271): type=1400 audit(0.0:484): avc: denied { open } for path="/data/crontab" dev="xvda7" ino=119043 scontext=u:r:vbox86-setup:s0 tcontext=u:object_r:system_data_file:s0 tclass=dir permissive=1
06-06 08:08:02.196 I/crond   (  271): type=1400 audit(0.0:485): avc: denied { read } for name="root" dev="xvda7" ino=119044 scontext=u:r:vbox86-setup:s0 tcontext=u:object_r:system_data_file:s0 tclass=file permissive=1
06-06 08:08:02.196 I/crond   (  271): type=1400 audit(0.0:486): avc: denied { open } for path="/data/crontab/root" dev="xvda7" ino=119044 scontext=u:r:vbox86-setup:s0 tcontext=u:object_r:system_data_file:s0 tclass=file permissive=1
06-06 08:08:02.196 I/crond   (  271): type=1400 audit(0.0:487): avc: denied { getattr } for path="/data/crontab/root" dev="xvda7" ino=119044 scontext=u:r:vbox86-setup:s0 tcontext=u:object_r:system_data_file:s0 tclass=file permissive=1
06-06 08:08:13.991 W/WifiMode(  590): WiredSSID, Invalid SupportedRates!!!
06-06 08:08:13.991 W/WifiMode(  590): WiredSSID, Invalid SupportedRates!!!
06-06 08:08:13.991 W/WifiMode(  590): WiredSSID, Invalid SupportedRates!!!
06-06 08:08:52.990 I/ActivityManager(  590): Killing 1010:com.android.keychain/1000 (adj 906): empty #17
06-06 08:08:53.991 W/WifiMode(  590): WiredSSID, Invalid SupportedRates!!!
06-06 08:08:53.991 W/WifiMode(  590): WiredSSID, Invalid SupportedRates!!!
06-06 08:08:53.991 W/WifiMode(  590): WiredSSID, Invalid SupportedRates!!!
06-06 08:09:34.756 I/<-0.0.0.053419( 1551): type=1400 audit(0.0:488): avc: denied { read } for path="socket:[1389]" dev="sockfs" ino=1389 scontext=u:r:init:s0 tcontext=u:r:init:s0 tclass=tcp_socket permissive=1
06-06 08:09:34.772 I/->0.0.0.053419( 1550): type=1400 audit(0.0:489): avc: denied { write } for path="socket:[1389]" dev="sockfs" ino=1389 scontext=u:r:init:s0 tcontext=u:r:init:s0 tclass=tcp_socket permissive=1
06-06 08:09:35.768 I/adbd    ( 1552): type=1400 audit(0.0:490): avc: denied { execute_no_trans } for path="/system/bin/sh" dev="xvda5" ino=489 scontext=u:r:init:s0 tcontext=u:object_r:shell_exec:s0 tclass=file permissive=1
06-06 08:09:35.768 I/getprop ( 1552): type=1400 audit(0.0:491): avc: denied { read write } for path="socket:[16275]" dev="sockfs" ino=16275 scontext=u:r:toolbox:s0 tcontext=u:r:init:s0 tclass=unix_stream_socket permissive=1
06-06 08:09:35.772 I/getprop ( 1552): type=1400 audit(0.0:492): avc: denied { getattr } for path="socket:[16275]" dev="sockfs" ino=16275 scontext=u:r:toolbox:s0 tcontext=u:r:init:s0 tclass=unix_stream_socket permissive=1
06-06 08:09:35.792 I/unknown ( 1558): type=1400 audit(0.0:493): avc: denied { write } for comm=73657276696365203433 name="etc" dev="xvda5" ino=559 scontext=u:r:init:s0 tcontext=u:object_r:system_file:s0 tclass=dir permissive=1
06-06 08:09:35.792 I/unknown ( 1558): type=1400 audit(0.0:494): avc: denied { remove_name } for comm=73657276696365203433 name="hosts" dev="xvda5" ino=576 scontext=u:r:init:s0 tcontext=u:object_r:system_file:s0 tclass=dir permissive=1
06-06 08:09:35.792 I/unknown ( 1558): type=1400 audit(0.0:495): avc: denied { unlink } for comm=73657276696365203433 name="hosts" dev="xvda5" ino=576 scontext=u:r:init:s0 tcontext=u:object_r:system_file:s0 tclass=file permissive=1
06-06 08:09:35.792 I/unknown ( 1558): type=1400 audit(0.0:496): avc: denied { add_name } for comm=73657276696365203433 name="hosts" scontext=u:r:init:s0 tcontext=u:object_r:system_file:s0 tclass=dir permissive=1
06-06 08:09:35.792 I/unknown ( 1558): type=1400 audit(0.0:497): avc: denied { create } for comm=73657276696365203433 name="hosts" scontext=u:r:init:s0 tcontext=u:object_r:system_file:s0 tclass=file permissive=1
06-06 08:09:35.792 I/unknown ( 1558): type=1400 audit(0.0:498): avc: denied { write } for comm=73657276696365203433 path="/system/etc/hosts" dev="xvda5" ino=576 scontext=u:r:init:s0 tcontext=u:object_r:system_file:s0 tclass=file permissive=1
06-06 08:09:35.792 I/unknown ( 1558): type=1400 audit(0.0:499): avc: denied { setattr } for comm=73657276696365203433 name="hosts" dev="xvda5" ino=576 scontext=u:r:init:s0 tcontext=u:object_r:system_file:s0 tclass=file permissive=1
06-06 08:09:42.256 I/adbd    ( 1559): type=1400 audit(0.0:500): avc: denied { ioctl } for path="/dev/pts/1" dev="devpts" ino=4 ioctlcmd=540e scontext=u:r:init:s0 tcontext=u:object_r:devpts:s0 tclass=chr_file permissive=1
06-06 08:09:42.256 I/sh      ( 1559): type=1400 audit(0.0:501): avc: denied { getattr } for path="/dev/pts/1" dev="devpts" ino=4 scontext=u:r:init:s0 tcontext=u:object_r:devpts:s0 tclass=chr_file permissive=1
06-06 08:09:42.256 I/sh      ( 1560): type=1400 audit(0.0:502): avc: denied { execute_no_trans } for path="/system/bin/cmd" dev="xvda5" ino=291 scontext=u:r:init:s0 tcontext=u:object_r:system_file:s0 tclass=file permissive=1
06-06 08:09:42.264 I/cmd     ( 1560): type=1400 audit(0.0:503): avc: denied { call } for scontext=u:r:init:s0 tcontext=u:r:servicemanager:s0 tclass=binder permissive=1
06-06 08:09:42.264 I/servicemanager(  274): type=1400 audit(0.0:504): avc: denied { search } for name="1560" dev="proc" ino=16310 scontext=u:r:servicemanager:s0 tcontext=u:r:init:s0 tclass=dir permissive=1
06-06 08:09:42.264 I/servicemanager(  274): type=1400 audit(0.0:505): avc: denied { read } for name="current" dev="proc" ino=16326 scontext=u:r:servicemanager:s0 tcontext=u:r:init:s0 tclass=file permissive=1
06-06 08:09:42.264 I/servicemanager(  274): type=1400 audit(0.0:506): avc: denied { open } for path="/proc/1560/attr/current" dev="proc" ino=16326 scontext=u:r:servicemanager:s0 tcontext=u:r:init:s0 tclass=file permissive=1
06-06 08:09:42.264 I/servicemanager(  274): type=1400 audit(0.0:507): avc: denied { getattr } for scontext=u:r:servicemanager:s0 tcontext=u:r:init:s0 tclass=process permissive=1
