--------- beginning of main
06-06 08:07:06.897 W/auditd  (  111): type=2000 audit(0.0:1): initialized
06-06 08:07:07.873 I/auditd  (  111): type=1403 audit(0.0:2): policy loaded auid=4294967295 ses=4294967295
06-06 08:07:07.997 I/init    (   88): type=1400 audit(0.0:3): avc: denied { execute_no_trans } for path="/init" dev="rootfs" ino=7811 scontext=u:r:init:s0 tcontext=u:object_r:init_exec:s0 tclass=file permissive=1
06-06 08:07:08.017 I/ueventd (   88): type=1400 audit(0.0:4): avc: denied { create } for name="__kmsg__" scontext=u:r:init:s0 tcontext=u:object_r:device:s0 tclass=chr_file permissive=1
06-06 08:07:08.045 I/ueventd (   88): type=1400 audit(0.0:5): avc: denied { unlink } for name="__kmsg__" dev="tmpfs" ino=1096 scontext=u:r:init:s0 tcontext=u:object_r:device:s0 tclass=chr_file permissive=1
06-06 08:07:08.069 I/ueventd (   88): type=1400 audit(0.0:6): avc: denied { create } for scontext=u:r:init:s0 tcontext=u:r:init:s0 tclass=netlink_kobject_uevent_socket permissive=1
06-06 08:07:08.093 I/ueventd (   88): type=1400 audit(0.0:7): avc: denied { setopt } for scontext=u:r:init:s0 tcontext=u:r:init:s0 tclass=netlink_kobject_uevent_socket permissive=1
06-06 08:07:08.113 I/ueventd (   88): type=1400 audit(0.0:8): avc: denied { bind } for scontext=u:r:init:s0 tcontext=u:r:init:s0 tclass=netlink_kobject_uevent_socket permissive=1
06-06 08:07:08.129 I/ueventd (   88): type=1400 audit(0.0:9): avc: denied { read } for scontext=u:r:init:s0 tcontext=u:r:init:s0 tclass=netlink_kobject_uevent_socket permissive=1
06-06 08:07:08.145 I/ueventd (   88): type=1400 audit(0.0:10): avc: denied { create } for name="rtc0" scontext=u:r:init:s0 tcontext=u:object_r:rtc_device:s0 tclass=chr_file permissive=1
06-06 08:07:12.309 I/init    (    1): type=1400 audit(0.0:64): avc: denied { sys_module } for capability=16 scontext=u:r:init:s0 tcontext=u:r:init:s0 tclass=capability permissive=1
06-06 08:07:12.369 I/logd    (  111): type=1400 audit(0.0:67): avc: denied { listen } for path="/dev/socket/logdr" scontext=u:r:logd:s0 tcontext=u:r:init:s0 tclass=unix_stream_socket permissive=1
06-06 08:07:12.441 I/vold    (  116): type=1400 audit(0.0:68): avc: denied { read write } for path="socket:[8134]" dev="sockfs" ino=8134 scontext=u:r:vold:s0 tcontext=u:r:init:s0 tclass=unix_stream_socket permissive=1
06-06 08:07:12.485 I/logd    (  111): type=1400 audit(0.0:69): avc: denied { setopt } for path="/dev/socket/logdw" scontext=u:r:logd:s0 tcontext=u:r:init:s0 tclass=unix_dgram_socket permissive=1
06-06 08:07:12.501 I/logd    (  111): type=1400 audit(0.0:70): avc: denied { getopt } for path="/dev/socket/logdw" scontext=u:r:logd:s0 tcontext=u:r:init:s0 tclass=unix_dgram_socket permissive=1
06-06 08:07:12.701 I/debuggerd64(  115): type=1400 audit(0.0:71): avc: denied { sendto } for path="/dev/socket/logdw" scontext=u:r:debuggerd:s0 tcontext=u:r:init:s0 tclass=unix_dgram_socket permissive=1
06-06 08:07:12.703 I/        (  115): debuggerd: starting
06-06 08:07:12.777 I/vold    (  116): type=1400 audit(0.0:72): avc: denied { sendto } for path="/dev/socket/logdw" scontext=u:r:vold:s0 tcontext=u:r:init:s0 tclass=unix_dgram_socket permissive=1
--------- beginning of system
06-06 08:07:12.777 I/vold    (  116): Vold 3.0 (the awakening) firing up
06-06 08:07:12.817 I/        (  114): debuggerd: starting
06-06 08:07:13.029 I/vold    (  116): type=1400 audit(0.0:73): avc: denied { listen } for path="/dev/socket/vold" scontext=u:r:vold:s0 tcontext=u:r:init:s0 tclass=unix_stream_socket permissive=1
06-06 08:07:13.029 I/ueventd (   88): type=1400 audit(0.0:74): avc: denied { relabelfrom } for name="ram0" dev="tmpfs" ino=8047 scontext=u:r:init:s0 tcontext=u:object_r:ram_device:s0 tclass=blk_file permissive=1
06-06 08:07:13.029 I/ueventd (   88): type=1400 audit(0.0:75): avc: denied { relabelto } for name="ram0" dev="tmpfs" ino=8047 scontext=u:r:init:s0 tcontext=u:object_r:ram_device:s0 tclass=blk_file permissive=1
06-06 08:07:13.057 I/vdc     (  117): type=1400 audit(0.0:76): avc: denied { connectto } for path="/dev/socket/cryptd" scontext=u:r:vdc:s0 tcontext=u:r:init:s0 tclass=unix_stream_socket permissive=1
06-06 08:07:13.057 I/vold    (  128): type=1400 audit(0.0:77): avc: denied { accept } for path="/dev/socket/cryptd" scontext=u:r:vold:s0 tcontext=u:r:init:s0 tclass=unix_stream_socket permissive=1
06-06 08:07:13.057 I/vold    (  128): type=1400 audit(0.0:78): avc: denied { getopt } for path="/dev/socket/cryptd" scontext=u:r:vold:s0 tcontext=u:r:init:s0 tclass=unix_stream_socket permissive=1
06-06 08:07:13.149 I/ueventd (   88): type=1400 audit(0.0:79): avc: denied { relabelfrom } for name="xvda" dev="tmpfs" ino=1106 scontext=u:r:init:s0 tcontext=u:object_r:block_device:s0 tclass=blk_file permissive=1
06-06 08:07:13.149 I/ueventd (   88): type=1400 audit(0.0:80): avc: denied { relabelto } for name="xvda" dev="tmpfs" ino=1106 scontext=u:r:init:s0 tcontext=u:object_r:block_device:s0 tclass=blk_file permissive=1
06-06 08:07:13.152 I/vdc     (    1): 200 117 Command succeeded
06-06 08:07:13.169 I/ueventd (   88): type=1400 audit(0.0:81): avc: denied { relabelfrom } for name="loop0" dev="tmpfs" ino=8057 scontext=u:r:init:s0 tcontext=u:object_r:loop_device:s0 tclass=blk_file permissive=1
06-06 08:07:13.169 I/ueventd (   88): type=1400 audit(0.0:82): avc: denied { relabelto } for name="loop0" dev="tmpfs" ino=8057 scontext=u:r:init:s0 tcontext=u:object_r:loop_device:s0 tclass=blk_file permissive=1
06-06 08:07:13.237 I/tzdatacheck(  129): type=1400 audit(0.0:83): avc: denied { sendto } for path="/dev/socket/logdw" scontext=u:r:tzdatacheck:s0 tcontext=u:r:init:s0 tclass=unix_dgram_socket permissive=1
06-06 08:07:13.239 I//system/bin/tzdatacheck(  129): tzdata file /data/misc/zoneinfo/current/tzdata does not exist. No action required.
06-06 08:07:13.265 I/ueventd (   88): type=1400 audit(0.0:84): avc: denied { read } for scontext=u:r:init:s0 tcontext=u:r:init:s0 tclass=netlink_kobject_uevent_socket permissive=1
06-06 08:07:13.369 I/sshd    (  132): type=1400 audit(0.0:85): avc: denied { sendto } for path="/dev/socket/logdw" scontext=u:r:start-ssh:s0 tcontext=u:r:init:s0 tclass=unix_dgram_socket permissive=1
06-06 08:07:13.371 I//system/bin/sshd(  132): Server listening on :: port 22.
06-06 08:07:13.371 I//system/bin/sshd(  132): Server listening on 0.0.0.0 port 22.
06-06 08:07:13.371 E//system/bin/sshd(  132): error: Couldn't create pid file "/var/run/sshd.pid": No such file or directory
06-06 08:07:13.385 I/init    (    1): type=1400 audit(0.0:86): avc: denied { read } for name="httpd" dev="xvda5" ino=3526 scontext=u:r:init:s0 tcontext=u:object_r:httpd_exec:s0 tclass=lnk_file permissive=1
06-06 08:07:13.385 I/init    (    1): type=1400 audit(0.0:87): avc: denied { getattr } for path="/system/xbin/busybox" dev="xvda5" ino=3451 scontext=u:r:init:s0 tcontext=u:object_r:busybox_exec:s0 tclass=file permissive=1
06-06 08:07:13.397 I/init    (  133): type=1400 audit(0.0:88): avc: denied { execute } for name="busybox" dev="xvda5" ino=3451 scontext=u:r:init:s0 tcontext=u:object_r:busybox_exec:s0 tclass=file permissive=1
06-06 08:07:13.397 I/init    (  133): type=1400 audit(0.0:89): avc: denied { read open } for path="/system/xbin/busybox" dev="xvda5" ino=3451 scontext=u:r:init:s0 tcontext=u:object_r:busybox_exec:s0 tclass=file permissive=1
06-06 08:07:13.397 I/init    (  133): type=1400 audit(0.0:90): avc: denied { execute_no_trans } for path="/system/xbin/busybox" dev="xvda5" ino=3451 scontext=u:r:init:s0 tcontext=u:object_r:busybox_exec:s0 tclass=file permissive=1
06-06 08:07:13.405 I/cp      (  134): type=1400 audit(0.0:91): avc: denied { read } for name="www" dev="xvda7" ino=7939 scontext=u:r:toolbox:s0 tcontext=u:object_r:system_data_file:s0 tclass=dir permissive=1
06-06 08:07:13.405 I/cp      (  134): type=1400 audit(0.0:92): avc: denied { open } for path="/data/www" dev="xvda7" ino=7939 scontext=u:r:toolbox:s0 tcontext=u:object_r:system_data_file:s0 tclass=dir permissive=1
06-06 08:07:13.405 I/cp      (  134): type=1400 audit(0.0:93): avc: denied { write } for name="definition.v1.yaml" dev="xvda7" ino=7941 scontext=u:r:toolbox:s0 tcontext=u:object_r:system_data_file:s0 tclass=file permissive=1
06-06 08:07:13.405 I/cp      (  134): type=1400 audit(0.0:94): avc: denied { open } for path="/data/www/api/definition.v1.yaml" dev="xvda7" ino=7941 scontext=u:r:toolbox:s0 tcontext=u:object_r:system_data_file:s0 tclass=file permissive=1
06-06 08:07:13.589 I/httpd   (  133): type=1400 audit(0.0:95): avc: denied { create } for scontext=u:r:init:s0 tcontext=u:r:init:s0 tclass=tcp_socket permissive=1
06-06 08:07:13.589 I/httpd   (  133): type=1400 audit(0.0:96): avc: denied { setopt } for scontext=u:r:init:s0 tcontext=u:r:init:s0 tclass=tcp_socket permissive=1
06-06 08:07:13.589 I/httpd   (  133): type=1400 audit(0.0:97): avc: denied { bind } for scontext=u:r:init:s0 tcontext=u:r:init:s0 tclass=tcp_socket permissive=1
06-06 08:07:13.589 I/httpd   (  133): type=1400 audit(0.0:98): avc: denied { name_bind } for src=80 scontext=u:r:init:s0 tcontext=u:object_r:port:s0 tclass=tcp_socket permissive=1
06-06 08:07:13.589 I/httpd   (  133): type=1400 audit(0.0:99): avc: denied { node_bind } for src=80 scontext=u:r:init:s0 tcontext=u:object_r:node:s0 tclass=tcp_socket permissive=1
06-06 08:07:13.589 I/httpd   (  133): type=1400 audit(0.0:100): avc: denied { net_bind_service } for capability=10 scontext=u:r:init:s0 tcontext=u:r:init:s0 tclass=capability permissive=1
06-06 08:07:13.589 I/httpd   (  133): type=1400 audit(0.0:101): avc: denied { listen } for lport=80 scontext=u:r:init:s0 tcontext=u:r:init:s0 tclass=tcp_socket permissive=1
06-06 08:07:13.589 I/httpd   (  133): type=1400 audit(0.0:102): avc: denied { accept } for lport=80 scontext=u:r:init:s0 tcontext=u:r:init:s0 tclass=tcp_socket permissive=1
06-06 08:07:15.673 I/logd    (  120): type=1400 audit(0.0:104): avc: denied { getopt } for path="/dev/socket/logd" scontext=u:r:logd:s0 tcontext=u:r:init:s0 tclass=unix_stream_socket permissive=1
06-06 08:07:15.673 I/logd.control(  120): type=1400 audit(0.0:105): avc: denied { sendto } for path="/dev/socket/logdw" scontext=u:r:logd:s0 tcontext=u:r:init:s0 tclass=unix_dgram_socket permissive=1
06-06 08:07:15.793 I/perfprofd(  143): type=1400 audit(0.0:106): avc: denied { sendto } for path="/dev/socket/logdw" scontext=u:r:perfprofd:s0 tcontext=u:r:init:s0 tclass=unix_dgram_socket permissive=1
06-06 08:07:15.800 I/perfprofd(  143): starting Android Wide Profiling daemon
06-06 08:07:15.804 E/perfprofd(  143): unable to open configuration file /data/data/com.google.android.gms/files/perfprofd.conf
06-06 08:07:15.804 I/perfprofd(  143): random seed set to 1476647879
06-06 08:07:15.829 I/gatekeeperd(  140): type=1400 audit(0.0:107): avc: denied { sendto } for path="/dev/socket/logdw" scontext=u:r:gatekeeperd:s0 tcontext=u:r:init:s0 tclass=unix_dgram_socket permissive=1
06-06 08:07:15.843 I/gatekeeperd(  140): Starting gatekeeperd...
06-06 08:07:15.933 I/init    (  150): type=1400 audit(0.0:108): avc: denied { execute_no_trans } for path="/sbin/adbd" dev="rootfs" ino=7825 scontext=u:r:init:s0 tcontext=u:object_r:rootfs:s0 tclass=file permissive=1
06-06 08:07:15.933 I/adbd    (  150): type=1400 audit(0.0:109): avc: denied { write } for name="property_service" dev="tmpfs" ino=7938 scontext=u:r:init:s0 tcontext=u:object_r:property_socket:s0 tclass=sock_file permissive=1
06-06 08:07:16.445 I/ueventd (   88): type=1400 audit(0.0:110): avc: denied { create } for name="fb0" scontext=u:r:init:s0 tcontext=u:object_r:graphics_device:s0 tclass=chr_file permissive=1
06-06 08:07:16.665 I/diskeventd(  258): type=1400 audit(0.0:111): avc: denied { create } for scontext=u:r:init:s0 tcontext=u:r:init:s0 tclass=netlink_kobject_uevent_socket permissive=1
06-06 08:07:16.665 I/diskeventd(  258): type=1400 audit(0.0:112): avc: denied { setopt } for scontext=u:r:init:s0 tcontext=u:r:init:s0 tclass=netlink_kobject_uevent_socket permissive=1
06-06 08:07:16.665 I/diskeventd(  258): type=1400 audit(0.0:113): avc: denied { bind } for scontext=u:r:init:s0 tcontext=u:r:init:s0 tclass=netlink_kobject_uevent_socket permissive=1
06-06 08:07:16.665 I/diskeventd(  258): type=1400 audit(0.0:114): avc: denied { getopt } for scontext=u:r:init:s0 tcontext=u:r:init:s0 tclass=netlink_kobject_uevent_socket permissive=1
06-06 08:07:16.773 I/logwrapper(  264): type=1400 audit(0.0:115): avc: denied { read write } for path="socket:[1866]" dev="sockfs" ino=1866 scontext=u:r:logwrapper:s0 tcontext=u:r:init:s0 tclass=unix_stream_socket permissive=1
06-06 08:07:16.773 I/logwrapper(  264): type=1400 audit(0.0:116): avc: denied { read write } for name="0" dev="devpts" ino=3 scontext=u:r:logwrapper:s0 tcontext=u:object_r:devpts:s0 tclass=chr_file permissive=1
06-06 08:07:16.773 I/logwrapper(  264): type=1400 audit(0.0:117): avc: denied { open } for path="/dev/pts/0" dev="devpts" ino=3 scontext=u:r:logwrapper:s0 tcontext=u:object_r:devpts:s0 tclass=chr_file permissive=1
06-06 08:07:16.773 I/logwrapper(  267): type=1400 audit(0.0:118): avc: denied { execute } for name="genybaseband" dev="xvda5" ino=339 scontext=u:r:logwrapper:s0 tcontext=u:object_r:genybaseband_exec:s0 tclass=file permissive=1
06-06 08:07:16.773 I/logwrapper(  267): type=1400 audit(0.0:119): avc: denied { read open } for path="/system/bin/genybaseband" dev="xvda5" ino=339 scontext=u:r:logwrapper:s0 tcontext=u:object_r:genybaseband_exec:s0 tclass=file permissive=1
06-06 08:07:16.773 I/logwrapper(  267): type=1400 audit(0.0:120): avc: denied { execute_no_trans } for path="/system/bin/genybaseband" dev="xvda5" ino=339 scontext=u:r:logwrapper:s0 tcontext=u:object_r:genybaseband_exec:s0 tclass=file permissive=1
06-06 08:07:16.797 I/lmkd    (  265): type=1400 audit(0.0:121): avc: denied { read write } for path="socket:[1875]" dev="sockfs" ino=1875 scontext=u:r:lmkd:s0 tcontext=u:r:init:s0 tclass=unix_stream_socket permissive=1
06-06 08:07:16.821 I/lmkd    (  265): type=1400 audit(0.0:122): avc: denied { listen } for path="/dev/socket/lmkd" scontext=u:r:lmkd:s0 tcontext=u:r:init:s0 tclass=unix_stream_socket permissive=1
06-06 08:07:16.821 I/lmkd    (  265): type=1400 audit(0.0:123): avc: denied { sendto } for path="/dev/socket/logdw" scontext=u:r:lmkd:s0 tcontext=u:r:init:s0 tclass=unix_dgram_socket permissive=1
06-06 08:07:16.821 I/genybaseband(  267): type=1400 audit(0.0:124): avc: denied { getattr } for path="/system/bin/genybaseband" dev="xvda5" ino=339 scontext=u:r:logwrapper:s0 tcontext=u:object_r:genybaseband_exec:s0 tclass=file permissive=1
06-06 08:07:16.827 I/lowmemorykiller(  265): Using in-kernel low memory killer interface
06-06 08:07:16.857 I/network_profile(  266): type=1400 audit(0.0:125): avc: denied { sendto } for path="/dev/socket/logdw" scontext=u:r:network_profile:s0 tcontext=u:r:init:s0 tclass=unix_dgram_socket permissive=1
06-06 08:07:16.857 I/genybaseband(  267): type=1400 audit(0.0:126): avc: denied { create } for scontext=u:r:logwrapper:s0 tcontext=u:r:logwrapper:s0 tclass=tcp_socket permissive=1
06-06 08:07:16.857 I/genybaseband(  267): type=1400 audit(0.0:127): avc: denied { connect } for scontext=u:r:logwrapper:s0 tcontext=u:r:logwrapper:s0 tclass=tcp_socket permissive=1
06-06 08:07:16.857 I/genybaseband(  267): type=1400 audit(0.0:128): avc: denied { name_connect } for dest=6379 scontext=u:r:logwrapper:s0 tcontext=u:object_r:port:s0 tclass=tcp_socket permissive=1
06-06 08:07:16.857 I/genybaseband(  267): type=1400 audit(0.0:129): avc: denied { getopt } for laddr=127.0.0.1 lport=45514 faddr=127.0.0.1 fport=6379 scontext=u:r:logwrapper:s0 tcontext=u:r:logwrapper:s0 tclass=tcp_socket permissive=1
06-06 08:07:16.862 E/network_profile_handler(  266): init_all_network_profile_state: wlan: wlan0 phone:rmnet0
06-06 08:07:16.862 I/network_profile(  266): Redis connect
06-06 08:07:16.862 I/network_profile(  266): Redis PUB: network_profile status ready
06-06 08:07:16.862 W/baseband-redis(  267): Redis message not properly formated
06-06 08:07:16.862 I/network_profile(  266): Redis read thread
06-06 08:07:16.862 I/network_profile(  266): Redis read wait
06-06 08:07:16.863 W/network_profile(  266): message not properly formated
06-06 08:07:16.891 I/crond   (  271): crond: crond (busybox 1.22.1 bionic) started, log level 8
06-06 08:07:17.232 W/vinput  (  276): Empty command, we ignore it
06-06 08:07:17.232 I/        (  284): installd firing up
06-06 08:07:17.234 W/vinput  (  276): Vinput: Publish command vinput status ready configured:0 has no receiver
06-06 08:07:17.249 I/Netd    (  290): Netd 1.0 starting
06-06 08:07:17.314 I/keystore(  285): Found keymaster0 module Keymaster OpenSSL HAL, version 2
06-06 08:07:17.314 I/SoftKeymaster(  285): system/keymaster/soft_keymaster_device.cpp, Line 131: Creating device
06-06 08:07:17.314 I/keystore(  285): Keymaster0 module is software-only.  Using SoftKeymasterDevice instead.
06-06 08:07:17.314 I/SoftKeymaster(  285): system/keymaster/soft_keymaster_device.cpp, Line 131: Creating device
06-06 08:07:17.525 I/surfaceflinger(  277): type=1400 audit(0.0:186): avc: denied { sendto } for path="/dev/socket/logdw" scontext=u:r:surfaceflinger:s0 tcontext=u:r:init:s0 tclass=unix_dgram_socket permissive=1
06-06 08:07:17.526 I/SurfaceFlinger(  277): SurfaceFlinger is starting
06-06 08:07:17.549 I/SurfaceFlinger(  277): SurfaceFlinger's main thread ready to run. Initializing graphics H/W...
06-06 08:07:17.550 E/libEGL  (  277): load_driver(/vendor/lib64/egl/libGLES_swiftshader.so): dlopen failed: library "/vendor/lib64/egl/libGLES_swiftshader.so" not found
06-06 08:07:17.569 I/cameraserver(  281): type=1400 audit(0.0:187): avc: denied { sendto } for path="/dev/socket/logdw" scontext=u:r:cameraserver:s0 tcontext=u:r:init:s0 tclass=unix_dgram_socket permissive=1
06-06 08:07:17.570 I/cameraserver(  281): ServiceManager: 0xf171afc0
06-06 08:07:17.573 I/mediacodec(  286): type=1400 audit(0.0:188): avc: denied { sendto } for path="/dev/socket/logdw" scontext=u:r:mediacodec:s0 tcontext=u:r:init:s0 tclass=unix_dgram_socket permissive=1
06-06 08:07:17.573 I/mediacodec(  286): @@@ mediacodecservice starting
06-06 08:07:17.574 W/        (  286): No seccomp filter defined for this architecture.
06-06 08:07:17.590 I/CameraService(  281): CameraService started (pid=281)
06-06 08:07:17.590 I/CameraService(  281): CameraService process starting
06-06 08:07:17.590 W/BatteryNotifier(  281): batterystats service unavailable!
06-06 08:07:17.590 W/BatteryNotifier(  281): batterystats service unavailable!
06-06 08:07:17.609 I/audioserver(  280): type=1400 audit(0.0:189): avc: denied { sendto } for path="/dev/socket/logdw" scontext=u:r:audioserver:s0 tcontext=u:r:init:s0 tclass=unix_dgram_socket permissive=1
06-06 08:07:17.610 I/        (  280): sMaxFastTracks = 8
06-06 08:07:17.610 I/audioserver(  280): ServiceManager: 0xee99afc0
06-06 08:07:17.610 W/BatteryNotifier(  280): batterystats service unavailable!
06-06 08:07:17.610 I/AudioFlinger(  280): Using default 3000 mSec as standby time.
06-06 08:07:17.610 I/AudioPolicyService(  280): AudioPolicyService CSTOR in new mode
06-06 08:07:17.623 I/APM::ConfigParsingUtils(  280): loadAudioPolicyConfig() loaded /system/etc/audio_policy.conf
06-06 08:07:17.629 I/cameraserver(  281): type=1400 audit(0.0:190): avc: denied { create } for scontext=u:r:cameraserver:s0 tcontext=u:r:cameraserver:s0 tclass=tcp_socket permissive=1
06-06 08:07:17.629 I/cameraserver(  281): type=1400 audit(0.0:191): avc: denied { write } for name="fwmarkd" dev="tmpfs" ino=9180 scontext=u:r:cameraserver:s0 tcontext=u:object_r:fwmarkd_socket:s0 tclass=sock_file permissive=1
06-06 08:07:17.629 I/cameraserver(  281): type=1400 audit(0.0:192): avc: denied { connect } for scontext=u:r:cameraserver:s0 tcontext=u:r:cameraserver:s0 tclass=tcp_socket permissive=1
06-06 08:07:17.629 I/cameraserver(  281): type=1400 audit(0.0:193): avc: denied { name_connect } for dest=24801 scontext=u:r:cameraserver:s0 tcontext=u:object_r:port:s0 tclass=tcp_socket permissive=1
06-06 08:07:17.629 I/cameraserver(  281): type=1400 audit(0.0:194): avc: denied { setopt } for laddr=127.0.0.1 lport=49048 faddr=127.0.0.1 fport=24801 scontext=u:r:cameraserver:s0 tcontext=u:r:cameraserver:s0 tclass=tcp_socket permissive=1
06-06 08:07:17.632 E/EmulatedCamera_Factory(  281): 2 cameras are being emulated.
06-06 08:07:17.632 E/EmulatedCamera_HotplugThread(  281): createFileIfNotExists: Could not create file '/data/misc/media/emulator.camera.hotplug.0', error: 'Permission denied' (13)
06-06 08:07:17.632 E/EmulatedCamera_HotplugThread(  281): createFileIfNotExists: Could not create file '/data/misc/media/emulator.camera.hotplug.1', error: 'Permission denied' (13)
06-06 08:07:17.632 E/cutils-trace(  281): Error opening trace file: Permission denied (13)
06-06 08:07:17.632 I/CameraService(  281): Loaded "Emulated Camera Module" camera module
06-06 08:07:17.632 E/CameraService(  281): setUpVendorTags: Vendor tag operations not fully defined. Ignoring definitions.
06-06 08:07:17.632 I/CameraFlashlight(  281): Opening camera 0
06-06 08:07:17.645 I/ServiceManager(  281): Waiting for service SurfaceFlinger...
06-06 08:07:17.672 E/genymotion_audio(  280): Fail to get mixer ctl: Master Playback Switch
06-06 08:07:17.672 E/genymotion_audio(  280): Fail to get mixer ctl: Master Playback Volume
06-06 08:07:17.672 E/genymotion_audio(  280): Fail to get mixer ctl: PCM Playback Switch
06-06 08:07:17.672 E/genymotion_audio(  280): Fail to get mixer ctl: PCM Playback Volume
06-06 08:07:17.672 E/genymotion_audio(  280): Fail to get mixer ctl: Capture Switch
06-06 08:07:17.672 E/genymotion_audio(  280): Fail to get mixer ctl: Capture Volume
06-06 08:07:17.672 I/genymotion_audio(  280): Starting audio input server
06-06 08:07:17.672 I/genymotion_audio(  280): Starting input server...
06-06 08:07:17.672 I/genymotion_audio(  280): pcm dump: lock server init ret: 0
06-06 08:07:17.672 I/genymotion_audio(  280): pcm dump: init input buffer with 1764 frames of 4 bytes
06-06 08:07:17.672 I/genymotion_audio(  280): Starting input pcm server
06-06 08:07:17.672 I/AudioFlinger(  280): loadHwModule() Loaded primary audio interface from Generic audio HW HAL (audio) handle 10
06-06 08:07:17.672 I/AudioFlinger(  280): openOutput(), module 10 Device 2, SamplingRate 44100, Format 0x000001, Channels 3, flags 2
06-06 08:07:17.672 I/genymotion_audio(  280): Starting pcm out server
06-06 08:07:17.672 W/AudioFlinger(  280): HAL output buffer size is 661 frames but AudioMixer requires multiples of 16 frames
06-06 08:07:17.672 I/AudioFlinger(  280): HAL output buffer size 661 frames, normal sink buffer size 1056 frames
06-06 08:07:17.681 I/audioserver(  406): type=1400 audit(0.0:195): avc: denied { listen } for path="/dev/socket/audio_in" scontext=u:r:audioserver:s0 tcontext=u:r:init:s0 tclass=unix_stream_socket permissive=1
06-06 08:07:17.681 I/audioserver(  406): type=1400 audit(0.0:196): avc: denied { accept } for path="/dev/socket/audio_in" scontext=u:r:audioserver:s0 tcontext=u:r:init:s0 tclass=unix_stream_socket permissive=1
06-06 08:07:17.682 I/genymotion_audio(  280): Input server: Trying to get unix socket
06-06 08:07:17.682 I/genymotion_audio(  280): Input server: done, checking...
06-06 08:07:17.682 I/genymotion_audio(  280): Input server: socket is okay, listening on it...
06-06 08:07:17.682 I/genymotion_audio(  280): Input server: done listening
06-06 08:07:17.682 I/genymotion_audio(  280): Input server waiting for connection
06-06 08:07:17.682 I/genymotion_audio(  280): out sampling rate 0
06-06 08:07:17.689 I/BufferProvider(  280): found effect "Multichannel Downmix To Stereo" from The Android Open Source Project
06-06 08:07:17.689 I/AudioFlinger(  280): Using module 10 has the primary audio interface
06-06 08:07:17.729 I/AudioFlinger(  280): AudioFlinger's thread 0xee41ba40 ready to run
06-06 08:07:17.729 W/BatteryNotifier(  280): batterystats service unavailable!
06-06 08:07:17.729 W/BatteryNotifier(  280): batterystats service unavailable!
06-06 08:07:17.730 W/BatteryNotifier(  280): batterystats service unavailable!
06-06 08:07:17.730 W/AudioFlinger(  280): no wake lock to update, system not ready yet
06-06 08:07:17.730 E/cutils-trace(  280): Error opening trace file: Permission denied (13)
06-06 08:07:17.730 I/genymotion_audio(  280): pcm dump: lock init ret: 0
06-06 08:07:17.730 I/genymotion_audio(  280): pcm dump: in->pcm_config.rate: 44100
06-06 08:07:17.730 I/genymotion_audio(  280): pcm dump: in->pcm_config.period_size: 441
06-06 08:07:17.730 I/genymotion_audio(  280): pcm dump: in->pcm_config.period_count: 4
06-06 08:07:17.730 I/genymotion_audio(  280): pcm dump: in->pcm_config.channels: 2
06-06 08:07:17.730 I/genymotion_audio(  280): pcm dump: to byte: 2
06-06 08:07:17.732 I/genymotion_audio(  280): in_read_worker: Start.  channels 2 format 0 rate 44100
06-06 08:07:17.732 I/genymotion_audio(  280): in_read_worker dump: in->pcm_config.period_size: 441
06-06 08:07:17.732 I/genymotion_audio(  280): in_read_worker dump: in->pcm_config.period_count: 4
06-06 08:07:17.732 I/genymotion_audio(  280): in_read_worker dump: in->pcm_config.channels: 2
06-06 08:07:17.732 I/genymotion_audio(  280): in_read_worker dump: to byte: 2
06-06 08:07:17.732 I/genymotion_audio(  280): in_read_worker standby/restart
06-06 08:07:17.741 I/AudioFlinger(  280): AudioFlinger's thread 0xedd03c00 ready to run
06-06 08:07:17.756 E/FastThread(  280): did not receive expected priority boost
06-06 08:07:17.757 I/RadioService(  280): RadioService
06-06 08:07:17.757 I/RadioService(  280): onFirstRef
06-06 08:07:17.758 E/RadioService(  280): couldn't load radio module radio.primary (No such file or directory)
06-06 08:07:17.758 E/SoundTriggerHwService(  280): couldn't load sound trigger module sound_trigger.primary (No such file or directory)
06-06 08:07:17.821 I/mediaextractor(  288): type=1400 audit(0.0:197): avc: denied { sendto } for path="/dev/socket/logdw" scontext=u:r:mediaextractor:s0 tcontext=u:r:init:s0 tclass=unix_dgram_socket permissive=1
06-06 08:07:17.846 W//system/bin/mediaextractor(  288): libminijail: allowing syscall: socketcall
06-06 08:07:17.846 W//system/bin/mediaextractor(  288): libminijail: allowing syscall: writev
06-06 08:07:17.846 W//system/bin/mediaextractor(  288): libminijail: allowing syscall: fcntl64
06-06 08:07:17.846 W//system/bin/mediaextractor(  288): libminijail: allowing syscall: clock_gettime
06-06 08:07:17.847 W//system/bin/mediaextractor(  288): libminijail: logging seccomp filter failures
06-06 08:07:17.857 I/gatekeeperd(  140): type=1400 audit(0.0:198): avc: denied { sendto } for path="/dev/socket/logdw" scontext=u:r:gatekeeperd:s0 tcontext=u:r:init:s0 tclass=unix_dgram_socket permissive=1
06-06 08:07:17.857 W/gatekeeperd(  140): falling back to software GateKeeper
06-06 08:07:17.889 I/mediadrmserver(  287): type=1400 audit(0.0:199): avc: denied { sendto } for path="/dev/socket/logdw" scontext=u:r:mediadrmserver:s0 tcontext=u:r:init:s0 tclass=unix_dgram_socket permissive=1
06-06 08:07:17.893 I/mediaserver(  289): type=1400 audit(0.0:200): avc: denied { sendto } for path="/dev/socket/logdw" scontext=u:r:mediaserver:s0 tcontext=u:r:init:s0 tclass=unix_dgram_socket permissive=1
06-06 08:07:17.893 I/mediaserver(  287): ServiceManager: 0xeb33c040
06-06 08:07:17.893 I/mediaserver(  289): ServiceManager: 0xeaf3c040
06-06 08:07:17.991 W/BatteryNotifier(  289): batterystats service unavailable!
06-06 08:07:18.023 I/iptables(  290): iptables v1.4.20: Couldn't find target `fw_dozable'
06-06 08:07:18.023 I/iptables(  290): 
06-06 08:07:18.023 I/iptables(  290): Try `iptables -h' or 'iptables --help' for more information.
06-06 08:07:18.023 I/iptables(  290): iptables terminated by exit(2)
06-06 08:07:18.023 E/Netd    (  290): exec() res=0, status=512 for /system/bin/iptables -w -t filter -D fw_INPUT -j fw_dozable 
06-06 08:07:18.025 I/iptables-restor(  509): type=1400 audit(0.0:201): avc: denied { module_request } for kmod="ipt_owner" scontext=u:r:netd:s0 tcontext=u:r:kernel:s0 tclass=system permissive=1
06-06 08:07:18.025 I/ip6tables(  290): ip6tables v1.4.20: Couldn't find target `fw_dozable'
06-06 08:07:18.025 I/ip6tables(  290): 
06-06 08:07:18.025 I/ip6tables(  290): Try `ip6tables -h' or 'ip6tables --help' for more information.
06-06 08:07:18.026 I/ip6tables(  290): ip6tables terminated by exit(2)
06-06 08:07:18.026 E/Netd    (  290): exec() res=0, status=512 for /system/bin/ip6tables -w -t filter -D fw_INPUT -j fw_dozable 
06-06 08:07:18.044 E/Netd    (  290): /system/bin/iptables-restore failed with res=0, status=256
06-06 08:07:18.047 E/Netd    (  290): /system/bin/ip6tables-restore failed with res=0, status=256
06-06 08:07:18.049 I/iptables(  290): iptables v1.4.20: Couldn't find target `fw_standby'
06-06 08:07:18.049 I/iptables(  290): 
06-06 08:07:18.049 I/iptables(  290): Try `iptables -h' or 'iptables --help' for more information.
06-06 08:07:18.049 I/iptables(  290): iptables terminated by exit(2)
06-06 08:07:18.049 E/Netd    (  290): exec() res=0, status=512 for /system/bin/iptables -w -t filter -D fw_INPUT -j fw_standby 
06-06 08:07:18.051 I/ip6tables(  290): ip6tables v1.4.20: Couldn't find target `fw_standby'
06-06 08:07:18.051 I/ip6tables(  290): 
06-06 08:07:18.051 I/ip6tables(  290): Try `ip6tables -h' or 'ip6tables --help' for more information.
06-06 08:07:18.051 I/ip6tables(  290): ip6tables terminated by exit(2)
06-06 08:07:18.051 E/Netd    (  290): exec() res=0, status=512 for /system/bin/ip6tables -w -t filter -D fw_INPUT -j fw_standby 
06-06 08:07:18.058 I/iptables(  290): iptables v1.4.20: Couldn't find target `fw_powersave'
06-06 08:07:18.058 I/iptables(  290): 
06-06 08:07:18.058 I/iptables(  290): Try `iptables -h' or 'iptables --help' for more information.
06-06 08:07:18.058 I/iptables(  290): iptables terminated by exit(2)
06-06 08:07:18.058 E/Netd    (  290): exec() res=0, status=512 for /system/bin/iptables -w -t filter -D fw_INPUT -j fw_powersave 
06-06 08:07:18.060 I/ip6tables(  290): ip6tables v1.4.20: Couldn't find target `fw_powersave'
06-06 08:07:18.060 I/ip6tables(  290): 
06-06 08:07:18.060 I/ip6tables(  290): Try `ip6tables -h' or 'ip6tables --help' for more information.
06-06 08:07:18.060 I/ip6tables(  290): ip6tables terminated by exit(2)
06-06 08:07:18.060 E/Netd    (  290): exec() res=0, status=512 for /system/bin/ip6tables -w -t filter -D fw_INPUT -j fw_powersave 
06-06 08:07:18.065 E/Netd    (  290): /system/bin/iptables-restore failed with res=0, status=256
06-06 08:07:18.068 E/Netd    (  290): /system/bin/ip6tables-restore failed with res=0, status=256
06-06 08:07:18.157 E/Netd    (  290): /system/bin/iptables-restore failed with res=0, status=256
06-06 08:07:18.161 E/Netd    (  290): /system/bin/ip6tables-restore failed with res=0, status=256
06-06 08:07:18.177 I/netd    (  290): type=1400 audit(0.0:202): avc: denied { sys_module } for capability=16 scontext=u:r:netd:s0 tcontext=u:r:netd:s0 tclass=capability permissive=1
06-06 08:07:18.177 I/netd    (  290): type=1400 audit(0.0:203): avc: denied { listen } for path="/dev/socket/dnsproxyd" scontext=u:r:netd:s0 tcontext=u:r:init:s0 tclass=unix_stream_socket permissive=1
06-06 08:07:18.177 E/Netd    (  290): cannot find interface dummy0
06-06 08:07:18.178 E/Netd    (  290): Unable to create netlink socket: Protocol not supported
06-06 08:07:18.178 E/Netd    (  290): Unable to open quota socket
06-06 08:07:18.217 I/healthd (  292): type=1400 audit(0.0:204): avc: denied { call } for scontext=u:r:init:s0 tcontext=u:r:servicemanager:s0 tclass=binder permissive=1
06-06 08:07:18.217 I/healthd (  292): type=1400 audit(0.0:205): avc: denied { transfer } for scontext=u:r:init:s0 tcontext=u:r:servicemanager:s0 tclass=binder permissive=1
06-06 08:07:18.219 E/SELinux (  274): avc:  denied  { add } for service=batteryproperties pid=292 uid=0 scontext=u:r:init:s0 tcontext=u:object_r:batteryproperties_service:s0 tclass=service_manager permissive=1
06-06 08:07:18.436 I/gralloc (  277): using (fd=11)
06-06 08:07:18.436 I/gralloc (  277): id           = Virtual FB
06-06 08:07:18.436 I/gralloc (  277): xres         = 600 px
06-06 08:07:18.436 I/gralloc (  277): yres         = 1024 px
06-06 08:07:18.436 I/gralloc (  277): xres_virtual = 600 px
06-06 08:07:18.436 I/gralloc (  277): yres_virtual = 2048 px
06-06 08:07:18.436 I/gralloc (  277): bpp          = 32
06-06 08:07:18.436 I/gralloc (  277): r            = 16:8
06-06 08:07:18.436 I/gralloc (  277): g            =  8:8
06-06 08:07:18.436 I/gralloc (  277): b            =  0:8
06-06 08:07:18.436 I/gralloc (  277): width        = 95 mm (160.421051 dpi)
06-06 08:07:18.436 I/gralloc (  277): height       = 162 mm (160.553085 dpi)
06-06 08:07:18.436 I/gralloc (  277): refresh rate = 60.00 Hz
06-06 08:07:18.437 E/SurfaceFlinger(  277): hwcomposer module not found
06-06 08:07:18.437 I/SurfaceFlinger(  277): Trying a simpler query for non-RGBA_8888
06-06 08:07:18.437 I/SurfaceFlinger(  277): EGL information: format=0x5
06-06 08:07:18.437 I/SurfaceFlinger(  277): vendor    : Android
06-06 08:07:18.437 I/SurfaceFlinger(  277): version   : 1.4 Android META-EGL
06-06 08:07:18.437 I/SurfaceFlinger(  277): extensions: EGL_KHR_get_all_proc_addresses EGL_ANDROID_presentation_time EGL_KHR_swap_buffers_with_damage EGL_ANDROID_create_native_client_buffer EGL_ANDROID_front_buffer_auto_refresh EGL_KHR_image_base EGL_KHR_gl_texture_2D_image EGL_KHR_gl_texture_cubemap_image EGL_KHR_gl_renderbuffer_image EGL_KHR_fence_sync EGL_KHR_create_context EGL_ANDROID_recordable 
06-06 08:07:18.437 I/SurfaceFlinger(  277): Client API: OpenGL_ES
06-06 08:07:18.437 I/SurfaceFlinger(  277): EGLSurface: 8-8-8-8, config=0x2f
06-06 08:07:18.443 I/SurfaceFlinger(  277): OpenGL ES informations: format=0x5
06-06 08:07:18.443 I/SurfaceFlinger(  277): vendor    : Google Inc.
06-06 08:07:18.443 I/SurfaceFlinger(  277): renderer  : Google SwiftShader
06-06 08:07:18.443 I/SurfaceFlinger(  277): version   : OpenGL ES 2.0 SwiftShader 3.3.0.2
06-06 08:07:18.443 I/SurfaceFlinger(  277): extensions: GL_OES_compressed_ETC1_RGB8_texture GL_OES_depth24 GL_OES_depth32 GL_OES_depth_texture GL_OES_depth_texture_cube_map GL_OES_EGL_image GL_OES_EGL_image_external GL_OES_EGL_sync GL_OES_element_index_uint GL_OES_framebuffer_object GL_OES_packed_depth_stencil GL_OES_rgb8_rgba8 GL_OES_standard_derivatives GL_OES_texture_float GL_OES_texture_float_linear GL_OES_texture_half_float GL_OES_texture_half_float_linear GL_OES_texture_npot GL_OES_texture_3D GL_OES_vertex_half_float GL_EXT_blend_minmax GL_EXT_color_buffer_half_float GL_EXT_draw_buffers GL_EXT_instanced_arrays GL_EXT_occlusion_query_boolean GL_EXT_read_format_bgra GL_EXT_texture_filter_anisotropic GL_EXT_texture_format_BGRA8888 GL_EXT_texture_rg GL_ANGLE_framebuffer_blit GL_ANGLE_framebuffer_multisample GL_ANGLE_instanced_arrays GL_CHROMIUM_texture_filtering_hint GL_NV_fence GL_NV_framebuffer_blit GL_NV_read_depth 
06-06 08:07:18.443 I/SurfaceFlinger(  277): GL_MAX_TEXTURE_SIZE = 8192
06-06 08:07:18.443 I/SurfaceFlinger(  277): GL_MAX_VIEWPORT_DIMS = 8192
06-06 08:07:18.443 E/cutils-trace(  277): Error opening trace file: Permission denied (13)
06-06 08:07:18.537 I/surfaceflinger(  277): type=1400 audit(0.0:220): avc: denied { execmem } for scontext=u:r:surfaceflinger:s0 tcontext=u:r:surfaceflinger:s0 tclass=process permissive=1
06-06 08:07:18.633 I/BootAnimation(  576): type=1400 audit(0.0:221): avc: denied { sendto } for path="/dev/socket/logdw" scontext=u:r:bootanim:s0 tcontext=u:r:init:s0 tclass=unix_dgram_socket permissive=1
06-06 08:07:18.646 I/CameraFlashlight(  281): Destroying camera 0
06-06 08:07:18.646 I/CameraFlashlight(  281): Opening camera 1
06-06 08:07:18.646 I/CameraFlashlight(  281): Destroying camera 1
06-06 08:07:18.646 I/ServiceManager(  281): Waiting for service media.camera.proxy...
06-06 08:07:18.652 E/libEGL  (  572): load_driver(/vendor/lib64/egl/libGLES_swiftshader.so): dlopen failed: library "/vendor/lib64/egl/libGLES_swiftshader.so" not found
06-06 08:07:18.661 I/BootAnimation(  576): type=1400 audit(0.0:222): avc: denied { read } for name="fb0" dev="tmpfs" ino=1582 scontext=u:r:bootanim:s0 tcontext=u:object_r:graphics_device:s0 tclass=chr_file permissive=1
06-06 08:07:18.661 I/BootAnimation(  576): type=1400 audit(0.0:223): avc: denied { open } for path="/dev/graphics/fb0" dev="tmpfs" ino=1582 scontext=u:r:bootanim:s0 tcontext=u:object_r:graphics_device:s0 tclass=chr_file permissive=1
06-06 08:07:18.661 I/BootAnimation(  576): type=1400 audit(0.0:224): avc: denied { ioctl } for path="/dev/graphics/fb0" dev="tmpfs" ino=1582 ioctlcmd=4600 scontext=u:r:bootanim:s0 tcontext=u:object_r:graphics_device:s0 tclass=chr_file permissive=1
06-06 08:07:18.664 E/cutils-trace(  572): Error opening trace file: Permission denied (13)
06-06 08:07:18.761 I/BootAnimation(  576): type=1400 audit(0.0:225): avc: denied { execmem } for scontext=u:r:bootanim:s0 tcontext=u:r:bootanim:s0 tclass=process permissive=1
06-06 08:07:19.569 I/zygote  (  279): type=1400 audit(0.0:226): avc: denied { sendto } for path="/dev/socket/logdw" scontext=u:r:zygote:s0 tcontext=u:r:init:s0 tclass=unix_dgram_socket permissive=1
06-06 08:07:19.646 I/ServiceManager(  281): Waiting for service media.camera.proxy...
06-06 08:07:19.769 I/zygote  (  279): type=1400 audit(0.0:227): avc: denied { write } for name="trace_marker" dev="tracefs" ino=40 scontext=u:r:zygote:s0 tcontext=u:object_r:debugfs_tracing:s0 tclass=file permissive=1
06-06 08:07:19.769 I/zygote  (  279): type=1400 audit(0.0:228): avc: denied { open } for path="/sys/kernel/debug/tracing/trace_marker" dev="tracefs" ino=40 scontext=u:r:zygote:s0 tcontext=u:object_r:debugfs_tracing:s0 tclass=file permissive=1
06-06 08:07:19.917 I/zygote  (  279): type=1400 audit(0.0:229): avc: denied { sendto } for path="/dev/socket/logdw" scontext=u:r:zygote:s0 tcontext=u:r:init:s0 tclass=unix_dgram_socket permissive=1
06-06 08:07:19.918 I/art     (  279): option[0]=-Xzygote
06-06 08:07:19.918 I/art     (  279): option[1]=-Xstacktracefile:/data/anr/traces.txt
06-06 08:07:19.918 I/art     (  279): option[2]=exit
06-06 08:07:19.918 I/art     (  279): option[3]=vfprintf
06-06 08:07:19.918 I/art     (  279): option[4]=sensitiveThread
06-06 08:07:19.918 I/art     (  279): option[5]=-verbose:gc
06-06 08:07:19.918 I/art     (  279): option[6]=-Xms8m
06-06 08:07:19.918 I/art     (  279): option[7]=-Xmx512m
06-06 08:07:19.918 I/art     (  279): option[8]=-XX:HeapGrowthLimit=192m
06-06 08:07:19.918 I/art     (  279): option[9]=-XX:HeapMinFree=512k
06-06 08:07:19.918 I/art     (  279): option[10]=-XX:HeapMaxFree=8m
06-06 08:07:19.918 I/art     (  279): option[11]=-XX:HeapTargetUtilization=0.75
06-06 08:07:19.918 I/art     (  279): option[12]=-Xusejit:true
06-06 08:07:19.918 I/art     (  279): option[13]=-Xjitsaveprofilinginfo
06-06 08:07:19.918 I/art     (  279): option[14]=-agentlib:jdwp=transport=dt_android_adb,suspend=n,server=y
06-06 08:07:19.918 I/art     (  279): option[15]=-Xlockprofthreshold:500
06-06 08:07:19.918 I/art     (  279): option[16]=-Ximage-compiler-option
06-06 08:07:19.918 I/art     (  279): option[17]=--runtime-arg
06-06 08:07:19.918 I/art     (  279): option[18]=-Ximage-compiler-option
06-06 08:07:19.918 I/art     (  279): option[19]=-Xms64m
06-06 08:07:19.918 I/art     (  279): option[20]=-Ximage-compiler-option
06-06 08:07:19.918 I/art     (  279): option[21]=--runtime-arg
06-06 08:07:19.918 I/art     (  279): option[22]=-Ximage-compiler-option
06-06 08:07:19.918 I/art     (  279): option[23]=-Xmx64m
06-06 08:07:19.918 I/art     (  279): option[24]=-Ximage-compiler-option
06-06 08:07:19.918 I/art     (  279): option[25]=--image-classes=/system/etc/preloaded-classes
06-06 08:07:19.918 I/art     (  279): option[26]=-Ximage-compiler-option
06-06 08:07:19.918 I/art     (  279): option[27]=--compiled-classes=/system/etc/compiled-classes
06-06 08:07:19.918 I/art     (  279): option[28]=-Xcompiler-option
06-06 08:07:19.918 I/art     (  279): option[29]=--runtime-arg
06-06 08:07:19.918 I/art     (  279): option[30]=-Xcompiler-option
06-06 08:07:19.918 I/art     (  279): option[31]=-Xms64m
06-06 08:07:19.918 I/art     (  279): option[32]=-Xcompiler-option
06-06 08:07:19.918 I/art     (  279): option[33]=--runtime-arg
06-06 08:07:19.918 I/art     (  279): option[34]=-Xcompiler-option
06-06 08:07:19.918 I/art     (  279): option[35]=-Xmx512m
06-06 08:07:19.918 I/art     (  279): option[36]=-Ximage-compiler-option
06-06 08:07:19.918 I/art     (  279): option[37]=--instruction-set-variant=x86
06-06 08:07:19.918 I/art     (  279): option[38]=-Xcompiler-option
06-06 08:07:19.918 I/art     (  279): option[39]=--instruction-set-variant=x86
06-06 08:07:19.918 I/art     (  279): option[40]=-Ximage-compiler-option
06-06 08:07:19.918 I/art     (  279): option[41]=--instruction-set-features=default
06-06 08:07:19.918 I/art     (  279): option[42]=-Xcompiler-option
06-06 08:07:19.918 I/art     (  279): option[43]=--instruction-set-features=default
06-06 08:07:19.918 I/art     (  279): option[44]=-Duser.locale=en-US
06-06 08:07:19.918 I/art     (  279): option[45]=--cpu-abilist=x86
06-06 08:07:19.918 I/art     (  279): option[46]=-Xfingerprint:Android/cloud/cloud:7.0/NBD92Y/1313:userdebug/test-keys
06-06 08:07:19.957 I/art     (  278): option[0]=-Xzygote
06-06 08:07:19.957 I/art     (  278): option[1]=-Xstacktracefile:/data/anr/traces.txt
06-06 08:07:19.957 I/art     (  278): option[2]=exit
06-06 08:07:19.957 I/art     (  278): option[3]=vfprintf
06-06 08:07:19.957 I/art     (  278): option[4]=sensitiveThread
06-06 08:07:19.957 I/art     (  278): option[5]=-verbose:gc
06-06 08:07:19.957 I/art     (  278): option[6]=-Xms8m
06-06 08:07:19.957 I/art     (  278): option[7]=-Xmx512m
06-06 08:07:19.957 I/art     (  278): option[8]=-XX:HeapGrowthLimit=192m
06-06 08:07:19.957 I/art     (  278): option[9]=-XX:HeapMinFree=512k
06-06 08:07:19.957 I/art     (  278): option[10]=-XX:HeapMaxFree=8m
06-06 08:07:19.957 I/art     (  278): option[11]=-XX:HeapTargetUtilization=0.75
06-06 08:07:19.957 I/art     (  278): option[12]=-Xusejit:true
06-06 08:07:19.957 I/art     (  278): option[13]=-Xjitsaveprofilinginfo
06-06 08:07:19.957 I/art     (  278): option[14]=-agentlib:jdwp=transport=dt_android_adb,suspend=n,server=y
06-06 08:07:19.957 I/art     (  278): option[15]=-Xlockprofthreshold:500
06-06 08:07:19.957 I/art     (  278): option[16]=-Ximage-compiler-option
06-06 08:07:19.957 I/art     (  278): option[17]=--runtime-arg
06-06 08:07:19.957 I/art     (  278): option[18]=-Ximage-compiler-option
06-06 08:07:19.957 I/art     (  278): option[19]=-Xms64m
06-06 08:07:19.957 I/art     (  278): option[20]=-Ximage-compiler-option
06-06 08:07:19.957 I/art     (  278): option[21]=--runtime-arg
06-06 08:07:19.957 I/art     (  278): option[22]=-Ximage-compiler-option
06-06 08:07:19.957 I/art     (  278): option[23]=-Xmx64m
06-06 08:07:19.957 I/art     (  278): option[24]=-Ximage-compiler-option
06-06 08:07:19.957 I/art     (  278): option[25]=--image-classes=/system/etc/preloaded-classes
06-06 08:07:19.957 I/art     (  278): option[26]=-Ximage-compiler-option
06-06 08:07:19.957 I/art     (  278): option[27]=--compiled-classes=/system/etc/compiled-classes
06-06 08:07:19.957 I/art     (  278): option[28]=-Xcompiler-option
06-06 08:07:19.957 I/art     (  278): option[29]=--runtime-arg
06-06 08:07:19.957 I/art     (  278): option[30]=-Xcompiler-option
06-06 08:07:19.957 I/art     (  278): option[31]=-Xms64m
06-06 08:07:19.957 I/art     (  278): option[32]=-Xcompiler-option
06-06 08:07:19.957 I/art     (  278): option[33]=--runtime-arg
06-06 08:07:19.957 I/art     (  278): option[34]=-Xcompiler-option
06-06 08:07:19.957 I/art     (  278): option[35]=-Xmx512m
06-06 08:07:19.957 I/art     (  278): option[36]=-Ximage-compiler-option
06-06 08:07:19.957 I/art     (  278): option[37]=--instruction-set-variant=x86_64
06-06 08:07:19.957 I/art     (  278): option[38]=-Xcompiler-option
06-06 08:07:19.957 I/art     (  278): option[39]=--instruction-set-variant=x86_64
06-06 08:07:19.957 I/art     (  278): option[40]=-Ximage-compiler-option
06-06 08:07:19.957 I/art     (  278): option[41]=--instruction-set-features=default
06-06 08:07:19.957 I/art     (  278): option[42]=-Xcompiler-option
06-06 08:07:19.957 I/art     (  278): option[43]=--instruction-set-features=default
06-06 08:07:19.957 I/art     (  278): option[44]=-Duser.locale=en-US
06-06 08:07:19.957 I/art     (  278): option[45]=--cpu-abilist=x86_64
06-06 08:07:19.957 I/art     (  278): option[46]=-Xfingerprint:Android/cloud/cloud:7.0/NBD92Y/1313:userdebug/test-keys
06-06 08:07:20.647 I/ServiceManager(  281): Waiting for service media.camera.proxy...
06-06 08:07:20.737 I/AudioOut_D(  411): type=1400 audit(0.0:230): avc: denied { sendto } for path="/dev/socket/logdw" scontext=u:r:audioserver:s0 tcontext=u:r:init:s0 tclass=unix_dgram_socket permissive=1
06-06 08:07:20.738 W/BatteryNotifier(  280): batterystats service unavailable!
06-06 08:07:21.647 I/ServiceManager(  281): Waiting for service media.camera.proxy...
06-06 08:07:22.152 E/memtrack(  279): Couldn't load memtrack module (No such file or directory)
06-06 08:07:22.152 E/android.os.Debug(  279): failed to load memtrack module: -2
06-06 08:07:22.153 I/Radio-JNI(  279): register_android_hardware_Radio DONE
06-06 08:07:22.245 I/main    (  279): type=1400 audit(0.0:231): avc: denied { listen } for path="/dev/socket/zygote_secondary" scontext=u:r:zygote:s0 tcontext=u:r:init:s0 tclass=unix_stream_socket permissive=1
06-06 08:07:22.245 I/SamplingProfilerIntegration(  279): Profiling disabled.
06-06 08:07:22.246 I/Zygote  (  279): Installing ICU cache reference pinning...
06-06 08:07:22.266 I/Zygote  (  279): Preloading ICU data...
06-06 08:07:22.536 I/Zygote  (  279): Preloading classes...
06-06 08:07:22.645 I/cameraserver(  281): type=1400 audit(0.0:232): avc: denied { sendto } for path="/dev/socket/logdw" scontext=u:r:cameraserver:s0 tcontext=u:r:init:s0 tclass=unix_dgram_socket permissive=1
06-06 08:07:22.647 I/ServiceManager(  281): Waiting for service media.camera.proxy...
06-06 08:07:22.896 E/memtrack(  278): Couldn't load memtrack module (No such file or directory)
06-06 08:07:22.896 E/android.os.Debug(  278): failed to load memtrack module: -2
06-06 08:07:22.899 I/Radio-JNI(  278): register_android_hardware_Radio DONE
06-06 08:07:22.998 I/SamplingProfilerIntegration(  278): Profiling disabled.
06-06 08:07:23.045 I/Zygote  (  278): Installing ICU cache reference pinning...
06-06 08:07:23.049 I/Zygote  (  278): Preloading ICU data...
06-06 08:07:23.289 I/Zygote  (  278): Preloading classes...
06-06 08:07:23.635 E/Typeface(  278): Error mapping font file /system/fonts/DroidSansFallback.ttf
06-06 08:07:23.635 E/Typeface(  279): Error mapping font file /system/fonts/DroidSansFallback.ttf
06-06 08:07:24.054 I/art     (  278): Thread[1,tid=278,Native,Thread*=0x7ffbf3095a00,peer=0x12c060d0,"main"] recursive attempt to load library "/system/lib64/libmedia_jni.so"
06-06 08:07:24.055 I/art     (  278): Thread[1,tid=278,Native,Thread*=0x7ffbf3095a00,peer=0x12c060d0,"main"] recursive attempt to load library "/system/lib64/libmedia_jni.so"
06-06 08:07:24.055 I/art     (  278): Thread[1,tid=278,Native,Thread*=0x7ffbf3095a00,peer=0x12c060d0,"main"] recursive attempt to load library "/system/lib64/libmedia_jni.so"
06-06 08:07:24.090 I/art     (  279): Thread[1,tid=279,Native,Thread*=0xee80b400,peer=0x12c060d0,"main"] recursive attempt to load library "/system/lib/libmedia_jni.so"
06-06 08:07:24.092 I/art     (  279): Thread[1,tid=279,Native,Thread*=0xee80b400,peer=0x12c060d0,"main"] recursive attempt to load library "/system/lib/libmedia_jni.so"
06-06 08:07:24.092 I/art     (  279): Thread[1,tid=279,Native,Thread*=0xee80b400,peer=0x12c060d0,"main"] recursive attempt to load library "/system/lib/libmedia_jni.so"
06-06 08:07:24.162 E/linker  (  279): library /system/lib/libavcodec.so with text relocation is whitelisted
06-06 08:07:24.162 W/linker  (  279): /system/lib/libavcodec.so has text relocations. This is wasting memory and prevents security hardening. Please fix.
06-06 08:07:24.162 E/linker  (  279): library /system/lib/libavcodec.so with text relocation is whitelisted
06-06 08:07:24.249 I/main    (  279): type=1400 audit(0.0:233): avc: denied { execmod } for path="/system/lib/libavcodec.so" dev="xvda5" ino=2166 scontext=u:r:zygote:s0 tcontext=u:object_r:system_file:s0 tclass=file permissive=1
06-06 08:07:24.268 E/linker  (  279): library /system/lib/libswresample.so with text relocation is whitelisted
06-06 08:07:24.268 W/linker  (  279): /system/lib/libswresample.so has text relocations. This is wasting memory and prevents security hardening. Please fix.
06-06 08:07:24.268 E/linker  (  279): library /system/lib/libswresample.so with text relocation is whitelisted
06-06 08:07:24.290 I/System  (  278): Loaded time zone names for "" in 22ms (22ms in ICU)
06-06 08:07:24.310 I/System  (  278): Loaded time zone names for "en_US" in 20ms (19ms in ICU)
06-06 08:07:24.324 I/Zygote  (  278): ...preloaded 4161 classes in 1034ms.
06-06 08:07:24.324 I/art     (  278): VMRuntime.preloadDexCaches starting
06-06 08:07:24.355 I/art     (  278): VMRuntime.preloadDexCaches strings total=282418 before=39296 after=39296
06-06 08:07:24.355 I/art     (  278): VMRuntime.preloadDexCaches types total=23493 before=7835 after=7862
06-06 08:07:24.355 I/art     (  278): VMRuntime.preloadDexCaches fields total=111426 before=40635 after=40849
06-06 08:07:24.355 I/art     (  278): VMRuntime.preloadDexCaches methods total=196896 before=82193 after=82753
06-06 08:07:24.355 I/art     (  278): VMRuntime.preloadDexCaches finished
06-06 08:07:24.581 I/System  (  279): Loaded time zone names for "" in 7ms (7ms in ICU)
06-06 08:07:24.586 I/System  (  279): Loaded time zone names for "en_US" in 5ms (4ms in ICU)
06-06 08:07:24.601 I/Zygote  (  279): ...preloaded 4161 classes in 2066ms.
06-06 08:07:24.601 I/art     (  279): VMRuntime.preloadDexCaches starting
