06-06 08:07:31.826 I/SystemServiceManager(  590): Starting com.android.server.DockObserver
06-06 08:07:31.826 W/DockObserver(  590): This kernel does not have dock station support
06-06 08:07:31.827 I/SystemServer(  590): StartWiredAccessoryManager
06-06 08:07:31.827 W/WiredAccessoryManager(  590): This kernel does not have wired headset support
06-06 08:07:31.827 W/WiredAccessoryManager(  590): This kernel does not have usb audio support
06-06 08:07:31.827 W/WiredAccessoryManager(  590): This kernel does not have HDMI audio support
06-06 08:07:31.827 I/SystemServiceManager(  590): Starting com.android.server.usb.UsbService$Lifecycle
06-06 08:07:31.835 E/UsbDeviceManager(  590): failed to write to /sys/class/android_usb/android0/f_rndis/ethaddr
06-06 08:07:31.843 E/UsbDeviceManager(  590): Error initializing UsbHandler
06-06 08:07:31.843 E/UsbDeviceManager(  590): java.io.FileNotFoundException: /sys/class/android_usb/android0/state (No such file or directory)
06-06 08:07:31.843 E/UsbDeviceManager(  590): 	at java.io.FileInputStream.open(Native Method)
06-06 08:07:31.843 E/UsbDeviceManager(  590): 	at java.io.FileInputStream.<init>(FileInputStream.java:146)
06-06 08:07:31.843 E/UsbDeviceManager(  590): 	at android.os.FileUtils.readTextFile(FileUtils.java:263)
06-06 08:07:31.843 E/UsbDeviceManager(  590): 	at com.android.server.usb.UsbDeviceManager$UsbHandler.<init>(UsbDeviceManager.java:352)
06-06 08:07:31.843 E/UsbDeviceManager(  590): 	at com.android.server.usb.UsbDeviceManager.<init>(UsbDeviceManager.java:204)
06-06 08:07:31.843 E/UsbDeviceManager(  590): 	at com.android.server.usb.UsbService.<init>(UsbService.java:116)
06-06 08:07:31.843 E/UsbDeviceManager(  590): 	at com.android.server.usb.UsbService$Lifecycle.onStart(UsbService.java:65)
06-06 08:07:31.843 E/UsbDeviceManager(  590): 	at com.android.server.SystemServiceManager.startService(SystemServiceManager.java:112)
06-06 08:07:31.843 E/UsbDeviceManager(  590): 	at com.android.server.SystemServiceManager.startService(SystemServiceManager.java:66)
06-06 08:07:31.843 E/UsbDeviceManager(  590): 	at com.android.server.SystemServer.startOtherServices(SystemServer.java:971)
06-06 08:07:31.843 E/UsbDeviceManager(  590): 	at com.android.server.SystemServer.run(SystemServer.java:324)
06-06 08:07:31.843 E/UsbDeviceManager(  590): 	at com.android.server.SystemServer.main(SystemServer.java:209)
06-06 08:07:31.843 E/UsbDeviceManager(  590): 	at java.lang.reflect.Method.invoke(Native Method)
06-06 08:07:31.843 E/UsbDeviceManager(  590): 	at com.android.internal.os.ZygoteInit$MethodAndArgsCaller.run(ZygoteInit.java:865)
06-06 08:07:31.843 E/UsbDeviceManager(  590): 	at com.android.internal.os.ZygoteInit.main(ZygoteInit.java:755)
06-06 08:07:31.843 E/UsbDeviceManagerJNI(  590): could not open /dev/usb_accessory
06-06 08:07:31.844 I/SystemServer(  590): StartSerialService
06-06 08:07:31.844 E/HardwarePropertiesManagerService-JNI(  590): Couldn't load thermal module (No such file or directory)
06-06 08:07:31.844 I/SystemServiceManager(  590): Starting com.android.server.twilight.TwilightService
06-06 08:07:31.852 I/SystemServiceManager(  590): Starting com.android.server.job.JobSchedulerService
06-06 08:07:31.854 I/SystemServiceManager(  590): Starting com.android.server.soundtrigger.SoundTriggerService
06-06 08:07:31.854 I/SystemServiceManager(  590): Starting com.android.server.backup.BackupManagerService$Lifecycle
06-06 08:07:31.855 I/SystemServiceManager(  590): Starting com.android.server.appwidget.AppWidgetService
06-06 08:07:31.857 I/SystemServiceManager(  590): Starting com.android.server.voiceinteraction.VoiceInteractionManagerService
06-06 08:07:31.858 I/SystemServer(  590): Gesture Launcher Service
06-06 08:07:31.858 I/SystemServiceManager(  590): Starting com.android.server.GestureLauncherService
06-06 08:07:31.858 I/SystemServiceManager(  590): Starting com.android.server.SensorNotificationService
06-06 08:07:31.858 I/SystemServiceManager(  590): Starting com.android.server.ContextHubSystemService
06-06 08:07:31.859 E/ContextHubService(  590): ** Could not load context_hub module : err No such file or directory
06-06 08:07:31.859 W/ContextHubService(  590): No Context Hub Module present
06-06 08:07:31.859 I/SystemServer(  590): StartDiskStatsService
06-06 08:07:31.859 I/SystemServer(  590): StartSamplingProfilerService
06-06 08:07:31.863 I/SystemServer(  590): StartNetworkTimeUpdateService
06-06 08:07:31.863 I/SystemServer(  590): StartCommonTimeManagementService
06-06 08:07:31.863 I/SystemServer(  590): CertBlacklister
06-06 08:07:31.864 I/SystemServiceManager(  590): Starting com.android.server.dreams.DreamManagerService
06-06 08:07:31.865 I/SystemServer(  590): StartAssetAtlasService
06-06 08:07:31.865 I/SystemServiceManager(  590): Starting com.android.server.print.PrintManagerService
06-06 08:07:31.867 I/SystemServiceManager(  590): Starting com.android.server.restrictions.RestrictionsManagerService
06-06 08:07:31.868 I/SystemServiceManager(  590): Starting com.android.server.media.MediaSessionService
06-06 08:07:31.873 I/SystemServer(  590): StartMediaRouterService
06-06 08:07:31.874 I/SystemServiceManager(  590): Starting com.android.server.trust.TrustManagerService
06-06 08:07:31.874 I/SystemServer(  590): StartBackgroundDexOptService
06-06 08:07:31.874 I/SystemServiceManager(  590): Starting com.android.server.pm.ShortcutService$Lifecycle
06-06 08:07:31.875 I/SystemServiceManager(  590): Starting com.android.server.pm.LauncherAppsService
06-06 08:07:31.876 I/SystemServiceManager(  590): Starting com.android.server.media.projection.MediaProjectionManagerService
06-06 08:07:31.878 I/WindowManager(  590): SAFE MODE not enabled
06-06 08:07:31.878 I/SystemServiceManager(  590): Starting com.android.server.MmsServiceBroker
06-06 08:07:31.879 W/VibratorService(  590): Tried to stop vibrating but there is no vibrator device.
06-06 08:07:31.892 E/LockSettingsStorage(  590): Cannot read file java.io.FileNotFoundException: /data/system/gatekeeper.password.key: open failed: ENOENT (No such file or directory)
06-06 08:07:31.892 E/LockSettingsStorage(  590): Cannot read file java.io.FileNotFoundException: /data/system/password.key: open failed: ENOENT (No such file or directory)
06-06 08:07:31.893 E/LockSettingsStorage(  590): Cannot read file java.io.FileNotFoundException: /data/system/gatekeeper.pattern.key: open failed: ENOENT (No such file or directory)
06-06 08:07:31.894 E/LockSettingsStorage(  590): Cannot read file java.io.FileNotFoundException: /data/system/gatekeeper.gesture.key: open failed: ENOENT (No such file or directory)
06-06 08:07:31.894 E/LockSettingsStorage(  590): Cannot read file java.io.FileNotFoundException: /data/system/gesture.key: open failed: ENOENT (No such file or directory)
06-06 08:07:31.894 I/SystemServiceManager(  590): Starting phase 480
06-06 08:07:31.932 I/DevicePolicyManagerService(  590): Set ro.device_owner property to false
06-06 08:07:31.934 I/SystemServiceManager(  590): Starting phase 500
06-06 08:07:31.936 I/WifiService(  590): WifiService starting up with Wi-Fi enabled
06-06 08:07:31.937 I/WifiScanningService(  590): Starting wifiscanner
06-06 08:07:31.938 I/RttService(  590): Registering rttmanager
06-06 08:07:31.939 I/EthernetServiceImpl(  590): Starting Ethernet service
06-06 08:07:31.949 W/SoundTriggerHelper(  590): listModules status=0, # of modules=0
06-06 08:07:31.953 I/DefaultPermGrantPolicy(  590): Granting permissions to default platform handlers for user 0
06-06 08:07:31.953 W/VoiceInteractionManagerService(  590): no available voice interaction services found for user 0
06-06 08:07:31.953 W/VoiceInteractionManagerService(  590): no available voice recognition services found for user 0
06-06 08:07:31.953 W/KeyguardServiceDelegate(  590): onScreenTurningOn(): no keyguard service!
06-06 08:07:31.957 I/ActivityManager(  590): System now ready
06-06 08:07:31.957 I/SystemServer(  590): Making services ready
06-06 08:07:31.957 I/SystemServiceManager(  590): Starting phase 550
06-06 08:07:31.958 E/InputMethodManagerService(  590): Ignoring updateSystemUiLocked due to an invalid token. uid:1000 token:null
06-06 08:07:31.969 I/main    (  278): type=1400 audit(0.0:267): avc: denied { accept } for path="/dev/socket/zygote" scontext=u:r:zygote:s0 tcontext=u:r:init:s0 tclass=unix_stream_socket permissive=1
06-06 08:07:31.969 I/main    (  278): type=1400 audit(0.0:268): avc: denied { getopt } for path="/dev/socket/zygote" scontext=u:r:zygote:s0 tcontext=u:r:init:s0 tclass=unix_stream_socket permissive=1
06-06 08:07:31.969 I/main    (  278): type=1400 audit(0.0:269): avc: denied { setopt } for path="/dev/socket/zygote" scontext=u:r:zygote:s0 tcontext=u:r:init:s0 tclass=unix_stream_socket permissive=1
06-06 08:07:31.969 I/main    (  278): type=1400 audit(0.0:270): avc: denied { read } for path="/dev/socket/zygote" scontext=u:r:zygote:s0 tcontext=u:r:init:s0 tclass=unix_stream_socket permissive=1
06-06 08:07:31.969 I/main    (  278): type=1400 audit(0.0:271): avc: denied { getattr } for path="socket:[12862]" dev="sockfs" ino=12862 scontext=u:r:zygote:s0 tcontext=u:r:init:s0 tclass=unix_stream_socket permissive=1
06-06 08:07:31.969 I/main    (  278): type=1400 audit(0.0:272): avc: denied { write } for path="/dev/socket/zygote" scontext=u:r:zygote:s0 tcontext=u:r:init:s0 tclass=unix_stream_socket permissive=1
06-06 08:07:31.985 I/Zygote  (  590): Process: zygote socket opened, supported ABIS: x86_64
06-06 08:07:31.987 I/ActivityManager(  590): Start proc 665:com.android.inputmethod.latin/u0a48 for service com.android.inputmethod.latin/.LatinIME
06-06 08:07:31.988 E/BitmapFactory(  590): Unable to decode stream: java.io.FileNotFoundException: /data/system/users/0/wallpaper_orig (No such file or directory)
06-06 08:07:31.988 E/WallpaperManagerService(  590): Invalid wallpaper data
06-06 08:07:31.988 E/WallpaperManagerService(  590): Unable to apply new wallpaper
06-06 08:07:31.993 I/putmethod.lati(  665): type=1400 audit(0.0:273): avc: denied { sendto } for path="/dev/socket/logdw" scontext=u:r:untrusted_app:s0:c512,c768 tcontext=u:r:init:s0 tclass=unix_dgram_socket permissive=1
06-06 08:07:31.993 I/sdcard  (  675): type=1400 audit(0.0:274): avc: denied { sendto } for path="/dev/socket/logdw" scontext=u:r:sdcardd:s0 tcontext=u:r:init:s0 tclass=unix_dgram_socket permissive=1
06-06 08:07:31.993 I/healthd (  292): type=1400 audit(0.0:275): avc: denied { read } for scontext=u:r:init:s0 tcontext=u:r:init:s0 tclass=netlink_kobject_uevent_socket permissive=1
06-06 08:07:31.993 I/JDWP    (  680): type=1400 audit(0.0:276): avc: denied { connectto } for path=006A6477702D636F6E74726F6C scontext=u:r:untrusted_app:s0:c512,c768 tcontext=u:r:init:s0 tclass=unix_stream_socket permissive=1
06-06 08:07:31.994 W/art     (  665): Unexpected CPU variant for X86 using defaults: x86_64
06-06 08:07:32.003 I/ActivityManager(  590): Start proc 670:com.android.systemui/u0a23 for service com.android.systemui/.ImageWallpaper
06-06 08:07:32.005 I/SystemServer(  590): WebViewFactory preparation
06-06 08:07:32.010 W/sdcard  (  675): Device explicitly disabled sdcardfs
06-06 08:07:32.017 I/lmkd    (  265): type=1400 audit(0.0:277): avc: denied { read } for path="socket:[12776]" dev="sockfs" ino=12776 scontext=u:r:lmkd:s0 tcontext=u:r:init:s0 tclass=unix_stream_socket permissive=1
06-06 08:07:32.017 E/BluetoothAdapter(  590): Bluetooth binder is null
06-06 08:07:32.017 E/BluetoothAdapter(  590): Bluetooth binder is null
06-06 08:07:32.018 I/AudioFlinger(  280): systemReady
06-06 08:07:32.018 I/ActivityManager(  590): Force stopping com.android.providers.media appid=10010 user=-1: vold reset
06-06 08:07:32.049 I/ndroid.systemu(  670): type=1400 audit(0.0:278): avc: denied { sendto } for path="/dev/socket/logdw" scontext=u:r:platform_app:s0:c512,c768 tcontext=u:r:init:s0 tclass=unix_dgram_socket permissive=1
06-06 08:07:32.051 W/art     (  670): Unexpected CPU variant for X86 using defaults: x86_64
06-06 08:07:32.053 I/JDWP    (  696): type=1400 audit(0.0:279): avc: denied { connectto } for path=006A6477702D636F6E74726F6C scontext=u:r:platform_app:s0:c512,c768 tcontext=u:r:init:s0 tclass=unix_stream_socket permissive=1
06-06 08:07:32.089 I/Zygote  (  590): Process: zygote socket opened, supported ABIS: x86
06-06 08:07:32.090 I/art     (  279): Starting a blocking GC Background
06-06 08:07:32.110 W/ActivityManager(  590): Slow operation: 62ms so far, now at startProcess: returned from zygote!
06-06 08:07:32.110 W/ActivityManager(  590): Slow operation: 62ms so far, now at startProcess: done updating battery stats
06-06 08:07:32.110 W/ActivityManager(  590): Slow operation: 62ms so far, now at startProcess: building log message
06-06 08:07:32.110 I/ActivityManager(  590): Start proc 703:WebViewLoader-x86/1037 [android.webkit.WebViewFactory$RelroFileCreator] for 
06-06 08:07:32.110 W/ActivityManager(  590): Slow operation: 62ms so far, now at startProcess: starting to update pids map
06-06 08:07:32.110 W/ActivityManager(  590): Slow operation: 62ms so far, now at startProcess: done updating pids map
06-06 08:07:32.110 W/ActivityManager(  590): Slow operation: 62ms so far, now at startProcess: done starting proc!
06-06 08:07:32.118 E/WVMExtractor(  590): Failed to open libwvm.so: dlopen failed: library "libwvm.so" not found
06-06 08:07:32.120 E/linker  (  288): library /system/lib/libavcodec.so with text relocation is whitelisted
06-06 08:07:32.120 W/linker  (  288): /system/lib/libavcodec.so has text relocations. This is wasting memory and prevents security hardening. Please fix.
06-06 08:07:32.120 E/linker  (  288): library /system/lib/libavcodec.so with text relocation is whitelisted
06-06 08:07:32.121 E/linker  (  288): library /system/lib/libswresample.so with text relocation is whitelisted
06-06 08:07:32.121 W/linker  (  288): /system/lib/libswresample.so has text relocations. This is wasting memory and prevents security hardening. Please fix.
06-06 08:07:32.121 E/linker  (  288): library /system/lib/libswresample.so with text relocation is whitelisted
06-06 08:07:32.136 I/ActivityManager(  590): Start proc 708:WebViewLoader-x86_64/1037 [android.webkit.WebViewFactory$RelroFileCreator] for 
06-06 08:07:32.137 I/NetworkManagement(  590): not enabling bandwidth control
06-06 08:07:32.139 W/art     (  708): Unexpected CPU variant for X86 using defaults: x86_64
06-06 08:07:32.139 W/art     (  703): Unexpected CPU variant for X86 using defaults: x86
06-06 08:07:32.140 W/System  (  670): ClassLoader referenced unknown path: /system/priv-app/SystemUI/lib/x86_64
06-06 08:07:32.225 W/NetworkManagement(  590): setDataSaverMode(): already false
06-06 08:07:32.227 I/FFmpegExtractor(  288): android-source:0xea95c000
06-06 08:07:32.244 W/NetworkStats(  590): bandwidth controls disabled, unable to track stats
06-06 08:07:32.244 W/NetworkPolicy(  590): bandwidth controls disabled, unable to enforce policy
06-06 08:07:32.247 I/SystemServiceManager(  590): Starting phase 600
06-06 08:07:32.295 I/GnssLocationProvider(  590): WakeLock acquired by sendMessage(13, 0, null)
06-06 08:07:32.296 W/ServiceWatcher(  590): com.google.android.gms not found
06-06 08:07:32.297 W/ServiceWatcher(  590): com.google.android.gms not found
06-06 08:07:32.297 W/LocationProviderProxy-network(  590): Odd, no component found for service com.android.location.service.v3.NetworkLocationProvider
06-06 08:07:32.298 W/ServiceWatcher(  590): com.google.android.gms not found
06-06 08:07:32.298 W/ServiceWatcher(  590): com.google.android.gms not found
06-06 08:07:32.298 W/GeocoderProxy(  590): Odd, no component found for service com.android.location.service.GeocodeProvider
06-06 08:07:32.299 E/FlpHardwareProvider(  590): Error hw_get_module 'flp': -2
06-06 08:07:32.299 W/ServiceWatcher(  590): com.google.android.gms not found
06-06 08:07:32.299 W/GeofenceProxy(  590): Odd, no component found for service com.android.location.service.GeofenceProvider
06-06 08:07:32.299 E/ActivityRecognitionHardware(  590): Error hw_get_module: -2
06-06 08:07:32.300 W/ServiceWatcher(  590): com.google.android.gms not found
06-06 08:07:32.300 W/ActivityRecognitionProxy(  590): Odd, no component found for service com.android.location.service.ActivityRecognitionProvider
06-06 08:07:32.300 I/GnssLocationProvider(  590): WakeLock acquired by sendMessage(2, 1, null)
06-06 08:07:32.301 I/CommonTimeManagementService(  590): No common time service detected on this platform.  Common time services will be unavailable.
06-06 08:07:32.302 I/InputReader(  590): Reconfiguring input devices.  changes=0x00000030
06-06 08:07:32.303 I/MmsServiceBroker(  590): Delay connecting to MmsService until an API is called
06-06 08:07:32.304 W/VoiceInteractionManagerService(  590): no available voice interaction services found for user 0
06-06 08:07:32.304 W/VoiceInteractionManagerService(  590): no available voice recognition services found for user 0
06-06 08:07:32.313 E/GnssLocationProvider(  590): no AGPS interface in set_agps_server
06-06 08:07:32.321 I/ActivityManager(  590): Start proc 738:com.android.phone/1001 for added application com.android.phone
06-06 08:07:32.326 W/art     (  743): Unexpected CPU variant for X86 using defaults: x86_64
06-06 08:07:32.326 W/art     (  738): Unexpected CPU variant for X86 using defaults: x86_64
06-06 08:07:32.332 I/ActivityManager(  590): Start proc 743:com.genymobile.webrtcd/1000 for added application com.genymobile.webrtcd
06-06 08:07:32.333 I/ActivityManager(  590): START u0 {act=android.intent.action.MAIN cat=[android.intent.category.HOME] flg=0x10000100 cmp=com.android.settings/.FallbackHome} from uid 0 on display 0
06-06 08:07:32.333 W/System  (  590): ClassLoader referenced unknown path: 
06-06 08:07:32.333 W/System  (  590): ClassLoader referenced unknown path: /system/priv-app/Settings/lib/x86_64
06-06 08:07:32.337 I/ActivityManager(  590): Loaded persisted task ids for user 0
06-06 08:07:32.341 I/LatinIME(  665): Hardware accelerated drawing: true
06-06 08:07:32.343 W/art     (  766): Unexpected CPU variant for X86 using defaults: x86_64
06-06 08:07:32.350 I/ActivityManager(  590): Start proc 766:com.android.settings/1000 for activity com.android.settings/.FallbackHome
06-06 08:07:32.362 I/SystemServer(  590): Enabled StrictMode for system server main thread.
06-06 08:07:32.363 W/ContextImpl(  590): Calling a method in the system process without a qualified user: android.app.ContextImpl.startService:1385 com.android.server.content.SyncManager$13.run:631 android.os.Handler.handleCallback:751 android.os.Handler.dispatchMessage:95 android.os.Looper.loop:154 
06-06 08:07:32.369 I/netd    (  563): type=1400 audit(0.0:297): avc: denied { accept } for path="/dev/socket/fwmarkd" scontext=u:r:netd:s0 tcontext=u:r:init:s0 tclass=unix_stream_socket permissive=1
06-06 08:07:32.369 I/netd    (  563): type=1400 audit(0.0:298): avc: denied { getopt } for path="/dev/socket/fwmarkd" scontext=u:r:netd:s0 tcontext=u:r:init:s0 tclass=unix_stream_socket permissive=1
06-06 08:07:32.371 I/GnssLocationProvider(  590): WakeLock released by handleMessage(13, 0, null)
06-06 08:07:32.392 E/GnssLocationProvider(  590): no AGPS interface in set_agps_server
06-06 08:07:32.393 I/GnssLocationProvider(  590): WakeLock released by handleMessage(2, 1, null)
06-06 08:07:32.440 W/LocationProviderProxy-network(  590): Odd, no component found for service com.android.location.service.v3.NetworkLocationProvider
06-06 08:07:32.440 W/GeocoderProxy(  590): Odd, no component found for service com.android.location.service.GeocodeProvider
06-06 08:07:32.440 W/GeofenceProxy(  590): Odd, no component found for service com.android.location.service.GeofenceProvider
06-06 08:07:32.440 W/ActivityRecognitionProxy(  590): Odd, no component found for service com.android.location.service.ActivityRecognitionProvider
06-06 08:07:32.441 I/Binder:290_2(  565): type=1400 audit(0.0:299): avc: denied { sendto } for path="/dev/socket/logdw" scontext=u:r:netd:s0 tcontext=u:r:init:s0 tclass=unix_dgram_socket permissive=1
06-06 08:07:32.443 E/SoftapController(  290): Softap fwReload - NULL path for STA
06-06 08:07:32.443 W/InputAttributes(  665): No editor info for this field. Bug?
06-06 08:07:32.468 I/WifiScanningService(  590): wifi driver unloaded
06-06 08:07:32.469 I/ndroid.systemui(  670): type=1400 audit(0.0:300): avc: denied { sendto } for path="/dev/socket/logdw" scontext=u:r:platform_app:s0:c512,c768 tcontext=u:r:init:s0 tclass=unix_dgram_socket permissive=1
06-06 08:07:32.469 E/WifiMonitor(  590): killSupplicant p2pfalse init.svc.wpa_supplicant=unknown init.svc.p2p_supplicant=unknown
06-06 08:07:32.473 W/System  (  590): ClassLoader referenced unknown path: /system/priv-app/Telecom/lib/x86_64
06-06 08:07:32.474 W/System  (  766): ClassLoader referenced unknown path: /system/priv-app/Settings/lib/x86_64
06-06 08:07:32.484 E/wifi    (  590): Can not initialize the vendor function pointer table
06-06 08:07:32.484 E/WifiNative-HAL(  590): Could not start hal
06-06 08:07:32.484 E/WifiStateMachine(  590): Failed to start HAL
06-06 08:07:32.494 W/System  (  738): ClassLoader referenced unknown path: /system/priv-app/TeleService/lib/x86_64
06-06 08:07:32.500 I/LatinIME:LogUtils(  665): Dictionary info: dictionary = userunigram.en_US ; version = 1717675652 ; date = ?
06-06 08:07:32.510 E/ActivityThread(  665): Failed to find provider info for user_dictionary
06-06 08:07:32.510 I/LatinIME:LogUtils(  665): Dictionary info: dictionary = UserHistoryDictionary.en_US ; version = 1717675652 ; date = ?
06-06 08:07:32.521 I/lmkd    (  265): type=1400 audit(0.0:301): avc: denied { read } for path="socket:[12776]" dev="sockfs" ino=12776 scontext=u:r:lmkd:s0 tcontext=u:r:init:s0 tclass=unix_stream_socket permissive=1
06-06 08:07:32.521 I/wpa_supplicant(  794): type=1400 audit(0.0:302): avc: denied { read write } for path="socket:[13648]" dev="sockfs" ino=13648 scontext=u:r:wpa:s0 tcontext=u:r:init:s0 tclass=unix_dgram_socket permissive=1
06-06 08:07:32.574 W/System  (  738): ClassLoader referenced unknown path: /system/priv-app/TelephonyProvider/lib/x86_64
06-06 08:07:32.602 I/LatinIME:LogUtils(  665): Dictionary info: dictionary = main:en ; version = 54 ; date = 1414726273
06-06 08:07:32.604 W/FingerprintManager(  670): isFingerprintHardwareDetected(): Service not connected!
06-06 08:07:32.604 W/FingerprintManager(  670): addLockoutResetCallback(): Service not connected!
06-06 08:07:32.606 E/BluetoothAdapter(  590): Bluetooth binder is null
06-06 08:07:32.609 I/wpa_supplicant(  794): type=1400 audit(0.0:303): avc: denied { sendto } for path="/dev/socket/logdw" scontext=u:r:wpa:s0 tcontext=u:r:init:s0 tclass=unix_dgram_socket permissive=1
06-06 08:07:32.609 I/netd    (  557): type=1400 audit(0.0:304): avc: denied { write } for path="socket:[12814]" dev="sockfs" ino=12814 scontext=u:r:netd:s0 tcontext=u:r:init:s0 tclass=unix_stream_socket permissive=1
06-06 08:07:32.609 I/Telecom (  590): SystemStateProvider: Registering car mode receiver: android.content.IntentFilter@4323ab3: TS.init@AAA
06-06 08:07:32.610 I/wpa_supplicant(  794): Successfully initialized wpa_supplicant
06-06 08:07:32.614 I/Telecom (  590): Telecom: Non-call EVENT: AUDIO_ROUTE, Entering state QuiescentEarpieceRoute
06-06 08:07:32.629 I/Telecom (  590): CallAudioModeStateMachine: Message received: null.: TS.init->CAMSM.pM_1@AAA_0
06-06 08:07:32.630 E/WVMExtractor(  670): Failed to open libwvm.so: dlopen failed: library "libwvm.so" not found
06-06 08:07:32.632 I/FFmpegExtractor(  288): android-source:0xe9115000
06-06 08:07:32.633 E/BluetoothAdapter(  590): Bluetooth binder is null
06-06 08:07:32.633 E/ActivityThread(  590): Failed to find provider info for call_log
06-06 08:07:32.653 I/Telecom (  590): Class: TelecomSystem.INSTANCE being set
06-06 08:07:32.653 E/BluetoothAdapter(  590): Bluetooth binder is null
06-06 08:07:32.659 W/System  (  590): ClassLoader referenced unknown path: /system/priv-app/FusedLocation/lib/x86_64
06-06 08:07:32.665 I/bViewLoader-x86(  703): type=1400 audit(0.0:305): avc: denied { sendto } for path="/dev/socket/logdw" scontext=u:r:shared_relro:s0 tcontext=u:r:init:s0 tclass=unix_dgram_socket permissive=1
06-06 08:07:32.666 I/art     (  703): System.exit called, status: 0
06-06 08:07:32.666 I/AndroidRuntime(  703): VM exiting with result code 0, cleanup skipped.
06-06 08:07:32.675 I/SyncManager(  590): Got SyncJobService instance.
06-06 08:07:32.687 W/ContextImpl(  743): Calling a method in the system process without a qualified user: android.app.ContextImpl.startService:1385 android.content.ContextWrapper.startService:613 com.genymobile.webrtcd.WebrtcdApp.onCreate:19 android.app.Instrumentation.callApplicationOnCreate:1024 android.app.ActivityThread.handleBindApplication:5361 
06-06 08:07:32.693 I/wpa_supplicant(  794): type=1400 audit(0.0:306): avc: denied { getopt } for path="/dev/socket/wpa_wlan0" scontext=u:r:wpa:s0 tcontext=u:r:init:s0 tclass=unix_dgram_socket permissive=1
06-06 08:07:32.693 I/wpa_supplicant(  794): type=1400 audit(0.0:307): avc: denied { ioctl } for path="socket:[13648]" dev="sockfs" ino=13648 ioctlcmd=5411 scontext=u:r:wpa:s0 tcontext=u:r:init:s0 tclass=unix_dgram_socket permissive=1
06-06 08:07:32.693 I/wpa_supplicant(  794): type=1400 audit(0.0:308): avc: denied { sendto } for path="/data/misc/wifi/sockets/wpa_ctrl_590-2" scontext=u:r:init:s0 tcontext=u:r:system_server:s0 tclass=unix_dgram_socket permissive=1
06-06 08:07:32.694 E/wpa_supplicant(  794): global ctrl interface @android:wpa_wlan0 matches ctrl interface wlan0 - do not open per-interface ctrl interface
06-06 08:07:32.700 E/ActivityThread(  590): Failed to find provider info for com.android.calendar
06-06 08:07:32.701 E/ActivityThread(  590): Failed to find provider info for com.android.calendar
06-06 08:07:32.702 I/Webrtcd.Service(  743): Received start id 1: Intent { cmp=com.genymobile.webrtcd/.LifecycleService }
06-06 08:07:32.703 I/Webrtcd.Service(  743): Starting server
06-06 08:07:32.710 I/FFMPEG  (  288): Input #0, ogg, from 'android-source:0xea95c000':
06-06 08:07:32.710 I/FFMPEG  (  288):   Duration: 00:00:00.09, start: 0.000000, bitrate: 437 kb/s
06-06 08:07:32.711 I/FFMPEG  (  288):     Stream #0:0: Audio: vorbis, 48000 Hz, stereo, fltp, 96 kb/s
06-06 08:07:32.711 I/FFmpegExtractor(  288): FFmpegExtrator, url: android-source:0xea95c000, format_name: ogg, format_long_name: Ogg
06-06 08:07:32.711 I/FFmpegExtractor(  288): list the formats suppoted by ffmpeg: 
06-06 08:07:32.711 I/FFmpegExtractor(  288): ========================================
06-06 08:07:32.711 I/FFmpegExtractor(  288): ========================================
06-06 08:07:32.711 I/FFmpegExtractor(  288): adjust mime(application/ogg -> audio/vorbis)
06-06 08:07:32.711 I/FFmpegExtractor(  288): sniff through BetterSniffFFMPEG success
06-06 08:07:32.711 I/FFMPEG  (  288): Input #0, ogg, from 'android-source:0xe9115000':
06-06 08:07:32.711 I/FFMPEG  (  288):   Duration: 00:00:00.23, start: 0.000000, bitrate: 293 kb/s
06-06 08:07:32.711 I/FFMPEG  (  288):     Stream #0:0: Audio: vorbis, 44100 Hz, stereo, fltp, 160 kb/s
06-06 08:07:32.711 I/FFmpegExtractor(  288): FFmpegExtrator, url: android-source:0xe9115000, format_name: ogg, format_long_name: Ogg
06-06 08:07:32.711 I/FFmpegExtractor(  288): list the formats suppoted by ffmpeg: 
06-06 08:07:32.711 I/FFmpegExtractor(  288): ========================================
06-06 08:07:32.711 I/FFmpegExtractor(  288): ========================================
06-06 08:07:32.711 I/FFmpegExtractor(  288): adjust mime(application/ogg -> audio/vorbis)
06-06 08:07:32.711 I/FFmpegExtractor(  288): sniff through BetterSniffFFMPEG success
06-06 08:07:32.721 I/mediaserver(  289): type=1400 audit(0.0:309): avc: denied { sendto } for path="/dev/socket/logdw" scontext=u:r:mediaserver:s0 tcontext=u:r:init:s0 tclass=unix_dgram_socket permissive=1
06-06 08:07:32.722 W/WifiNetworkHistory(  590): Upgrading network 0 to android.uid.system:1000
06-06 08:07:32.722 E/IpConfigStore(  590): Error parsing configuration: java.io.FileNotFoundException: /data/misc/wifi/ipconfig.txt (No such file or directory)
06-06 08:07:32.724 I/MediaPlayerService(  289): MediaPlayerService::getOMX
06-06 08:07:32.724 I/OMXClient(  289): MuxOMX ctor
06-06 08:07:32.725 I/mediacodec(  286): type=1400 audit(0.0:310): avc: denied { sendto } for path="/dev/socket/logdw" scontext=u:r:mediacodec:s0 tcontext=u:r:init:s0 tclass=unix_dgram_socket permissive=1
06-06 08:07:32.725 I/MediaPlayerService(  289): MediaPlayerService::getOMX
06-06 08:07:32.725 I/OMXClient(  289): MuxOMX ctor
06-06 08:07:32.725 I/OMXMaster(  286): makeComponentInstance(OMX.google.mp3.decoder) in mediacodec process
06-06 08:07:32.728 I/WifiConnectivityManager(  590): PNO settings: min5GHzRssi -82 min24GHzRssi -85 currentConnectionBonus 16 sameNetworkBonus 24 secureNetworkBonus 80 initialScoreMax 100
06-06 08:07:32.728 I/WifiConnectivityManager(  590): ConnectivityScanManager initialized 
06-06 08:07:32.728 E/WifiLogger(  590): no ring buffers found
06-06 08:07:32.728 E/WifiLogger(  590): Failed to start packet fate monitoring
06-06 08:07:32.737 I/Binder:277_2(  378): type=1400 audit(0.0:311): avc: denied { sendto } for path="/dev/socket/logdw" scontext=u:r:surfaceflinger:s0 tcontext=u:r:init:s0 tclass=unix_dgram_socket permissive=1
06-06 08:07:32.737 I/rild    (  294): type=1400 audit(0.0:312): avc: denied { accept } for path="/dev/socket/rild" scontext=u:r:rild:s0 tcontext=u:r:init:s0 tclass=unix_stream_socket permissive=1
06-06 08:07:32.737 I/rild    (  294): type=1400 audit(0.0:313): avc: denied { getopt } for path="/dev/socket/rild" scontext=u:r:rild:s0 tcontext=u:r:init:s0 tclass=unix_stream_socket permissive=1
06-06 08:07:32.737 I/rild    (  294): type=1400 audit(0.0:314): avc: denied { sendto } for path="/dev/socket/logdw" scontext=u:r:rild:s0 tcontext=u:r:init:s0 tclass=unix_dgram_socket permissive=1
06-06 08:07:32.737 I/rild    (  294): type=1400 audit(0.0:315): avc: denied { write } for path="socket:[13745]" dev="sockfs" ino=13745 scontext=u:r:rild:s0 tcontext=u:r:init:s0 tclass=unix_stream_socket permissive=1
06-06 08:07:32.737 I/WifiConnectivityManager(  590): Set WiFi enabled
06-06 08:07:32.737 I/WifiConnectivityManager(  590): scheduleWatchdogTimer
06-06 08:07:32.738 W/AlarmManager(  590): Unrecognized alarm listener com.android.server.wifi.WifiConnectivityManager$3@c7a5642
06-06 08:07:32.738 E/WifiScanner(  590): listener cannot be found
06-06 08:07:32.738 E/WifiConnectivityManager(  590): SingleScanListener onFailure: reason: -1 description: not available
06-06 08:07:32.765 I/rild    (  294): type=1400 audit(0.0:316): avc: denied { read } for path="socket:[13745]" dev="sockfs" ino=13745 scontext=u:r:rild:s0 tcontext=u:r:init:s0 tclass=unix_stream_socket permissive=1
06-06 08:07:32.767 E/BatteryStatsService(  590): no controller energy info supplied
06-06 08:07:32.768 E/BatteryStatsService(  590): no controller energy info supplied
06-06 08:07:32.769 I/MediaPlayerService(  289): MediaPlayerService::getOMX
06-06 08:07:32.769 I/OMXClient(  289): MuxOMX ctor
06-06 08:07:32.769 I/OMXMaster(  286): makeComponentInstance(OMX.google.amrnb.decoder) in mediacodec process
06-06 08:07:32.771 W/VibratorService(  590): Tried to stop vibrating but there is no vibrator device.
06-06 08:07:32.772 I/vol.Events(  670): writeEvent collection_started
06-06 08:07:32.778 I/Telecom (  590): WiredHeadsetManager: ACTION_HEADSET_PLUG event, plugged in: false, : WHC.oADA@AAE
06-06 08:07:32.780 I/MediaPlayerService(  289): MediaPlayerService::getOMX
06-06 08:07:32.780 I/OMXClient(  289): MuxOMX ctor
06-06 08:07:32.780 I/OMXMaster(  286): makeComponentInstance(OMX.google.amrwb.decoder) in mediacodec process
06-06 08:07:32.780 I/ActivityManager(  590): user 0 is still locked. Cannot load recents
06-06 08:07:32.784 I/MediaPlayerService(  289): MediaPlayerService::getOMX
06-06 08:07:32.785 I/OMXClient(  289): MuxOMX ctor
06-06 08:07:32.785 I/OMXMaster(  286): makeComponentInstance(OMX.google.aac.decoder) in mediacodec process
06-06 08:07:32.789 I/DefaultPermGrantPolicy(  590): Granting permissions to default dialer app for user:0
06-06 08:07:32.807 I/vol.Events(  670): writeEvent external_ringer_mode_changed normal
06-06 08:07:32.807 I/vol.Events(  670): writeEvent internal_ringer_mode_changed normal
06-06 08:07:32.810 I/Telecom (  590): PhoneAccountRegistrar: SimCallManager queried, returning: null: TSI.gSCM@AAM
06-06 08:07:32.819 I/art     (  708): System.exit called, status: 0
06-06 08:07:32.819 I/AndroidRuntime(  708): VM exiting with result code 0, cleanup skipped.
06-06 08:07:32.825 I/MediaPlayerService(  289): MediaPlayerService::getOMX
06-06 08:07:32.825 I/OMXClient(  289): MuxOMX ctor
06-06 08:07:32.825 I/OMXMaster(  286): makeComponentInstance(OMX.google.g711.alaw.decoder) in mediacodec process
06-06 08:07:32.850 I/WifiScanningService(  590): wifi driver loaded with scan capabilities: max buckets=16
06-06 08:07:32.851 I/OpenGLRenderer(  766): Initialized EGL, version 1.4
06-06 08:07:32.862 I/FusedLocation(  590): engine started (com.android.location.fused)
06-06 08:07:32.896 I/SystemServiceManager(  590): Starting phase 1000
06-06 08:07:32.907 I/ActivityManager(  590): Start proc 865:android.ext.services/u0a12 for on-hold
06-06 08:07:32.928 W/art     (  865): Unexpected CPU variant for X86 using defaults: x86_64
06-06 08:07:32.938 I/MediaPlayerService(  289): MediaPlayerService::getOMX
06-06 08:07:32.938 I/OMXClient(  289): MuxOMX ctor
06-06 08:07:32.938 I/OMXMaster(  286): makeComponentInstance(OMX.google.g711.mlaw.decoder) in mediacodec process
06-06 08:07:32.961 W/WindowManager(  590): Keyguard drawn timeout. Setting mKeyguardDrawComplete
06-06 08:07:32.991 I/MediaPlayerService(  289): MediaPlayerService::getOMX
06-06 08:07:32.991 I/OMXClient(  289): MuxOMX ctor
06-06 08:07:32.991 I/OMXMaster(  286): makeComponentInstance(OMX.google.vorbis.decoder) in mediacodec process
06-06 08:07:33.002 I/ActivityManager(  590): Start proc 884:com.android.smspush/u0a58 for service com.android.smspush/.WapPushManager
06-06 08:07:33.003 I/ActivityManager(  590): Displayed com.android.settings/.FallbackHome: +664ms
06-06 08:07:33.004 W/KeyguardServiceDelegate(  590): onScreenTurningOn(): no keyguard service!
06-06 08:07:33.021 W/System  (  865): ClassLoader referenced unknown path: /system/priv-app/ExtServices/lib/x86_64
06-06 08:07:33.025 I/art     (  670): Background sticky concurrent mark sweep GC freed 12133(1247KB) AllocSpace objects, 2(40KB) LOS objects, 40% free, 2MB/3MB, paused 9.986ms total 14.170ms
06-06 08:07:33.038 I/MediaPlayerService(  289): MediaPlayerService::getOMX
06-06 08:07:33.038 I/OMXClient(  289): MuxOMX ctor
06-06 08:07:33.038 I/OMXMaster(  286): makeComponentInstance(OMX.google.gsm.decoder) in mediacodec process
06-06 08:07:33.041 W/art     (  884): Unexpected CPU variant for X86 using defaults: x86_64
06-06 08:07:33.053 I/MediaPlayerService(  289): MediaPlayerService::getOMX
06-06 08:07:33.053 I/OMXClient(  289): MuxOMX ctor
06-06 08:07:33.053 I/OMXMaster(  286): makeComponentInstance(OMX.google.opus.decoder) in mediacodec process
06-06 08:07:33.058 W/art     (  904): Unexpected CPU variant for X86 using defaults: x86_64
06-06 08:07:33.058 I/ActivityManager(  590): Start proc 904:com.android.deskclock/u0a38 for broadcast com.android.deskclock/.AlarmInitReceiver
06-06 08:07:33.073 I/vol.Events(  670): writeEvent level_changed STREAM_ALARM 6
06-06 08:07:33.073 I/vol.Events(  670): writeEvent level_changed STREAM_BLUETOOTH_SCO 7
06-06 08:07:33.074 I/vol.Events(  670): writeEvent level_changed STREAM_MUSIC 11
06-06 08:07:33.074 I/vol.Events(  670): writeEvent level_changed STREAM_RING 5
06-06 08:07:33.074 I/vol.Events(  670): writeEvent level_changed STREAM_SYSTEM 5
06-06 08:07:33.075 I/vol.Events(  670): writeEvent level_changed STREAM_VOICE_CALL 4
06-06 08:07:33.081 W/System  (  884): ClassLoader referenced unknown path: /system/app/WAPPushManager/lib/x86_64
06-06 08:07:33.096 W/InputAttributes(  665): No editor info for this field. Bug?
06-06 08:07:33.115 W/System  (  904): ClassLoader referenced unknown path: /system/app/DeskClock/lib/x86_64
06-06 08:07:33.134 I/MediaPlayerService(  289): MediaPlayerService::getOMX
06-06 08:07:33.141 I/OMXClient(  289): MuxOMX ctor
06-06 08:07:33.141 I/OMXMaster(  286): makeComponentInstance(OMX.google.raw.decoder) in mediacodec process
06-06 08:07:33.146 I/MediaPlayerService(  289): MediaPlayerService::getOMX
06-06 08:07:33.146 I/OMXClient(  289): MuxOMX ctor
06-06 08:07:33.146 I/OMXMaster(  286): makeComponentInstance(OMX.google.flac.decoder) in mediacodec process
06-06 08:07:33.146 E/OMX     (  286): FAILED to allocate omx component 'OMX.google.flac.decoder' err=InvalidComponentName(0x80001002)
06-06 08:07:33.146 I/MediaPlayerService(  289): MediaPlayerService::getOMX
06-06 08:07:33.146 I/OMXClient(  289): MuxOMX ctor
06-06 08:07:33.146 I/OMXMaster(  286): makeComponentInstance(OMX.google.mp2.decoder) in mediacodec process
06-06 08:07:33.146 E/OMX     (  286): FAILED to allocate omx component 'OMX.google.mp2.decoder' err=InvalidComponentName(0x80001002)
06-06 08:07:33.146 I/MediaPlayerService(  289): MediaPlayerService::getOMX
06-06 08:07:33.146 I/OMXClient(  289): MuxOMX ctor
06-06 08:07:33.146 I/OMXMaster(  286): makeComponentInstance(OMX.google.ac3.decoder) in mediacodec process
06-06 08:07:33.147 E/OMX     (  286): FAILED to allocate omx component 'OMX.google.ac3.decoder' err=InvalidComponentName(0x80001002)
06-06 08:07:33.147 I/MediaPlayerService(  289): MediaPlayerService::getOMX
06-06 08:07:33.147 I/OMXClient(  289): MuxOMX ctor
06-06 08:07:33.147 I/OMXMaster(  286): makeComponentInstance(OMX.ffmpeg.pcm.decoder) in mediacodec process
06-06 08:07:33.158 E/linker  (  286): library /system/lib/libavcodec.so with text relocation is whitelisted
06-06 08:07:33.158 W/linker  (  286): /system/lib/libavcodec.so has text relocations. This is wasting memory and prevents security hardening. Please fix.
06-06 08:07:33.158 E/linker  (  286): library /system/lib/libavcodec.so with text relocation is whitelisted
06-06 08:07:33.159 E/linker  (  286): library /system/lib/libswresample.so with text relocation is whitelisted
06-06 08:07:33.159 W/linker  (  286): /system/lib/libswresample.so has text relocations. This is wasting memory and prevents security hardening. Please fix.
06-06 08:07:33.159 E/linker  (  286): library /system/lib/libswresample.so with text relocation is whitelisted
06-06 08:07:33.191 I/MediaPlayerService(  289): MediaPlayerService::getOMX
06-06 08:07:33.191 I/OMXClient(  289): MuxOMX ctor
06-06 08:07:33.191 I/OMXMaster(  286): makeComponentInstance(OMX.google.h263.decoder) in mediacodec process
06-06 08:07:33.207 E/BluetoothAdapter(  738): Bluetooth binder is null
06-06 08:07:33.220 I/ActivityManager(  590): Start proc 940:android.process.acore/u0a1 for content provider com.android.providers.contacts/.ContactsProvider2
06-06 08:07:33.221 I/BackupManagerService(  590): Found stale backup journal, scheduling
06-06 08:07:33.222 W/art     (  940): Unexpected CPU variant for X86 using defaults: x86_64
06-06 08:07:33.225 I/BackupManagerService(  590): Backup enabled => false
06-06 08:07:33.237 E/OMXNodeInstance(  286): getExtensionIndex(11e000c:google.h263.decoder, OMX.google.android.index.configureVideoTunnelMode) ERROR: UnsupportedIndex(0x8000101a)
06-06 08:07:33.237 W/OMXNodeInstance(  286): [11e000c:google.h263.decoder] component does not support metadata mode; using fallback
06-06 08:07:33.238 I/MediaPlayerService(  289): MediaPlayerService::getOMX
06-06 08:07:33.240 I/OMXClient(  289): MuxOMX ctor
06-06 08:07:33.240 I/OMXMaster(  286): makeComponentInstance(OMX.google.h264.decoder) in mediacodec process
06-06 08:07:33.244 W/VoiceInteractionManagerService(  590): no available voice interaction services found for user 0
06-06 08:07:33.244 W/VoiceInteractionManagerService(  590): no available voice recognition services found for user 0
06-06 08:07:33.254 I/Telephony(  738): TtyManager: updateUiTtyMode -1 -> 0
06-06 08:07:33.259 I/ActivityManager(  590): Start proc 963:com.android.printspooler/u0a56 for service com.android.printspooler/.model.PrintSpoolerService
06-06 08:07:33.274 W/System  (  940): ClassLoader referenced unknown path: /system/priv-app/ContactsProvider/lib/x86_64
06-06 08:07:33.274 I/ActivityManager(  590): Loading recents for user 0 into memory.
06-06 08:07:33.277 I/org.webrtc.Logging(  743): EglBase14Impl: SDK version: 24. isEGL14Supported: true
06-06 08:07:33.277 I/org.webrtc.Logging(  743): EglBase14Impl: Using OpenGL ES version 2
06-06 08:07:33.282 I/GnssLocationProvider(  590): WakeLock acquired by sendMessage(12, 0, null)
06-06 08:07:33.295 I/StatusBarManagerService(  590): registerStatusBar bar=com.android.internal.statusbar.IStatusBar$Stub$Proxy@742cd7e
06-06 08:07:33.301 I/org.webrtc.Logging(  743): NativeLibrary: Loading native library: jingle_peerconnection_so
06-06 08:07:33.301 I/org.webrtc.Logging(  743): NativeLibrary: Loading library: jingle_peerconnection_so
06-06 08:07:33.308 W/art     (  963): Unexpected CPU variant for X86 using defaults: x86_64
06-06 08:07:33.313 I/ActivityManager(  590): Start proc 971:com.genymotion.systempatcher/1000 for added application com.genymotion.systempatcher
06-06 08:07:33.332 I/org.webrtc.Logging(  743): PeerConnectionFactory: PeerConnectionFactory was initialized without an injected Loggable. Any existing Loggable will be deleted.
06-06 08:07:33.334 I/ActivityManager(  590): Start proc 978:com.genymotion.genyd/1000 for added application com.genymotion.genyd
06-06 08:07:33.344 W/art     (  971): Unexpected CPU variant for X86 using defaults: x86_64
06-06 08:07:33.355 I/AccountManagerService(  590): User 0 is unlocked - opening CE database
06-06 08:07:33.356 I/org.webrtc.Logging(  743): WebRtcAudioManagerExternal: Sample rate is set to 44100 Hz
06-06 08:07:33.356 I/org.webrtc.Logging(  743): WebRtcAudioManagerExternal: Sample rate is set to 44100 Hz
06-06 08:07:33.356 I/org.webrtc.Logging(  743): JavaAudioDeviceModule: createAudioDeviceModule
06-06 08:07:33.356 I/org.webrtc.Logging(  743): JavaAudioDeviceModule: HW NS will not be used.
06-06 08:07:33.356 I/org.webrtc.Logging(  743): JavaAudioDeviceModule: HW AEC will not be used.
06-06 08:07:33.357 I/org.webrtc.Logging(  743): WebRtcAudioEffectsExternal: ctor@[name=Thread-2, id=36]
06-06 08:07:33.357 I/org.webrtc.Logging(  743): WebRtcAudioRecordExternal: ctor@[name=Thread-2, id=36]
06-06 08:07:33.357 I/org.webrtc.Logging(  743): WebRtcAudioTrackExternal: ctor@[name=Thread-2, id=36]
06-06 08:07:33.358 W/ACodec  (  289): [OMX.google.h264.decoder] stopping checking profiles after 32: 2/8000
06-06 08:07:33.358 E/OMXNodeInstance(  286): getExtensionIndex(11e000d:google.h264.decoder, OMX.google.android.index.configureVideoTunnelMode) ERROR: UnsupportedIndex(0x8000101a)
06-06 08:07:33.358 W/OMXNodeInstance(  286): [11e000d:google.h264.decoder] component does not support metadata mode; using fallback
06-06 08:07:33.381 I/main    (  278): type=1400 audit(0.0:354): avc: denied { write } for path="/dev/socket/zygote" scontext=u:r:zygote:s0 tcontext=u:r:init:s0 tclass=unix_stream_socket permissive=1
06-06 08:07:33.384 I/ActivityManager(  590): Start proc 1010:com.android.keychain/1000 for service com.android.keychain/.KeyChainService
06-06 08:07:33.384 W/art     (  978): Unexpected CPU variant for X86 using defaults: x86_64
06-06 08:07:33.393 I/JDWP    (  983): type=1400 audit(0.0:355): avc: denied { connectto } for path=006A6477702D636F6E74726F6C scontext=u:r:untrusted_app:s0:c512,c768 tcontext=u:r:init:s0 tclass=unix_stream_socket permissive=1
06-06 08:07:33.397 I/Thread-2( 1025): type=1400 audit(0.0:356): avc: denied { write } for name="audio_out" dev="tmpfs" ino=9286 scontext=u:r:system_app:s0 tcontext=u:object_r:socket_device:s0 tclass=sock_file permissive=1
06-06 08:07:33.397 I/audioserver(  408): type=1400 audit(0.0:357): avc: denied { getopt } for path="/dev/socket/audio_out" scontext=u:r:audioserver:s0 tcontext=u:r:init:s0 tclass=unix_stream_socket permissive=1
06-06 08:07:33.397 I/audioserver(  408): type=1400 audit(0.0:358): avc: denied { setopt } for path="/dev/socket/audio_out" scontext=u:r:audioserver:s0 tcontext=u:r:init:s0 tclass=unix_stream_socket permissive=1
06-06 08:07:33.397 I/ActivityManager(  590): START u0 {act=android.intent.action.MAIN cat=[android.intent.category.HOME] flg=0x10000100 cmp=com.android.launcher3/.Launcher} from uid 0 on display 0
06-06 08:07:33.399 I/MediaPlayerService(  289): MediaPlayerService::getOMX
06-06 08:07:33.399 I/OMXClient(  289): MuxOMX ctor
06-06 08:07:33.399 I/OMXMaster(  286): makeComponentInstance(OMX.google.vp8.decoder) in mediacodec process
06-06 08:07:33.400 I/genymotion_audio(  280): pcm server connected
06-06 08:07:33.400 I/genymotion_audio(  280): pcm server starting
06-06 08:07:33.426 W/art     ( 1010): Unexpected CPU variant for X86 using defaults: x86_64
06-06 08:07:33.437 I/lmkd    (  265): type=1400 audit(0.0:359): avc: denied { read } for path="socket:[12776]" dev="sockfs" ino=12776 scontext=u:r:lmkd:s0 tcontext=u:r:init:s0 tclass=unix_stream_socket permissive=1
06-06 08:07:33.440 I/ActivityManager(  590): Start proc 1046:com.android.launcher3/u0a14 for activity com.android.launcher3/.Launcher
06-06 08:07:33.440 I/WindowManager(  590): Destroying surface Surface(name=com.android.settings/com.android.settings.FallbackHome) called by com.android.server.wm.WindowStateAnimator.destroySurface:2016 com.android.server.wm.WindowStateAnimator.destroySurfaceLocked:882 com.android.server.wm.WindowState.destroyOrSaveSurface:2100 com.android.server.wm.WindowManagerService.tryStartExitingAnimation:3030 com.android.server.wm.WindowManagerService.relayoutWindow:2910 com.android.server.wm.Session.relayout:224 android.view.IWindowSession$Stub.onTransact:286 com.android.server.wm.Session.onTransact:145 
06-06 08:07:33.441 W/System  (  971): ClassLoader referenced unknown path: /system/app/SystemPatcher/lib/x86_64
06-06 08:07:33.455 I/AlarmClock(  904): AlarmInitReceiver android.intent.action.LOCKED_BOOT_COMPLETED
06-06 08:07:33.456 W/art     ( 1046): Unexpected CPU variant for X86 using defaults: x86_64
06-06 08:07:33.457 E/OMXNodeInstance(  286): getExtensionIndex(11e000e:google.vp8.decoder, OMX.google.android.index.configureVideoTunnelMode) ERROR: UnsupportedIndex(0x8000101a)
06-06 08:07:33.457 W/OMXNodeInstance(  286): [11e000e:google.vp8.decoder] component does not support metadata mode; using fallback
06-06 08:07:33.485 I/MediaPlayerService(  289): MediaPlayerService::getOMX
06-06 08:07:33.485 I/OMXClient(  289): MuxOMX ctor
06-06 08:07:33.485 I/OMXMaster(  286): makeComponentInstance(OMX.google.vp9.decoder) in mediacodec process
06-06 08:07:33.497 W/System  (  978): ClassLoader referenced unknown path: /system/app/GenydService/lib/x86_64
06-06 08:07:33.506 I/SystemPatcherService(  971): Starting up
06-06 08:07:33.518 E/OMXNodeInstance(  286): getExtensionIndex(11e000f:google.vp9.decoder, OMX.google.android.index.configureVideoTunnelMode) ERROR: UnsupportedIndex(0x8000101a)
06-06 08:07:33.518 W/OMXNodeInstance(  286): [11e000f:google.vp9.decoder] component does not support metadata mode; using fallback
06-06 08:07:33.520 I/MediaPlayerService(  289): MediaPlayerService::getOMX
06-06 08:07:33.520 I/OMXClient(  289): MuxOMX ctor
06-06 08:07:33.520 I/OMXMaster(  286): makeComponentInstance(OMX.google.hevc.decoder) in mediacodec process
06-06 08:07:33.522 W/ContextImpl(  978): Calling a method in the system process without a qualified user: android.app.ContextImpl.startService:1385 android.content.ContextWrapper.startService:613 com.genymotion.genyd.GenydServiceApp.onCreate:16 android.app.Instrumentation.callApplicationOnCreate:1024 android.app.ActivityThread.handleBindApplication:5361 
06-06 08:07:33.526 W/System  (  940): ClassLoader referenced unknown path: /system/priv-app/BlockedNumberProvider/lib/x86_64
06-06 08:07:33.535 W/System  ( 1046): ClassLoader referenced unknown path: /system/priv-app/Launcher3/lib/x86_64
06-06 08:07:33.537 I/servicemanager(  274): type=1400 audit(0.0:360): avc: denied { sendto } for path="/dev/socket/logdw" scontext=u:r:servicemanager:s0 tcontext=u:r:init:s0 tclass=unix_dgram_socket permissive=1
06-06 08:07:33.537 W/System  ( 1010): ClassLoader referenced unknown path: /system/app/KeyChain/lib/x86_64
06-06 08:07:33.540 I/ActivityManager(  590): Start proc 1081:com.genymobile.genymotionacme/1000 for broadcast com.genymobile.genymotionacme/.BootBroadcastReceiver
06-06 08:07:33.541 E/SELinux (  274): avc:  denied  { add } for service=Genyd pid=978 uid=1000 scontext=u:r:system_app:s0 tcontext=u:object_r:default_android_service:s0 tclass=service_manager permissive=1
06-06 08:07:33.557 W/art     ( 1081): Unexpected CPU variant for X86 using defaults: x86_64
06-06 08:07:33.557 I/SystemPatcherApp(  971): Registered com.genymotion.systempatcher.SystemPatcherService as SystemPatcher
06-06 08:07:33.561 I/netd    (  560): type=1400 audit(0.0:361): avc: denied { accept } for path="/dev/socket/dnsproxyd" scontext=u:r:netd:s0 tcontext=u:r:init:s0 tclass=unix_stream_socket permissive=1
06-06 08:07:33.561 I/netd    (  560): type=1400 audit(0.0:362): avc: denied { getopt } for path="/dev/socket/dnsproxyd" scontext=u:r:netd:s0 tcontext=u:r:init:s0 tclass=unix_stream_socket permissive=1
06-06 08:07:33.561 I/netd    (  560): type=1400 audit(0.0:363): avc: denied { read } for path="socket:[14022]" dev="sockfs" ino=14022 scontext=u:r:netd:s0 tcontext=u:r:init:s0 tclass=unix_stream_socket permissive=1
06-06 08:07:33.561 I/rild    (  294): type=1400 audit(0.0:364): avc: denied { read } for path="socket:[13745]" dev="sockfs" ino=13745 scontext=u:r:rild:s0 tcontext=u:r:init:s0 tclass=unix_stream_socket permissive=1
